train 0/219
val 0/55
train 0/219
val 0/55
train 0/219
val 0/55
train 0/219
val 0/55
train 0/219
val 0/55
Trial 01/15 | val_loss = 0.067692 | config = {'batch_size': 500, 'lr': 0.0006005288202683083, 'num_heads': 2}

Best configuration found so far: 
{'batch_size': 500, 'lr': 0.0006005288202683083, 'num_heads': 2}
Validation loss: 0.067692
train 0/547
val 0/137
train 0/547
val 0/137
train 0/547
val 0/137
train 0/547
val 0/137
train 0/547
val 0/137
Trial 02/15 | val_loss = 0.688748 | config = {'batch_size': 200, 'lr': 0.0037483216628479265, 'num_heads': 3}

Best configuration found so far: 
{'batch_size': 500, 'lr': 0.0006005288202683083, 'num_heads': 2}
Validation loss: 0.067692
train 0/547
val 0/137
train 0/547
val 0/137
train 0/547
val 0/137
train 0/547
val 0/137
train 0/547
val 0/137
Trial 03/15 | val_loss = 0.048288 | config = {'batch_size': 200, 'lr': 0.0008663279761354554, 'num_heads': 2}

Best configuration found so far: 
{'batch_size': 200, 'lr': 0.0008663279761354554, 'num_heads': 2}
Validation loss: 0.048288
train 0/10937
train 2000/10937
train 4000/10937
train 6000/10937
train 8000/10937
train 10000/10937
val 0/2735
val 2000/2735
train 0/10937
train 2000/10937
train 4000/10937
train 6000/10937
train 8000/10937
train 10000/10937
val 0/2735
val 2000/2735
train 0/10937
train 2000/10937
train 4000/10937
train 6000/10937
train 8000/10937
train 10000/10937
val 0/2735
val 2000/2735
train 0/10937
train 2000/10937
train 4000/10937
train 6000/10937
train 8000/10937
train 10000/10937
val 0/2735
val 2000/2735
train 0/10937
train 2000/10937
train 4000/10937
train 6000/10937
train 8000/10937
train 10000/10937
val 0/2735
val 2000/2735
Trial 04/15 | val_loss = 0.683983 | config = {'batch_size': 10, 'lr': 0.007780155576901415, 'num_heads': 6}

Best configuration found so far: 
{'batch_size': 200, 'lr': 0.0008663279761354554, 'num_heads': 2}
Validation loss: 0.048288
train 0/2188
train 2000/2188
val 0/547
train 0/2188
train 2000/2188
val 0/547
train 0/2188
train 2000/2188
val 0/547
train 0/2188
train 2000/2188
val 0/547
train 0/2188
train 2000/2188
val 0/547
Trial 05/15 | val_loss = 0.135588 | config = {'batch_size': 50, 'lr': 0.0023723300729921923, 'num_heads': 6}

Best configuration found so far: 
{'batch_size': 200, 'lr': 0.0008663279761354554, 'num_heads': 2}
Validation loss: 0.048288
train 0/10937
train 2000/10937
train 4000/10937
train 6000/10937
train 8000/10937
train 10000/10937
val 0/2735
val 2000/2735
train 0/10937
train 2000/10937
train 4000/10937
train 6000/10937
train 8000/10937
train 10000/10937
val 0/2735
val 2000/2735
train 0/10937
train 2000/10937
train 4000/10937
train 6000/10937
train 8000/10937
train 10000/10937
val 0/2735
val 2000/2735
train 0/10937
train 2000/10937
train 4000/10937
train 6000/10937
train 8000/10937
train 10000/10937
val 0/2735
val 2000/2735
train 0/10937
train 2000/10937
train 4000/10937
train 6000/10937
train 8000/10937
train 10000/10937
val 0/2735
val 2000/2735
Trial 06/15 | val_loss = 0.054146 | config = {'batch_size': 10, 'lr': 0.0001507836973186829, 'num_heads': 3}

Best configuration found so far: 
{'batch_size': 200, 'lr': 0.0008663279761354554, 'num_heads': 2}
Validation loss: 0.048288
train 0/10937
train 2000/10937
train 4000/10937
train 6000/10937
train 8000/10937
train 10000/10937
val 0/2735
val 2000/2735
train 0/10937
train 2000/10937
train 4000/10937
train 6000/10937
train 8000/10937
train 10000/10937
val 0/2735
val 2000/2735
train 0/10937
train 2000/10937
train 4000/10937
train 6000/10937
train 8000/10937
train 10000/10937
val 0/2735
val 2000/2735
train 0/10937
train 2000/10937
train 4000/10937
train 6000/10937
train 8000/10937
train 10000/10937
val 0/2735
val 2000/2735
train 0/10937
train 2000/10937
train 4000/10937
train 6000/10937
train 8000/10937
train 10000/10937
val 0/2735
val 2000/2735
Trial 07/15 | val_loss = 0.696461 | config = {'batch_size': 10, 'lr': 1.8255254802399e-05, 'num_heads': 2}

Best configuration found so far: 
{'batch_size': 200, 'lr': 0.0008663279761354554, 'num_heads': 2}
Validation loss: 0.048288
train 0/547
val 0/137
train 0/547
val 0/137
train 0/547
val 0/137
train 0/547
val 0/137
train 0/547
val 0/137
Trial 08/15 | val_loss = 0.107411 | config = {'batch_size': 200, 'lr': 0.007438159327920404, 'num_heads': 2}

Best configuration found so far: 
{'batch_size': 200, 'lr': 0.0008663279761354554, 'num_heads': 2}
Validation loss: 0.048288
train 0/1094
val 0/274
train 0/1094
val 0/274
train 0/1094
val 0/274
train 0/1094
val 0/274
train 0/1094
val 0/274
Trial 09/15 | val_loss = 0.055982 | config = {'batch_size': 100, 'lr': 0.0002635264040018726, 'num_heads': 3}

Best configuration found so far: 
{'batch_size': 200, 'lr': 0.0008663279761354554, 'num_heads': 2}
Validation loss: 0.048288
train 0/547
val 0/137
train 0/547
val 0/137
train 0/547
val 0/137
train 0/547
val 0/137
train 0/547
val 0/137
Trial 10/15 | val_loss = 0.618257 | config = {'batch_size': 200, 'lr': 0.0003642775765463241, 'num_heads': 6}

Best configuration found so far: 
{'batch_size': 200, 'lr': 0.0008663279761354554, 'num_heads': 2}
Validation loss: 0.048288
train 0/10937
train 2000/10937
train 4000/10937
train 6000/10937
train 8000/10937
train 10000/10937
val 0/2735
val 2000/2735
train 0/10937
train 2000/10937
train 4000/10937
train 6000/10937
train 8000/10937
train 10000/10937
val 0/2735
val 2000/2735
train 0/10937
train 2000/10937
train 4000/10937
train 6000/10937
train 8000/10937
train 10000/10937
val 0/2735
val 2000/2735
train 0/10937
train 2000/10937
train 4000/10937
train 6000/10937
train 8000/10937
train 10000/10937
val 0/2735
val 2000/2735
train 0/10937
train 2000/10937
train 4000/10937
train 6000/10937
train 8000/10937
train 10000/10937
val 0/2735
val 2000/2735
Trial 11/15 | val_loss = 0.086435 | config = {'batch_size': 10, 'lr': 0.0005572619319129035, 'num_heads': 3}

Best configuration found so far: 
{'batch_size': 200, 'lr': 0.0008663279761354554, 'num_heads': 2}
Validation loss: 0.048288
train 0/10937
train 2000/10937
train 4000/10937
train 6000/10937
train 8000/10937
train 10000/10937
val 0/2735
val 2000/2735
train 0/10937
train 2000/10937
train 4000/10937
train 6000/10937
train 8000/10937
train 10000/10937
val 0/2735
val 2000/2735
train 0/10937
train 2000/10937
train 4000/10937
train 6000/10937
train 8000/10937
train 10000/10937
val 0/2735
val 2000/2735
train 0/10937
train 2000/10937
train 4000/10937
train 6000/10937
train 8000/10937
train 10000/10937
val 0/2735
val 2000/2735
train 0/10937
train 2000/10937
train 4000/10937
train 6000/10937
train 8000/10937
train 10000/10937
val 0/2735
val 2000/2735
Trial 12/15 | val_loss = 0.118339 | config = {'batch_size': 10, 'lr': 0.00036774346621052127, 'num_heads': 2}

Best configuration found so far: 
{'batch_size': 200, 'lr': 0.0008663279761354554, 'num_heads': 2}
Validation loss: 0.048288
train 0/547
val 0/137
train 0/547
val 0/137
train 0/547
val 0/137
train 0/547
val 0/137
train 0/547
val 0/137
Trial 13/15 | val_loss = 0.084016 | config = {'batch_size': 200, 'lr': 3.6224052114559613e-05, 'num_heads': 6}

Best configuration found so far: 
{'batch_size': 200, 'lr': 0.0008663279761354554, 'num_heads': 2}
Validation loss: 0.048288
train 0/219
val 0/55
train 0/219
val 0/55
train 0/219
val 0/55
train 0/219
val 0/55
train 0/219
val 0/55
Trial 14/15 | val_loss = 0.072797 | config = {'batch_size': 500, 'lr': 0.0005073432032394333, 'num_heads': 2}

Best configuration found so far: 
{'batch_size': 200, 'lr': 0.0008663279761354554, 'num_heads': 2}
Validation loss: 0.048288
train 0/219
val 0/55
train 0/219
val 0/55
train 0/219
val 0/55
train 0/219
val 0/55
train 0/219
val 0/55
Trial 15/15 | val_loss = 0.036822 | config = {'batch_size': 500, 'lr': 0.0007126995609048575, 'num_heads': 6}

Best configuration found so far: 
{'batch_size': 500, 'lr': 0.0007126995609048575, 'num_heads': 6}
Validation loss: 0.036822

Best configuration found
{'batch_size': 500, 'lr': 0.0007126995609048575, 'num_heads': 6}
Validation loss: 0.036822
hp_tuning executed

scontrol show job 619539
JobId=619539 JobName=hp_downsample_EBAM_CNN
   UserId=kostouso(3148724) GroupId=ngrisoua(6002522) MCS_label=N/A
   Priority=161051 Nice=0 Account=def-ngrisoua QOS=normal
   JobState=COMPLETING Reason=None Dependency=(null)
   Requeue=0 Restarts=0 BatchFlag=1 Reboot=0 ExitCode=0:0
   RunTime=01:40:40 TimeLimit=1-00:00:00 TimeMin=N/A
   SubmitTime=2025-06-13T12:25:38 EligibleTime=2025-06-13T12:25:38
   AccrueTime=2025-06-13T12:25:38
   StartTime=2025-06-13T12:25:42 EndTime=2025-06-13T14:06:22 Deadline=N/A
   SuspendTime=None SecsPreSuspend=0 LastSchedEval=2025-06-13T12:25:42 Scheduler=Backfill
   Partition=compute AllocNode:Sid=mist-login01:195216
   ReqNodeList=(null) ExcNodeList=(null)
   NodeList=mist051
   BatchHost=mist051
   NumNodes=1 NumCPUs=8 NumTasks=1 CPUs/Task=8 ReqB:S:C:T=0:0:*:*
   ReqTRES=cpu=8,mem=58800M,node=1,billing=1,gres/gpu=1
   AllocTRES=cpu=8,mem=58800M,node=1,billing=1,gres/gpu=1
   Socks/Node=* NtasksPerN:B:S:C=0:0:*:* CoreSpec=*
   MinCPUsNode=8 MinMemoryNode=58800M MinTmpDiskNode=0
   Features=(null) DelayBoot=00:00:00
   OverSubscribe=OK Contiguous=0 Licenses=(null) Network=(null)
   Command=/gpfs/fs0/scratch/n/ngrisoua/kostouso/OceanPropInfSatImgScratch/OceanPropInfSatImg/jobs/hp_tuning_EBAM_CNN_downsample.slurm
   WorkDir=/gpfs/fs0/scratch/n/ngrisoua/kostouso/OceanPropInfSatImgScratch/OceanPropInfSatImg
   Comment=/opt/slurm/bin/sbatch --export=NONE jobs/hp_tuning_EBAM_CNN_downsample.slurm 
   StdErr=/scratch/n/ngrisoua/kostouso/logs/hp_downsample_EBAM_CNN_619539.out
   StdIn=/dev/null
   StdOut=/scratch/n/ngrisoua/kostouso/logs/hp_downsample_EBAM_CNN_619539.out
   TresPerNode=gres/gpu:1
   TresPerTask=cpu=8
   

sacct -j 619539
JobID           JobName    Account    Elapsed  MaxVMSize     MaxRSS  SystemCPU    UserCPU ExitCode 
------------ ---------- ---------- ---------- ---------- ---------- ---------- ---------- -------- 
619539       hp_downsa+ def-ngris+   01:40:41                         00:00:00   00:00:00      0:0 
619539.batch      batch def-ngris+   01:40:41                         00:00:00   00:00:00      0:0 
619539.exte+     extern def-ngris+   01:40:41                         00:00:00   00:00:00      0:0 
