train 0/219
val 0/55
train 0/219
val 0/55
train 0/219
val 0/55
train 0/219
val 0/55
train 0/219
val 0/55
Trial 01/15 | val_loss = 0.076451 | config = {'batch_size': 500, 'first_layer_filters': 64, 'kernel_size': 3, 'lr': 0.0034103365984137555}

Best configuration found so far: 
{'batch_size': 500,
 'first_layer_filters': 64,
 'kernel_size': 3,
 'lr': 0.0034103365984137555}
Validation loss: 0.076451
train 0/547
val 0/137
train 0/547
val 0/137
train 0/547
val 0/137
train 0/547
val 0/137
train 0/547
val 0/137
Trial 02/15 | val_loss = 0.052309 | config = {'batch_size': 200, 'first_layer_filters': 64, 'kernel_size': 3, 'lr': 0.00018662266976517968}

Best configuration found so far: 
{'batch_size': 200,
 'first_layer_filters': 64,
 'kernel_size': 3,
 'lr': 0.00018662266976517968}
Validation loss: 0.052309
train 0/1094
val 0/274
train 0/1094
val 0/274
train 0/1094
val 0/274
train 0/1094
val 0/274
train 0/1094
val 0/274
Trial 03/15 | val_loss = 0.102426 | config = {'batch_size': 100, 'first_layer_filters': 8, 'kernel_size': 3, 'lr': 0.0047349893044994745}

Best configuration found so far: 
{'batch_size': 200,
 'first_layer_filters': 64,
 'kernel_size': 3,
 'lr': 0.00018662266976517968}
Validation loss: 0.052309
train 0/10937
train 2000/10937
train 4000/10937
train 6000/10937
train 8000/10937
train 10000/10937
val 0/2735
val 2000/2735
train 0/10937
train 2000/10937
train 4000/10937
train 6000/10937
train 8000/10937
train 10000/10937
val 0/2735
val 2000/2735
train 0/10937
train 2000/10937
train 4000/10937
train 6000/10937
train 8000/10937
train 10000/10937
val 0/2735
val 2000/2735
train 0/10937
train 2000/10937
train 4000/10937
train 6000/10937
train 8000/10937
train 10000/10937
val 0/2735
val 2000/2735
train 0/10937
train 2000/10937
train 4000/10937
train 6000/10937
train 8000/10937
train 10000/10937
val 0/2735
val 2000/2735
Trial 04/15 | val_loss = 0.124822 | config = {'batch_size': 10, 'first_layer_filters': 8, 'kernel_size': 1, 'lr': 0.0002710162626224751}

Best configuration found so far: 
{'batch_size': 200,
 'first_layer_filters': 64,
 'kernel_size': 3,
 'lr': 0.00018662266976517968}
Validation loss: 0.052309
train 0/10937
train 2000/10937
train 4000/10937
train 6000/10937
train 8000/10937
train 10000/10937
val 0/2735
val 2000/2735
train 0/10937
train 2000/10937
train 4000/10937
train 6000/10937
train 8000/10937
train 10000/10937
val 0/2735
val 2000/2735
train 0/10937
train 2000/10937
train 4000/10937
train 6000/10937
train 8000/10937
train 10000/10937
val 0/2735
val 2000/2735
train 0/10937
train 2000/10937
train 4000/10937
train 6000/10937
train 8000/10937
train 10000/10937
val 0/2735
val 2000/2735
train 0/10937
train 2000/10937
train 4000/10937
train 6000/10937
train 8000/10937
train 10000/10937
val 0/2735
val 2000/2735
Trial 05/15 | val_loss = 0.072333 | config = {'batch_size': 10, 'first_layer_filters': 16, 'kernel_size': 3, 'lr': 0.0032228217847874063}

Best configuration found so far: 
{'batch_size': 200,
 'first_layer_filters': 64,
 'kernel_size': 3,
 'lr': 0.00018662266976517968}
Validation loss: 0.052309
train 0/10937
train 2000/10937
train 4000/10937
train 6000/10937
train 8000/10937
train 10000/10937
val 0/2735
val 2000/2735
train 0/10937
train 2000/10937
train 4000/10937
train 6000/10937
train 8000/10937
train 10000/10937
val 0/2735
val 2000/2735
train 0/10937
train 2000/10937
train 4000/10937
train 6000/10937
train 8000/10937
train 10000/10937
val 0/2735
val 2000/2735
train 0/10937
train 2000/10937
train 4000/10937
train 6000/10937
train 8000/10937
train 10000/10937
val 0/2735
val 2000/2735
train 0/10937
train 2000/10937
train 4000/10937
train 6000/10937
train 8000/10937
train 10000/10937
val 0/2735
val 2000/2735
Trial 06/15 | val_loss = 0.114799 | config = {'batch_size': 10, 'first_layer_filters': 16, 'kernel_size': 1, 'lr': 1.149887074711945e-05}

Best configuration found so far: 
{'batch_size': 200,
 'first_layer_filters': 64,
 'kernel_size': 3,
 'lr': 0.00018662266976517968}
Validation loss: 0.052309
train 0/547
val 0/137
train 0/547
val 0/137
train 0/547
val 0/137
train 0/547
val 0/137
train 0/547
val 0/137
Trial 07/15 | val_loss = 0.078606 | config = {'batch_size': 200, 'first_layer_filters': 16, 'kernel_size': 1, 'lr': 2.6366491360378398e-05}

Best configuration found so far: 
{'batch_size': 200,
 'first_layer_filters': 64,
 'kernel_size': 3,
 'lr': 0.00018662266976517968}
Validation loss: 0.052309
train 0/10937
train 2000/10937
train 4000/10937
train 6000/10937
train 8000/10937
train 10000/10937
val 0/2735
val 2000/2735
train 0/10937
train 2000/10937
train 4000/10937
train 6000/10937
train 8000/10937
train 10000/10937
val 0/2735
val 2000/2735
train 0/10937
train 2000/10937
train 4000/10937
train 6000/10937
train 8000/10937
train 10000/10937
val 0/2735
val 2000/2735
train 0/10937
train 2000/10937
train 4000/10937
train 6000/10937
train 8000/10937
train 10000/10937
val 0/2735
val 2000/2735
train 0/10937
train 2000/10937
train 4000/10937
train 6000/10937
train 8000/10937
train 10000/10937
val 0/2735
val 2000/2735
Trial 08/15 | val_loss = 0.088445 | config = {'batch_size': 10, 'first_layer_filters': 32, 'kernel_size': 3, 'lr': 0.002497328610406057}

Best configuration found so far: 
{'batch_size': 200,
 'first_layer_filters': 64,
 'kernel_size': 3,
 'lr': 0.00018662266976517968}
Validation loss: 0.052309
train 0/547
val 0/137
train 0/547
val 0/137
train 0/547
val 0/137
train 0/547
val 0/137
train 0/547
val 0/137
Trial 09/15 | val_loss = 0.035085 | config = {'batch_size': 200, 'first_layer_filters': 16, 'kernel_size': 3, 'lr': 0.001088024288293846}

Best configuration found so far: 
{'batch_size': 200,
 'first_layer_filters': 16,
 'kernel_size': 3,
 'lr': 0.001088024288293846}
Validation loss: 0.035085
train 0/10937
train 2000/10937
train 4000/10937
train 6000/10937
train 8000/10937
train 10000/10937
val 0/2735
val 2000/2735
train 0/10937
train 2000/10937
train 4000/10937
train 6000/10937
train 8000/10937
train 10000/10937
val 0/2735
val 2000/2735
train 0/10937
train 2000/10937
train 4000/10937
train 6000/10937
train 8000/10937
train 10000/10937
val 0/2735
val 2000/2735
train 0/10937
train 2000/10937
train 4000/10937
train 6000/10937
train 8000/10937
train 10000/10937
val 0/2735
val 2000/2735
train 0/10937
train 2000/10937
train 4000/10937
train 6000/10937
train 8000/10937
train 10000/10937
val 0/2735
val 2000/2735
Trial 10/15 | val_loss = 0.041002 | config = {'batch_size': 10, 'first_layer_filters': 16, 'kernel_size': 3, 'lr': 0.00040937346448417404}

Best configuration found so far: 
{'batch_size': 200,
 'first_layer_filters': 16,
 'kernel_size': 3,
 'lr': 0.001088024288293846}
Validation loss: 0.035085
train 0/10937
train 2000/10937
train 4000/10937
train 6000/10937
train 8000/10937
train 10000/10937
val 0/2735
val 2000/2735
train 0/10937
train 2000/10937
train 4000/10937
train 6000/10937
train 8000/10937
train 10000/10937
val 0/2735
val 2000/2735
train 0/10937
train 2000/10937
train 4000/10937
train 6000/10937
train 8000/10937
train 10000/10937
val 0/2735
val 2000/2735
train 0/10937
train 2000/10937
train 4000/10937
train 6000/10937
train 8000/10937
train 10000/10937
val 0/2735
val 2000/2735
train 0/10937
train 2000/10937
train 4000/10937
train 6000/10937
train 8000/10937
train 10000/10937
val 0/2735
val 2000/2735
Trial 11/15 | val_loss = 0.050276 | config = {'batch_size': 10, 'first_layer_filters': 64, 'kernel_size': 1, 'lr': 0.00017538232373118042}

Best configuration found so far: 
{'batch_size': 200,
 'first_layer_filters': 16,
 'kernel_size': 3,
 'lr': 0.001088024288293846}
Validation loss: 0.035085
train 0/547
val 0/137
train 0/547
val 0/137
train 0/547
val 0/137
train 0/547
val 0/137
train 0/547
val 0/137
Trial 12/15 | val_loss = 0.053183 | config = {'batch_size': 200, 'first_layer_filters': 32, 'kernel_size': 3, 'lr': 0.001624630235090774}

Best configuration found so far: 
{'batch_size': 200,
 'first_layer_filters': 16,
 'kernel_size': 3,
 'lr': 0.001088024288293846}
Validation loss: 0.035085
train 0/219
val 0/55
train 0/219
val 0/55
train 0/219
val 0/55
train 0/219
val 0/55
train 0/219
val 0/55
Trial 13/15 | val_loss = 0.102094 | config = {'batch_size': 500, 'first_layer_filters': 32, 'kernel_size': 1, 'lr': 1.138595338148941e-05}

Best configuration found so far: 
{'batch_size': 200,
 'first_layer_filters': 16,
 'kernel_size': 3,
 'lr': 0.001088024288293846}
Validation loss: 0.035085
train 0/10937
train 2000/10937
train 4000/10937
train 6000/10937
train 8000/10937
train 10000/10937
val 0/2735
val 2000/2735
train 0/10937
train 2000/10937
train 4000/10937
train 6000/10937
train 8000/10937
train 10000/10937
val 0/2735
val 2000/2735
train 0/10937
train 2000/10937
train 4000/10937
train 6000/10937
train 8000/10937
train 10000/10937
val 0/2735
val 2000/2735
train 0/10937
train 2000/10937
train 4000/10937
train 6000/10937
train 8000/10937
train 10000/10937
val 0/2735
val 2000/2735
train 0/10937
train 2000/10937
train 4000/10937
train 6000/10937
train 8000/10937
train 10000/10937
val 0/2735
val 2000/2735
Trial 14/15 | val_loss = 0.105554 | config = {'batch_size': 10, 'first_layer_filters': 8, 'kernel_size': 3, 'lr': 0.0067802270215798315}

Best configuration found so far: 
{'batch_size': 200,
 'first_layer_filters': 16,
 'kernel_size': 3,
 'lr': 0.001088024288293846}
Validation loss: 0.035085
train 0/2188
train 2000/2188
val 0/547
train 0/2188
train 2000/2188
val 0/547
train 0/2188
train 2000/2188
val 0/547
train 0/2188
train 2000/2188
val 0/547
train 0/2188
train 2000/2188
val 0/547
Trial 15/15 | val_loss = 0.066360 | config = {'batch_size': 50, 'first_layer_filters': 32, 'kernel_size': 1, 'lr': 0.0006905424378423517}

Best configuration found so far: 
{'batch_size': 200,
 'first_layer_filters': 16,
 'kernel_size': 3,
 'lr': 0.001088024288293846}
Validation loss: 0.035085

Best configuration found
{'batch_size': 200,
 'first_layer_filters': 16,
 'kernel_size': 3,
 'lr': 0.001088024288293846}
Validation loss: 0.035085
hp_tuning executed

scontrol show job 619540
JobId=619540 JobName=hp_downsample_DA_CNN
   UserId=kostouso(3148724) GroupId=ngrisoua(6002522) MCS_label=N/A
   Priority=161051 Nice=0 Account=def-ngrisoua QOS=normal
   JobState=COMPLETING Reason=None Dependency=(null)
   Requeue=0 Restarts=0 BatchFlag=1 Reboot=0 ExitCode=0:0
   RunTime=01:07:31 TimeLimit=1-00:00:00 TimeMin=N/A
   SubmitTime=2025-06-13T12:26:38 EligibleTime=2025-06-13T12:26:38
   AccrueTime=2025-06-13T12:26:38
   StartTime=2025-06-13T12:26:42 EndTime=2025-06-13T13:34:13 Deadline=N/A
   SuspendTime=None SecsPreSuspend=0 LastSchedEval=2025-06-13T12:26:42 Scheduler=Backfill
   Partition=compute AllocNode:Sid=mist-login01:195216
   ReqNodeList=(null) ExcNodeList=(null)
   NodeList=mist051
   BatchHost=mist051
   NumNodes=1 NumCPUs=8 NumTasks=1 CPUs/Task=8 ReqB:S:C:T=0:0:*:*
   ReqTRES=cpu=8,mem=58800M,node=1,billing=1,gres/gpu=1
   AllocTRES=cpu=8,mem=58800M,node=1,billing=1,gres/gpu=1
   Socks/Node=* NtasksPerN:B:S:C=0:0:*:* CoreSpec=*
   MinCPUsNode=8 MinMemoryNode=58800M MinTmpDiskNode=0
   Features=(null) DelayBoot=00:00:00
   OverSubscribe=OK Contiguous=0 Licenses=(null) Network=(null)
   Command=/gpfs/fs0/scratch/n/ngrisoua/kostouso/OceanPropInfSatImgScratch/OceanPropInfSatImg/jobs/hp_tuning_DA_CNN_downsample.slurm
   WorkDir=/gpfs/fs0/scratch/n/ngrisoua/kostouso/OceanPropInfSatImgScratch/OceanPropInfSatImg
   Comment=/opt/slurm/bin/sbatch --export=NONE jobs/hp_tuning_DA_CNN_downsample.slurm 
   StdErr=/scratch/n/ngrisoua/kostouso/logs/hp_downsample_DA_CNN_619540.out
   StdIn=/dev/null
   StdOut=/scratch/n/ngrisoua/kostouso/logs/hp_downsample_DA_CNN_619540.out
   TresPerNode=gres/gpu:1
   TresPerTask=cpu=8
   

sacct -j 619540
JobID           JobName    Account    Elapsed  MaxVMSize     MaxRSS  SystemCPU    UserCPU ExitCode 
------------ ---------- ---------- ---------- ---------- ---------- ---------- ---------- -------- 
619540       hp_downsa+ def-ngris+   01:07:31                        00:10.658   01:07:26      0:0 
619540.batch      batch def-ngris+   01:07:31     16942M   3404352K  00:10.658   01:07:26      0:0 
619540.exte+     extern def-ngris+   01:07:31     94.50M      6528K   00:00:00  00:00.001      0:0 
