train 0/875
val 0/228
train 0/875
val 0/228
train 0/875
val 0/228
train 0/875
val 0/228
train 0/875
val 0/228
Trial 01/5 | val_loss = 0.050960 | config = {'batch_size': 500, 'lr': 0.0006005288202683083, 'num_heads': 2} | filename data/monthly/ten_sample_1993-2003.nc

Best configuration found so far: 
{'batch_size': 500, 'lr': 0.0006005288202683083, 'num_heads': 2}
Validation loss: 0.050960
train 0/2188
train 2000/2188
val 0/570
train 0/2188
train 2000/2188
val 0/570
train 0/2188
train 2000/2188
val 0/570
train 0/2188
train 2000/2188
val 0/570
train 0/2188
train 2000/2188
val 0/570
Trial 02/5 | val_loss = 0.068052 | config = {'batch_size': 200, 'lr': 0.0037483216628479265, 'num_heads': 3} | filename data/monthly/ten_sample_1993-2003.nc

Best configuration found so far: 
{'batch_size': 500, 'lr': 0.0006005288202683083, 'num_heads': 2}
Validation loss: 0.050960
train 0/2188
train 2000/2188
val 0/570
train 0/2188
train 2000/2188
val 0/570
train 0/2188
train 2000/2188
val 0/570
train 0/2188
train 2000/2188
val 0/570
train 0/2188
train 2000/2188
val 0/570
Trial 03/5 | val_loss = 0.044670 | config = {'batch_size': 200, 'lr': 0.0008663279761354554, 'num_heads': 2} | filename data/monthly/ten_sample_1993-2003.nc

Best configuration found so far: 
{'batch_size': 200, 'lr': 0.0008663279761354554, 'num_heads': 2}
Validation loss: 0.044670
train 0/43748
train 2000/43748
train 4000/43748
train 6000/43748
train 8000/43748
train 10000/43748
train 12000/43748
train 14000/43748
train 16000/43748
train 18000/43748
train 20000/43748
train 22000/43748
train 24000/43748
train 26000/43748
train 28000/43748
train 30000/43748
train 32000/43748
train 34000/43748
train 36000/43748
train 38000/43748
train 40000/43748
train 42000/43748
val 0/11393
val 2000/11393
val 4000/11393
val 6000/11393
val 8000/11393
val 10000/11393
train 0/43748
train 2000/43748
train 4000/43748
train 6000/43748
train 8000/43748
train 10000/43748
train 12000/43748
train 14000/43748
train 16000/43748
train 18000/43748
train 20000/43748
train 22000/43748
train 24000/43748
train 26000/43748
train 28000/43748
train 30000/43748
train 32000/43748
train 34000/43748
train 36000/43748
train 38000/43748
train 40000/43748
train 42000/43748
val 0/11393
val 2000/11393
val 4000/11393
val 6000/11393
val 8000/11393
val 10000/11393
train 0/43748
train 2000/43748
train 4000/43748
train 6000/43748
train 8000/43748
train 10000/43748
train 12000/43748
train 14000/43748
train 16000/43748
train 18000/43748
train 20000/43748
train 22000/43748
train 24000/43748
train 26000/43748
train 28000/43748
train 30000/43748
train 32000/43748
train 34000/43748
train 36000/43748
train 38000/43748
train 40000/43748
train 42000/43748
val 0/11393
val 2000/11393
val 4000/11393
val 6000/11393
val 8000/11393
val 10000/11393
train 0/43748
train 2000/43748
train 4000/43748
train 6000/43748
train 8000/43748
train 10000/43748
train 12000/43748
train 14000/43748
train 16000/43748
train 18000/43748
train 20000/43748
train 22000/43748
train 24000/43748
train 26000/43748
train 28000/43748
train 30000/43748
train 32000/43748
train 34000/43748
train 36000/43748
train 38000/43748
train 40000/43748
train 42000/43748
val 0/11393
val 2000/11393
val 4000/11393
val 6000/11393
val 8000/11393
val 10000/11393
train 0/43748
train 2000/43748
train 4000/43748
train 6000/43748
train 8000/43748
train 10000/43748
train 12000/43748
train 14000/43748
train 16000/43748
train 18000/43748
train 20000/43748
train 22000/43748
train 24000/43748
train 26000/43748
train 28000/43748
train 30000/43748
train 32000/43748
train 34000/43748
train 36000/43748
train 38000/43748
train 40000/43748
train 42000/43748
val 0/11393
val 2000/11393
val 4000/11393
val 6000/11393
val 8000/11393
val 10000/11393
Trial 04/5 | val_loss = 0.683613 | config = {'batch_size': 10, 'lr': 0.007780155576901415, 'num_heads': 6} | filename data/monthly/ten_sample_1993-2003.nc

Best configuration found so far: 
{'batch_size': 200, 'lr': 0.0008663279761354554, 'num_heads': 2}
Validation loss: 0.044670
train 0/8750
train 2000/8750
train 4000/8750
train 6000/8750
train 8000/8750
val 0/2279
val 2000/2279
train 0/8750
train 2000/8750
train 4000/8750
train 6000/8750
train 8000/8750
val 0/2279
val 2000/2279
train 0/8750
train 2000/8750
train 4000/8750
train 6000/8750
train 8000/8750
val 0/2279
val 2000/2279
train 0/8750
train 2000/8750
train 4000/8750
train 6000/8750
train 8000/8750
val 0/2279
val 2000/2279
train 0/8750
train 2000/8750
train 4000/8750
train 6000/8750
train 8000/8750
val 0/2279
val 2000/2279
Trial 05/5 | val_loss = 0.041441 | config = {'batch_size': 50, 'lr': 0.0023723300729921923, 'num_heads': 6} | filename data/monthly/ten_sample_1993-2003.nc

Best configuration found so far: 
{'batch_size': 50, 'lr': 0.0023723300729921923, 'num_heads': 6}
Validation loss: 0.041441

Best configuration found
{'batch_size': 50, 'lr': 0.0023723300729921923, 'num_heads': 6}
Validation loss: 0.041441
hp_tuning executed

scontrol show job 619542
JobId=619542 JobName=hp_downsample_EBAM_CNN
   UserId=kostouso(3148724) GroupId=ngrisoua(6002522) MCS_label=N/A
   Priority=161051 Nice=0 Account=def-ngrisoua QOS=normal
   JobState=COMPLETING Reason=None Dependency=(null)
   Requeue=0 Restarts=0 BatchFlag=1 Reboot=0 ExitCode=0:0
   RunTime=01:38:37 TimeLimit=1-00:00:00 TimeMin=N/A
   SubmitTime=2025-06-13T12:35:52 EligibleTime=2025-06-13T12:35:52
   AccrueTime=2025-06-13T12:35:52
   StartTime=2025-06-13T12:36:12 EndTime=2025-06-13T14:14:49 Deadline=N/A
   SuspendTime=None SecsPreSuspend=0 LastSchedEval=2025-06-13T12:36:12 Scheduler=Backfill
   Partition=compute AllocNode:Sid=mist-login01:195216
   ReqNodeList=(null) ExcNodeList=(null)
   NodeList=mist052
   BatchHost=mist052
   NumNodes=1 NumCPUs=8 NumTasks=1 CPUs/Task=8 ReqB:S:C:T=0:0:*:*
   ReqTRES=cpu=8,mem=58800M,node=1,billing=1,gres/gpu=1
   AllocTRES=cpu=8,mem=58800M,node=1,billing=1,gres/gpu=1
   Socks/Node=* NtasksPerN:B:S:C=0:0:*:* CoreSpec=*
   MinCPUsNode=8 MinMemoryNode=58800M MinTmpDiskNode=0
   Features=(null) DelayBoot=00:00:00
   OverSubscribe=OK Contiguous=0 Licenses=(null) Network=(null)
   Command=/gpfs/fs0/scratch/n/ngrisoua/kostouso/OceanPropInfSatImgScratch/OceanPropInfSatImg/jobs/hp_tuning_EBAM_CNN_downsample.slurm
   WorkDir=/gpfs/fs0/scratch/n/ngrisoua/kostouso/OceanPropInfSatImgScratch/OceanPropInfSatImg
   Comment=/opt/slurm/bin/sbatch --export=NONE jobs/hp_tuning_EBAM_CNN_downsample.slurm 
   StdErr=/scratch/n/ngrisoua/kostouso/logs/hp_downsample_EBAM_CNN_619542.out
   StdIn=/dev/null
   StdOut=/scratch/n/ngrisoua/kostouso/logs/hp_downsample_EBAM_CNN_619542.out
   TresPerNode=gres/gpu:1
   TresPerTask=cpu=8
   

sacct -j 619542
JobID           JobName    Account    Elapsed  MaxVMSize     MaxRSS  SystemCPU    UserCPU ExitCode 
------------ ---------- ---------- ---------- ---------- ---------- ---------- ---------- -------- 
619542       hp_downsa+ def-ngris+   01:38:38                         00:00:00   00:00:00      0:0 
619542.batch      batch def-ngris+   01:38:38                         00:00:00   00:00:00      0:0 
619542.exte+     extern def-ngris+   01:38:38                         00:00:00   00:00:00      0:0 
