train 0/2188
train 2000/2188
val 0/547
train 0/2188
train 2000/2188
val 0/547
train 0/2188
train 2000/2188
val 0/547
train 0/2188
train 2000/2188
val 0/547
train 0/2188
train 2000/2188
val 0/547
Trial 01/15 | val_loss = 0.052265 | config = {'batch_size': 50, 'first_layer_filters': 64, 'kernel_size': 3, 'lr': 0.0034103365984137555}

Best configuration found so far: 
{'batch_size': 50,
 'first_layer_filters': 64,
 'kernel_size': 3,
 'lr': 0.0034103365984137555}
Validation loss: 0.052265
train 0/219
val 0/55
train 0/219
val 0/55
train 0/219
val 0/55
train 0/219
val 0/55
train 0/219
val 0/55
Trial 02/15 | val_loss = 0.052220 | config = {'batch_size': 500, 'first_layer_filters': 64, 'kernel_size': 3, 'lr': 0.00018662266976517968}

Best configuration found so far: 
{'batch_size': 500,
 'first_layer_filters': 64,
 'kernel_size': 3,
 'lr': 0.00018662266976517968}
Validation loss: 0.052220
train 0/1094
val 0/274
train 0/1094
val 0/274
train 0/1094
val 0/274
train 0/1094
val 0/274
train 0/1094
val 0/274
Trial 03/15 | val_loss = 0.047348 | config = {'batch_size': 100, 'first_layer_filters': 32, 'kernel_size': 1, 'lr': 7.809150983452717e-05}

Best configuration found so far: 
{'batch_size': 100,
 'first_layer_filters': 32,
 'kernel_size': 1,
 'lr': 7.809150983452717e-05}
Validation loss: 0.047348
train 0/2188
train 2000/2188
val 0/547
train 0/2188
train 2000/2188
val 0/547
train 0/2188
train 2000/2188
val 0/547
train 0/2188
train 2000/2188
val 0/547
train 0/2188
train 2000/2188
val 0/547
Trial 04/15 | val_loss = 0.113675 | config = {'batch_size': 50, 'first_layer_filters': 8, 'kernel_size': 1, 'lr': 0.00014135935551752297}

Best configuration found so far: 
{'batch_size': 100,
 'first_layer_filters': 32,
 'kernel_size': 1,
 'lr': 7.809150983452717e-05}
Validation loss: 0.047348
train 0/547
val 0/137
train 0/547
val 0/137
train 0/547
val 0/137
train 0/547
val 0/137
train 0/547
val 0/137
Trial 05/15 | val_loss = 0.051296 | config = {'batch_size': 200, 'first_layer_filters': 64, 'kernel_size': 3, 'lr': 0.00027537944297361425}

Best configuration found so far: 
{'batch_size': 100,
 'first_layer_filters': 32,
 'kernel_size': 1,
 'lr': 7.809150983452717e-05}
Validation loss: 0.047348
train 0/1094
val 0/274
train 0/1094
val 0/274
train 0/1094
val 0/274
train 0/1094
val 0/274
train 0/1094
val 0/274
Trial 06/15 | val_loss = 0.070859 | config = {'batch_size': 100, 'first_layer_filters': 16, 'kernel_size': 3, 'lr': 1.6334587611069496e-05}

Best configuration found so far: 
{'batch_size': 100,
 'first_layer_filters': 32,
 'kernel_size': 1,
 'lr': 7.809150983452717e-05}
Validation loss: 0.047348
train 0/1094
val 0/274
train 0/1094
val 0/274
train 0/1094
val 0/274
train 0/1094
val 0/274
train 0/1094
val 0/274
Trial 07/15 | val_loss = 0.052280 | config = {'batch_size': 100, 'first_layer_filters': 8, 'kernel_size': 3, 'lr': 0.0001272695825250676}

Best configuration found so far: 
{'batch_size': 100,
 'first_layer_filters': 32,
 'kernel_size': 1,
 'lr': 7.809150983452717e-05}
Validation loss: 0.047348
train 0/1094
val 0/274
train 0/1094
val 0/274
train 0/1094
val 0/274
train 0/1094
val 0/274
train 0/1094
val 0/274
Trial 08/15 | val_loss = 0.038164 | config = {'batch_size': 100, 'first_layer_filters': 32, 'kernel_size': 3, 'lr': 0.004074144654166231}

Best configuration found so far: 
{'batch_size': 100,
 'first_layer_filters': 32,
 'kernel_size': 3,
 'lr': 0.004074144654166231}
Validation loss: 0.038164
train 0/547
val 0/137
train 0/547
val 0/137
train 0/547
val 0/137
train 0/547
val 0/137
train 0/547
val 0/137
Trial 09/15 | val_loss = 0.053714 | config = {'batch_size': 200, 'first_layer_filters': 64, 'kernel_size': 1, 'lr': 0.002527739155984551}

Best configuration found so far: 
{'batch_size': 100,
 'first_layer_filters': 32,
 'kernel_size': 3,
 'lr': 0.004074144654166231}
Validation loss: 0.038164
train 0/1094
val 0/274
train 0/1094
val 0/274
train 0/1094
val 0/274
train 0/1094
val 0/274
train 0/1094
val 0/274
Trial 10/15 | val_loss = 0.072531 | config = {'batch_size': 100, 'first_layer_filters': 64, 'kernel_size': 3, 'lr': 2.2637229697395477e-05}

Best configuration found so far: 
{'batch_size': 100,
 'first_layer_filters': 32,
 'kernel_size': 3,
 'lr': 0.004074144654166231}
Validation loss: 0.038164
train 0/2188
train 2000/2188
val 0/547
train 0/2188
train 2000/2188
val 0/547
train 0/2188
train 2000/2188
val 0/547
train 0/2188
train 2000/2188
val 0/547
train 0/2188
train 2000/2188
val 0/547
Trial 11/15 | val_loss = 0.050254 | config = {'batch_size': 50, 'first_layer_filters': 16, 'kernel_size': 3, 'lr': 0.00040937346448417404}

Best configuration found so far: 
{'batch_size': 100,
 'first_layer_filters': 32,
 'kernel_size': 3,
 'lr': 0.004074144654166231}
Validation loss: 0.038164
train 0/2188
train 2000/2188
val 0/547
train 0/2188
train 2000/2188
val 0/547
train 0/2188
train 2000/2188
val 0/547
train 0/2188
train 2000/2188
val 0/547
train 0/2188
train 2000/2188
val 0/547
Trial 12/15 | val_loss = 0.025513 | config = {'batch_size': 50, 'first_layer_filters': 64, 'kernel_size': 1, 'lr': 0.00017538232373118042}

Best configuration found so far: 
{'batch_size': 50,
 'first_layer_filters': 64,
 'kernel_size': 1,
 'lr': 0.00017538232373118042}
Validation loss: 0.025513
train 0/219
val 0/55
train 0/219
val 0/55
train 0/219
val 0/55
train 0/219
val 0/55
train 0/219
val 0/55
Trial 13/15 | val_loss = 0.083954 | config = {'batch_size': 500, 'first_layer_filters': 32, 'kernel_size': 3, 'lr': 0.001624630235090774}

Best configuration found so far: 
{'batch_size': 50,
 'first_layer_filters': 64,
 'kernel_size': 1,
 'lr': 0.00017538232373118042}
Validation loss: 0.025513
train 0/2188
train 2000/2188
val 0/547
train 0/2188
train 2000/2188
val 0/547
train 0/2188
train 2000/2188
val 0/547
train 0/2188
train 2000/2188
val 0/547
train 0/2188
train 2000/2188
val 0/547
Trial 14/15 | val_loss = 0.069451 | config = {'batch_size': 50, 'first_layer_filters': 32, 'kernel_size': 1, 'lr': 1.138595338148941e-05}

Best configuration found so far: 
{'batch_size': 50,
 'first_layer_filters': 64,
 'kernel_size': 1,
 'lr': 0.00017538232373118042}
Validation loss: 0.025513
train 0/1094
val 0/274
train 0/1094
val 0/274
train 0/1094
val 0/274
train 0/1094
val 0/274
train 0/1094
val 0/274
Trial 15/15 | val_loss = 0.072314 | config = {'batch_size': 100, 'first_layer_filters': 16, 'kernel_size': 1, 'lr': 4.6447694792927894e-05}

Best configuration found so far: 
{'batch_size': 50,
 'first_layer_filters': 64,
 'kernel_size': 1,
 'lr': 0.00017538232373118042}
Validation loss: 0.025513

Best configuration found
{'batch_size': 50,
 'first_layer_filters': 64,
 'kernel_size': 1,
 'lr': 0.00017538232373118042}
Validation loss: 0.025513
hp_tuning executed

scontrol show job 619535
JobId=619535 JobName=hp_downsample_DA_CNN
   UserId=kostouso(3148724) GroupId=ngrisoua(6002522) MCS_label=N/A
   Priority=161051 Nice=0 Account=def-ngrisoua QOS=normal
   JobState=COMPLETING Reason=None Dependency=(null)
   Requeue=0 Restarts=0 BatchFlag=1 Reboot=0 ExitCode=0:0
   RunTime=00:21:25 TimeLimit=1-00:00:00 TimeMin=N/A
   SubmitTime=2025-06-13T12:18:13 EligibleTime=2025-06-13T12:18:13
   AccrueTime=2025-06-13T12:18:13
   StartTime=2025-06-13T12:18:42 EndTime=2025-06-13T12:40:07 Deadline=N/A
   SuspendTime=None SecsPreSuspend=0 LastSchedEval=2025-06-13T12:18:42 Scheduler=Backfill
   Partition=compute AllocNode:Sid=mist-login01:195216
   ReqNodeList=(null) ExcNodeList=(null)
   NodeList=mist050
   BatchHost=mist050
   NumNodes=1 NumCPUs=8 NumTasks=1 CPUs/Task=8 ReqB:S:C:T=0:0:*:*
   ReqTRES=cpu=8,mem=58800M,node=1,billing=1,gres/gpu=1
   AllocTRES=cpu=8,mem=58800M,node=1,billing=1,gres/gpu=1
   Socks/Node=* NtasksPerN:B:S:C=0:0:*:* CoreSpec=*
   MinCPUsNode=8 MinMemoryNode=58800M MinTmpDiskNode=0
   Features=(null) DelayBoot=00:00:00
   OverSubscribe=OK Contiguous=0 Licenses=(null) Network=(null)
   Command=/gpfs/fs0/scratch/n/ngrisoua/kostouso/OceanPropInfSatImgScratch/OceanPropInfSatImg/jobs/hp_tuning_DA_CNN_downsample.slurm
   WorkDir=/gpfs/fs0/scratch/n/ngrisoua/kostouso/OceanPropInfSatImgScratch/OceanPropInfSatImg
   Comment=/opt/slurm/bin/sbatch --export=NONE jobs/hp_tuning_DA_CNN_downsample.slurm 
   StdErr=/scratch/n/ngrisoua/kostouso/logs/hp_downsample_DA_CNN_619535.out
   StdIn=/dev/null
   StdOut=/scratch/n/ngrisoua/kostouso/logs/hp_downsample_DA_CNN_619535.out
   TresPerNode=gres/gpu:1
   TresPerTask=cpu=8
   

sacct -j 619535
JobID           JobName    Account    Elapsed  MaxVMSize     MaxRSS  SystemCPU    UserCPU ExitCode 
------------ ---------- ---------- ---------- ---------- ---------- ---------- ---------- -------- 
619535       hp_downsa+ def-ngris+   00:21:25                         00:00:00   00:00:00      0:0 
619535.batch      batch def-ngris+   00:21:25                         00:00:00   00:00:00      0:0 
619535.exte+     extern def-ngris+   00:21:25                         00:00:00   00:00:00      0:0 
