train 0/875
val 0/228
train 0/875
val 0/228
train 0/875
val 0/228
train 0/875
val 0/228
train 0/875
val 0/228
Trial 01/5 | val_loss = 0.069368 | config = {'batch_size': 500, 'first_layer_filters': 64, 'kernel_size': 3, 'lr': 0.0034103365984137555} | filename = data/monthly/ten_sample_1993-2003.nc

Best configuration found so far: 
{'batch_size': 500,
 'first_layer_filters': 64,
 'kernel_size': 3,
 'lr': 0.0034103365984137555}
Validation loss: 0.069368
train 0/2188
train 2000/2188
val 0/570
train 0/2188
train 2000/2188
val 0/570
train 0/2188
train 2000/2188
val 0/570
train 0/2188
train 2000/2188
val 0/570
train 0/2188
train 2000/2188
val 0/570
Trial 02/5 | val_loss = 0.015050 | config = {'batch_size': 200, 'first_layer_filters': 64, 'kernel_size': 3, 'lr': 0.00018662266976517968} | filename = data/monthly/ten_sample_1993-2003.nc

Best configuration found so far: 
{'batch_size': 200,
 'first_layer_filters': 64,
 'kernel_size': 3,
 'lr': 0.00018662266976517968}
Validation loss: 0.015050
train 0/4375
train 2000/4375
train 4000/4375
val 0/1140
train 0/4375
train 2000/4375
train 4000/4375
val 0/1140
train 0/4375
train 2000/4375
train 4000/4375
val 0/1140
train 0/4375
train 2000/4375
train 4000/4375
val 0/1140
train 0/4375
train 2000/4375
train 4000/4375
val 0/1140
Trial 03/5 | val_loss = 0.040336 | config = {'batch_size': 100, 'first_layer_filters': 8, 'kernel_size': 3, 'lr': 0.0047349893044994745} | filename = data/monthly/ten_sample_1993-2003.nc

Best configuration found so far: 
{'batch_size': 200,
 'first_layer_filters': 64,
 'kernel_size': 3,
 'lr': 0.00018662266976517968}
Validation loss: 0.015050
train 0/43748
train 2000/43748
train 4000/43748
train 6000/43748
train 8000/43748
train 10000/43748
train 12000/43748
train 14000/43748
train 16000/43748
train 18000/43748
train 20000/43748
train 22000/43748
train 24000/43748
train 26000/43748
train 28000/43748
train 30000/43748
train 32000/43748
train 34000/43748
train 36000/43748
train 38000/43748
train 40000/43748
train 42000/43748
val 0/11393
val 2000/11393
val 4000/11393
val 6000/11393
val 8000/11393
val 10000/11393
train 0/43748
train 2000/43748
train 4000/43748
train 6000/43748
train 8000/43748
train 10000/43748
train 12000/43748
train 14000/43748
train 16000/43748
train 18000/43748
train 20000/43748
train 22000/43748
train 24000/43748
train 26000/43748
train 28000/43748
train 30000/43748
train 32000/43748
train 34000/43748
train 36000/43748
train 38000/43748
train 40000/43748
train 42000/43748
val 0/11393
val 2000/11393
val 4000/11393
val 6000/11393
val 8000/11393
val 10000/11393
train 0/43748
train 2000/43748
train 4000/43748
train 6000/43748
train 8000/43748
train 10000/43748
train 12000/43748
train 14000/43748
train 16000/43748
train 18000/43748
train 20000/43748
train 22000/43748
train 24000/43748
train 26000/43748
train 28000/43748
train 30000/43748
train 32000/43748
train 34000/43748
train 36000/43748
train 38000/43748
train 40000/43748
train 42000/43748
val 0/11393
val 2000/11393
val 4000/11393
val 6000/11393
val 8000/11393
val 10000/11393
train 0/43748
train 2000/43748
train 4000/43748
train 6000/43748
train 8000/43748
train 10000/43748
train 12000/43748
train 14000/43748
train 16000/43748
train 18000/43748
train 20000/43748
train 22000/43748
train 24000/43748
train 26000/43748
train 28000/43748
train 30000/43748
train 32000/43748
train 34000/43748
train 36000/43748
train 38000/43748
train 40000/43748
train 42000/43748
val 0/11393
val 2000/11393
val 4000/11393
val 6000/11393
val 8000/11393
val 10000/11393
train 0/43748
train 2000/43748
train 4000/43748
train 6000/43748
train 8000/43748
train 10000/43748
train 12000/43748
train 14000/43748
train 16000/43748
train 18000/43748
train 20000/43748
train 22000/43748
train 24000/43748
train 26000/43748
train 28000/43748
train 30000/43748
train 32000/43748
train 34000/43748
train 36000/43748
train 38000/43748
train 40000/43748
train 42000/43748
val 0/11393
val 2000/11393
val 4000/11393
val 6000/11393
val 8000/11393
val 10000/11393
Trial 04/5 | val_loss = 0.092469 | config = {'batch_size': 10, 'first_layer_filters': 8, 'kernel_size': 1, 'lr': 0.0002710162626224751} | filename = data/monthly/ten_sample_1993-2003.nc

Best configuration found so far: 
{'batch_size': 200,
 'first_layer_filters': 64,
 'kernel_size': 3,
 'lr': 0.00018662266976517968}
Validation loss: 0.015050
train 0/43748
train 2000/43748
train 4000/43748
train 6000/43748
train 8000/43748
train 10000/43748
train 12000/43748
train 14000/43748
train 16000/43748
train 18000/43748
train 20000/43748
train 22000/43748
train 24000/43748
train 26000/43748
train 28000/43748
train 30000/43748
train 32000/43748
train 34000/43748
train 36000/43748
train 38000/43748
train 40000/43748
train 42000/43748
val 0/11393
val 2000/11393
val 4000/11393
val 6000/11393
val 8000/11393
val 10000/11393
train 0/43748
train 2000/43748
train 4000/43748
train 6000/43748
train 8000/43748
train 10000/43748
train 12000/43748
train 14000/43748
train 16000/43748
train 18000/43748
train 20000/43748
train 22000/43748
train 24000/43748
train 26000/43748
train 28000/43748
train 30000/43748
train 32000/43748
train 34000/43748
train 36000/43748
train 38000/43748
train 40000/43748
train 42000/43748
val 0/11393
val 2000/11393
val 4000/11393
val 6000/11393
val 8000/11393
val 10000/11393
train 0/43748
train 2000/43748
train 4000/43748
train 6000/43748
train 8000/43748
train 10000/43748
train 12000/43748
train 14000/43748
train 16000/43748
train 18000/43748
train 20000/43748
train 22000/43748
train 24000/43748
train 26000/43748
train 28000/43748
train 30000/43748
train 32000/43748
train 34000/43748
train 36000/43748
train 38000/43748
train 40000/43748
train 42000/43748
val 0/11393
val 2000/11393
val 4000/11393
val 6000/11393
val 8000/11393
val 10000/11393
train 0/43748
train 2000/43748
train 4000/43748
train 6000/43748
train 8000/43748
train 10000/43748
train 12000/43748
train 14000/43748
train 16000/43748
train 18000/43748
train 20000/43748
train 22000/43748
train 24000/43748
train 26000/43748
train 28000/43748
train 30000/43748
train 32000/43748
train 34000/43748
train 36000/43748
train 38000/43748
train 40000/43748
train 42000/43748
val 0/11393
val 2000/11393
val 4000/11393
val 6000/11393
val 8000/11393
val 10000/11393
train 0/43748
train 2000/43748
train 4000/43748
train 6000/43748
train 8000/43748
train 10000/43748
train 12000/43748
train 14000/43748
train 16000/43748
train 18000/43748
train 20000/43748
train 22000/43748
train 24000/43748
train 26000/43748
train 28000/43748
train 30000/43748
train 32000/43748
train 34000/43748
train 36000/43748
train 38000/43748
train 40000/43748
train 42000/43748
val 0/11393
val 2000/11393
val 4000/11393
val 6000/11393
val 8000/11393
val 10000/11393
Trial 05/5 | val_loss = 0.147348 | config = {'batch_size': 10, 'first_layer_filters': 16, 'kernel_size': 3, 'lr': 0.0032228217847874063} | filename = data/monthly/ten_sample_1993-2003.nc

Best configuration found so far: 
{'batch_size': 200,
 'first_layer_filters': 64,
 'kernel_size': 3,
 'lr': 0.00018662266976517968}
Validation loss: 0.015050

Best configuration found
{'batch_size': 200,
 'first_layer_filters': 64,
 'kernel_size': 3,
 'lr': 0.00018662266976517968}
Validation loss: 0.015050
hp_tuning executed

scontrol show job 619541
JobId=619541 JobName=hp_downsample_DA_CNN
   UserId=kostouso(3148724) GroupId=ngrisoua(6002522) MCS_label=N/A
   Priority=161051 Nice=0 Account=def-ngrisoua QOS=normal
   JobState=COMPLETING Reason=None Dependency=(null)
   Requeue=0 Restarts=0 BatchFlag=1 Reboot=0 ExitCode=0:0
   RunTime=01:17:58 TimeLimit=1-00:00:00 TimeMin=N/A
   SubmitTime=2025-06-13T12:35:49 EligibleTime=2025-06-13T12:35:49
   AccrueTime=2025-06-13T12:35:49
   StartTime=2025-06-13T12:36:12 EndTime=2025-06-13T13:54:10 Deadline=N/A
   SuspendTime=None SecsPreSuspend=0 LastSchedEval=2025-06-13T12:36:12 Scheduler=Backfill
   Partition=compute AllocNode:Sid=mist-login01:195216
   ReqNodeList=(null) ExcNodeList=(null)
   NodeList=mist053
   BatchHost=mist053
   NumNodes=1 NumCPUs=8 NumTasks=1 CPUs/Task=8 ReqB:S:C:T=0:0:*:*
   ReqTRES=cpu=8,mem=58800M,node=1,billing=1,gres/gpu=1
   AllocTRES=cpu=8,mem=58800M,node=1,billing=1,gres/gpu=1
   Socks/Node=* NtasksPerN:B:S:C=0:0:*:* CoreSpec=*
   MinCPUsNode=8 MinMemoryNode=58800M MinTmpDiskNode=0
   Features=(null) DelayBoot=00:00:00
   OverSubscribe=OK Contiguous=0 Licenses=(null) Network=(null)
   Command=/gpfs/fs0/scratch/n/ngrisoua/kostouso/OceanPropInfSatImgScratch/OceanPropInfSatImg/jobs/hp_tuning_DA_CNN_downsample.slurm
   WorkDir=/gpfs/fs0/scratch/n/ngrisoua/kostouso/OceanPropInfSatImgScratch/OceanPropInfSatImg
   Comment=/opt/slurm/bin/sbatch --export=NONE jobs/hp_tuning_DA_CNN_downsample.slurm 
   StdErr=/scratch/n/ngrisoua/kostouso/logs/hp_downsample_DA_CNN_619541.out
   StdIn=/dev/null
   StdOut=/scratch/n/ngrisoua/kostouso/logs/hp_downsample_DA_CNN_619541.out
   TresPerNode=gres/gpu:1
   TresPerTask=cpu=8
   

sacct -j 619541
JobID           JobName    Account    Elapsed  MaxVMSize     MaxRSS  SystemCPU    UserCPU ExitCode 
------------ ---------- ---------- ---------- ---------- ---------- ---------- ---------- -------- 
619541       hp_downsa+ def-ngris+   01:17:58                         00:00:00   00:00:00      0:0 
619541.batch      batch def-ngris+   01:17:58                         00:00:00   00:00:00      0:0 
619541.exte+     extern def-ngris+   01:17:58                         00:00:00   00:00:00      0:0 
