169
301
21
False
train 0/7957
train 2000/7957
train 4000/7957
train 6000/7957
val 0/2072
val 2000/2072
train 0/7957
train 2000/7957
train 4000/7957
train 6000/7957
val 0/2072
val 2000/2072
train 0/7957
train 2000/7957
train 4000/7957
train 6000/7957
val 0/2072
val 2000/2072
train 0/7957
train 2000/7957
train 4000/7957
train 6000/7957
val 0/2072
val 2000/2072
train 0/7957
train 2000/7957
train 4000/7957
train 6000/7957
val 0/2072
val 2000/2072
Trial 01/5 | val_loss = 14.087441 | config = {'batch_size': 500, 'grid_size': 21, 'lr': 0.0034103365984137555, 'num_heads': 3} | filepath = data/monthly/ten_sample_1993-2003.nc

Best configuration found so far: 
{'batch_size': 500,
 'grid_size': 21,
 'lr': 0.0034103365984137555,
 'num_heads': 3}
Validation loss: 14.087441
169
301
21
False
train 0/19892
train 2000/19892
train 4000/19892
train 6000/19892
train 8000/19892
train 10000/19892
train 12000/19892
train 14000/19892
train 16000/19892
train 18000/19892
val 0/5180
val 2000/5180
val 4000/5180
train 0/19892
train 2000/19892
train 4000/19892
train 6000/19892
train 8000/19892
train 10000/19892
train 12000/19892
train 14000/19892
train 16000/19892
train 18000/19892
val 0/5180
val 2000/5180
val 4000/5180
train 0/19892
train 2000/19892
train 4000/19892
train 6000/19892
train 8000/19892
train 10000/19892
train 12000/19892
train 14000/19892
train 16000/19892
train 18000/19892
val 0/5180
val 2000/5180
val 4000/5180
train 0/19892
train 2000/19892
train 4000/19892
train 6000/19892
train 8000/19892
train 10000/19892
train 12000/19892
train 14000/19892
train 16000/19892
train 18000/19892
val 0/5180
val 2000/5180
val 4000/5180
train 0/19892
train 2000/19892
train 4000/19892
train 6000/19892
train 8000/19892
train 10000/19892
train 12000/19892
train 14000/19892
train 16000/19892
train 18000/19892
val 0/5180
val 2000/5180
val 4000/5180
Trial 02/5 | val_loss = 11.971361 | config = {'batch_size': 200, 'grid_size': 21, 'lr': 0.00014228041454890738, 'num_heads': 6} | filepath = data/monthly/ten_sample_1993-2003.nc

Best configuration found so far: 
{'batch_size': 200,
 'grid_size': 21,
 'lr': 0.00014228041454890738,
 'num_heads': 6}
Validation loss: 11.971361
169
301
17
False
train 0/414413
train 2000/414413
train 4000/414413
train 6000/414413
train 8000/414413
train 10000/414413
train 12000/414413
train 14000/414413
train 16000/414413
train 18000/414413
train 20000/414413
train 22000/414413
train 24000/414413
train 26000/414413
train 28000/414413
train 30000/414413
train 32000/414413
train 34000/414413
train 36000/414413
train 38000/414413
train 40000/414413
train 42000/414413
train 44000/414413
train 46000/414413
train 48000/414413
train 50000/414413
train 52000/414413
train 54000/414413
train 56000/414413
train 58000/414413
train 60000/414413
train 62000/414413
train 64000/414413
train 66000/414413
train 68000/414413
train 70000/414413
train 72000/414413
train 74000/414413
train 76000/414413
train 78000/414413
train 80000/414413
train 82000/414413
train 84000/414413
train 86000/414413
train 88000/414413
train 90000/414413
train 92000/414413
train 94000/414413
train 96000/414413
train 98000/414413
train 100000/414413
train 102000/414413
train 104000/414413
train 106000/414413
train 108000/414413
train 110000/414413
train 112000/414413
train 114000/414413
train 116000/414413
train 118000/414413
train 120000/414413
train 122000/414413
train 124000/414413
train 126000/414413
train 128000/414413
train 130000/414413
train 132000/414413
train 134000/414413
train 136000/414413
train 138000/414413
train 140000/414413
train 142000/414413
train 144000/414413
train 146000/414413
train 148000/414413
train 150000/414413
train 152000/414413
train 154000/414413
train 156000/414413
train 158000/414413
train 160000/414413
train 162000/414413
train 164000/414413
train 166000/414413
train 168000/414413
train 170000/414413
train 172000/414413
train 174000/414413
train 176000/414413
train 178000/414413
train 180000/414413
train 182000/414413
train 184000/414413
train 186000/414413
train 188000/414413
train 190000/414413
train 192000/414413
train 194000/414413
train 196000/414413
train 198000/414413
train 200000/414413
train 202000/414413
train 204000/414413
train 206000/414413
train 208000/414413
train 210000/414413
train 212000/414413
train 214000/414413
train 216000/414413
train 218000/414413
train 220000/414413
train 222000/414413
train 224000/414413
train 226000/414413
train 228000/414413
train 230000/414413
train 232000/414413
train 234000/414413
train 236000/414413
train 238000/414413
train 240000/414413
train 242000/414413
train 244000/414413
train 246000/414413
train 248000/414413
train 250000/414413
train 252000/414413
train 254000/414413
train 256000/414413
train 258000/414413
train 260000/414413
train 262000/414413
train 264000/414413
train 266000/414413
train 268000/414413
train 270000/414413
train 272000/414413
train 274000/414413
train 276000/414413
train 278000/414413
train 280000/414413
train 282000/414413
train 284000/414413
train 286000/414413
train 288000/414413
train 290000/414413
train 292000/414413
train 294000/414413
train 296000/414413
train 298000/414413
train 300000/414413
train 302000/414413
train 304000/414413
train 306000/414413
train 308000/414413
train 310000/414413
train 312000/414413
train 314000/414413
train 316000/414413
train 318000/414413
train 320000/414413
train 322000/414413
train 324000/414413
train 326000/414413
train 328000/414413
train 330000/414413
train 332000/414413
train 334000/414413
train 336000/414413
train 338000/414413
train 340000/414413
train 342000/414413
train 344000/414413
train 346000/414413
train 348000/414413
train 350000/414413
train 352000/414413
train 354000/414413
train 356000/414413
train 358000/414413
train 360000/414413
train 362000/414413
train 364000/414413
train 366000/414413
train 368000/414413
train 370000/414413
train 372000/414413
train 374000/414413
train 376000/414413
train 378000/414413
train 380000/414413
train 382000/414413
train 384000/414413
train 386000/414413
train 388000/414413
train 390000/414413
train 392000/414413
train 394000/414413
train 396000/414413
train 398000/414413
train 400000/414413
train 402000/414413
train 404000/414413
train 406000/414413
train 408000/414413
train 410000/414413
train 412000/414413
train 414000/414413
val 0/107920
val 2000/107920
val 4000/107920
val 6000/107920
val 8000/107920
val 10000/107920
val 12000/107920
val 14000/107920
val 16000/107920
val 18000/107920
val 20000/107920
val 22000/107920
val 24000/107920
val 26000/107920
val 28000/107920
val 30000/107920
val 32000/107920
val 34000/107920
val 36000/107920
val 38000/107920
val 40000/107920
val 42000/107920
val 44000/107920
val 46000/107920
val 48000/107920
val 50000/107920
val 52000/107920
val 54000/107920
val 56000/107920
val 58000/107920
val 60000/107920
val 62000/107920
val 64000/107920
val 66000/107920
val 68000/107920
val 70000/107920
val 72000/107920
val 74000/107920
val 76000/107920
val 78000/107920
val 80000/107920
val 82000/107920
val 84000/107920
val 86000/107920
val 88000/107920
val 90000/107920
val 92000/107920
val 94000/107920
val 96000/107920
val 98000/107920
val 100000/107920
val 102000/107920
val 104000/107920
val 106000/107920
train 0/414413
train 2000/414413
train 4000/414413
train 6000/414413
train 8000/414413
train 10000/414413
train 12000/414413
train 14000/414413
train 16000/414413
train 18000/414413
train 20000/414413
train 22000/414413
train 24000/414413
train 26000/414413
train 28000/414413
train 30000/414413
train 32000/414413
train 34000/414413
train 36000/414413
train 38000/414413
train 40000/414413
train 42000/414413
train 44000/414413
train 46000/414413
train 48000/414413
train 50000/414413
train 52000/414413
train 54000/414413
train 56000/414413
train 58000/414413
train 60000/414413
train 62000/414413
train 64000/414413
train 66000/414413
train 68000/414413
train 70000/414413
train 72000/414413
train 74000/414413
train 76000/414413
train 78000/414413
train 80000/414413
train 82000/414413
train 84000/414413
train 86000/414413
train 88000/414413
train 90000/414413
train 92000/414413
train 94000/414413
train 96000/414413
train 98000/414413
train 100000/414413
train 102000/414413
train 104000/414413
train 106000/414413
train 108000/414413
train 110000/414413
train 112000/414413
train 114000/414413
train 116000/414413
train 118000/414413
train 120000/414413
train 122000/414413
train 124000/414413
train 126000/414413
train 128000/414413
train 130000/414413
train 132000/414413
train 134000/414413
train 136000/414413
train 138000/414413
train 140000/414413
train 142000/414413
train 144000/414413
train 146000/414413
train 148000/414413
train 150000/414413
train 152000/414413
train 154000/414413
train 156000/414413
train 158000/414413
train 160000/414413
train 162000/414413
train 164000/414413
train 166000/414413
train 168000/414413
train 170000/414413
train 172000/414413
train 174000/414413
train 176000/414413
train 178000/414413
train 180000/414413
train 182000/414413
train 184000/414413
train 186000/414413
train 188000/414413
train 190000/414413
train 192000/414413
train 194000/414413
train 196000/414413
train 198000/414413
train 200000/414413
train 202000/414413
train 204000/414413
train 206000/414413
train 208000/414413
train 210000/414413
train 212000/414413
train 214000/414413
train 216000/414413
train 218000/414413
train 220000/414413
train 222000/414413
train 224000/414413
train 226000/414413
train 228000/414413
train 230000/414413
train 232000/414413
train 234000/414413
train 236000/414413
train 238000/414413
train 240000/414413
train 242000/414413
train 244000/414413
train 246000/414413
train 248000/414413
train 250000/414413
train 252000/414413
train 254000/414413
train 256000/414413
train 258000/414413
train 260000/414413
train 262000/414413
train 264000/414413
train 266000/414413
train 268000/414413
train 270000/414413
train 272000/414413
train 274000/414413
train 276000/414413
train 278000/414413
train 280000/414413
train 282000/414413
train 284000/414413
train 286000/414413
train 288000/414413
train 290000/414413
train 292000/414413
train 294000/414413
train 296000/414413
train 298000/414413
train 300000/414413
train 302000/414413
train 304000/414413
train 306000/414413
train 308000/414413
train 310000/414413
train 312000/414413
train 314000/414413
train 316000/414413
train 318000/414413
train 320000/414413
train 322000/414413
train 324000/414413
train 326000/414413
train 328000/414413
train 330000/414413
train 332000/414413
train 334000/414413
train 336000/414413
train 338000/414413
train 340000/414413
train 342000/414413
train 344000/414413
train 346000/414413
train 348000/414413
train 350000/414413
train 352000/414413
train 354000/414413
train 356000/414413
train 358000/414413
train 360000/414413
train 362000/414413
train 364000/414413
train 366000/414413
train 368000/414413
train 370000/414413
train 372000/414413
train 374000/414413
train 376000/414413
train 378000/414413
train 380000/414413
train 382000/414413
train 384000/414413
train 386000/414413
train 388000/414413
train 390000/414413
train 392000/414413
train 394000/414413
train 396000/414413
train 398000/414413
train 400000/414413
train 402000/414413
train 404000/414413
train 406000/414413
train 408000/414413
train 410000/414413
train 412000/414413
train 414000/414413
val 0/107920
val 2000/107920
val 4000/107920
val 6000/107920
val 8000/107920
val 10000/107920
val 12000/107920
val 14000/107920
val 16000/107920
val 18000/107920
val 20000/107920
val 22000/107920
val 24000/107920
val 26000/107920
val 28000/107920
val 30000/107920
val 32000/107920
val 34000/107920
val 36000/107920
val 38000/107920
val 40000/107920
val 42000/107920
val 44000/107920
val 46000/107920
val 48000/107920
val 50000/107920
val 52000/107920
val 54000/107920
val 56000/107920
val 58000/107920
val 60000/107920
val 62000/107920
val 64000/107920
val 66000/107920
val 68000/107920
val 70000/107920
val 72000/107920
val 74000/107920
val 76000/107920
val 78000/107920
val 80000/107920
val 82000/107920
val 84000/107920
val 86000/107920
val 88000/107920
val 90000/107920
val 92000/107920
val 94000/107920
val 96000/107920
val 98000/107920
val 100000/107920
val 102000/107920
val 104000/107920
val 106000/107920
train 0/414413
train 2000/414413
train 4000/414413
train 6000/414413
train 8000/414413
train 10000/414413
train 12000/414413
train 14000/414413
train 16000/414413
train 18000/414413
train 20000/414413
train 22000/414413
train 24000/414413
train 26000/414413
train 28000/414413
train 30000/414413
train 32000/414413
train 34000/414413
train 36000/414413
train 38000/414413
train 40000/414413
train 42000/414413
train 44000/414413
train 46000/414413
train 48000/414413
train 50000/414413
train 52000/414413
train 54000/414413
train 56000/414413
train 58000/414413
train 60000/414413
train 62000/414413
train 64000/414413
train 66000/414413
train 68000/414413
train 70000/414413
train 72000/414413
train 74000/414413
train 76000/414413
train 78000/414413
train 80000/414413
train 82000/414413
train 84000/414413
train 86000/414413
train 88000/414413
train 90000/414413
train 92000/414413
train 94000/414413
train 96000/414413
train 98000/414413
train 100000/414413
train 102000/414413
train 104000/414413
train 106000/414413
train 108000/414413
train 110000/414413
train 112000/414413
train 114000/414413
train 116000/414413
train 118000/414413
train 120000/414413
train 122000/414413
train 124000/414413
train 126000/414413
train 128000/414413
train 130000/414413
train 132000/414413
train 134000/414413
train 136000/414413
train 138000/414413
train 140000/414413
train 142000/414413
train 144000/414413
train 146000/414413
train 148000/414413
train 150000/414413
train 152000/414413
train 154000/414413
train 156000/414413
train 158000/414413
train 160000/414413
train 162000/414413
train 164000/414413
train 166000/414413
train 168000/414413
train 170000/414413
train 172000/414413
train 174000/414413
train 176000/414413
train 178000/414413
train 180000/414413
train 182000/414413
train 184000/414413
train 186000/414413
train 188000/414413
train 190000/414413
train 192000/414413
train 194000/414413
train 196000/414413
train 198000/414413
train 200000/414413
train 202000/414413
train 204000/414413
train 206000/414413
train 208000/414413
train 210000/414413
train 212000/414413
train 214000/414413
train 216000/414413
train 218000/414413
train 220000/414413
train 222000/414413
train 224000/414413
train 226000/414413
train 228000/414413
train 230000/414413
train 232000/414413
train 234000/414413
train 236000/414413
train 238000/414413
train 240000/414413
train 242000/414413
train 244000/414413
train 246000/414413
train 248000/414413
train 250000/414413
train 252000/414413
train 254000/414413
train 256000/414413
train 258000/414413
train 260000/414413
train 262000/414413
train 264000/414413
train 266000/414413
train 268000/414413
train 270000/414413
train 272000/414413
train 274000/414413
train 276000/414413
train 278000/414413
train 280000/414413
train 282000/414413
train 284000/414413
train 286000/414413
train 288000/414413
train 290000/414413
train 292000/414413
train 294000/414413
train 296000/414413
train 298000/414413
train 300000/414413
train 302000/414413
train 304000/414413
train 306000/414413
train 308000/414413
train 310000/414413
train 312000/414413
train 314000/414413
train 316000/414413
train 318000/414413
train 320000/414413
train 322000/414413
train 324000/414413
train 326000/414413
train 328000/414413
train 330000/414413
train 332000/414413
train 334000/414413
train 336000/414413
train 338000/414413
train 340000/414413
train 342000/414413
train 344000/414413
train 346000/414413
train 348000/414413
train 350000/414413
train 352000/414413
train 354000/414413
train 356000/414413
train 358000/414413
train 360000/414413
train 362000/414413
train 364000/414413
train 366000/414413
train 368000/414413
train 370000/414413
train 372000/414413
train 374000/414413
train 376000/414413
train 378000/414413
train 380000/414413
train 382000/414413
train 384000/414413
train 386000/414413
train 388000/414413
train 390000/414413
train 392000/414413
train 394000/414413
train 396000/414413
train 398000/414413
train 400000/414413
train 402000/414413
train 404000/414413
train 406000/414413
train 408000/414413
train 410000/414413
train 412000/414413
train 414000/414413
val 0/107920
val 2000/107920
val 4000/107920
val 6000/107920
val 8000/107920
val 10000/107920
val 12000/107920
val 14000/107920
val 16000/107920
val 18000/107920
val 20000/107920
val 22000/107920
val 24000/107920
val 26000/107920
val 28000/107920
val 30000/107920
val 32000/107920
val 34000/107920
val 36000/107920
val 38000/107920
val 40000/107920
val 42000/107920
val 44000/107920
val 46000/107920
val 48000/107920
val 50000/107920
val 52000/107920
val 54000/107920
val 56000/107920
val 58000/107920
val 60000/107920
val 62000/107920
val 64000/107920
val 66000/107920
val 68000/107920
val 70000/107920
val 72000/107920
val 74000/107920
val 76000/107920
val 78000/107920
val 80000/107920
val 82000/107920
val 84000/107920
val 86000/107920
val 88000/107920
val 90000/107920
val 92000/107920
val 94000/107920
val 96000/107920
val 98000/107920
val 100000/107920
val 102000/107920
val 104000/107920
val 106000/107920
train 0/414413
train 2000/414413
train 4000/414413
train 6000/414413
train 8000/414413
train 10000/414413
train 12000/414413
train 14000/414413
train 16000/414413
train 18000/414413
train 20000/414413
train 22000/414413
train 24000/414413
train 26000/414413
train 28000/414413
train 30000/414413
train 32000/414413
train 34000/414413
train 36000/414413
train 38000/414413
train 40000/414413
train 42000/414413
train 44000/414413
train 46000/414413
train 48000/414413
train 50000/414413
train 52000/414413
train 54000/414413
train 56000/414413
train 58000/414413
train 60000/414413
train 62000/414413
train 64000/414413
train 66000/414413
train 68000/414413
train 70000/414413
train 72000/414413
train 74000/414413
train 76000/414413
train 78000/414413
train 80000/414413
train 82000/414413
train 84000/414413
train 86000/414413
train 88000/414413
train 90000/414413
train 92000/414413
train 94000/414413
train 96000/414413
train 98000/414413
train 100000/414413
train 102000/414413
train 104000/414413
train 106000/414413
train 108000/414413
train 110000/414413
train 112000/414413
train 114000/414413
train 116000/414413
train 118000/414413
train 120000/414413
train 122000/414413
train 124000/414413
train 126000/414413
train 128000/414413
train 130000/414413
train 132000/414413
train 134000/414413
train 136000/414413
train 138000/414413
train 140000/414413
train 142000/414413
train 144000/414413
train 146000/414413
train 148000/414413
train 150000/414413
train 152000/414413
train 154000/414413
train 156000/414413
train 158000/414413
train 160000/414413
train 162000/414413
train 164000/414413
train 166000/414413
train 168000/414413
train 170000/414413
train 172000/414413
train 174000/414413
train 176000/414413
train 178000/414413
train 180000/414413
train 182000/414413
train 184000/414413
train 186000/414413
train 188000/414413
train 190000/414413
train 192000/414413
train 194000/414413
train 196000/414413
train 198000/414413
train 200000/414413
train 202000/414413
train 204000/414413
train 206000/414413
train 208000/414413
train 210000/414413
train 212000/414413
train 214000/414413
train 216000/414413
train 218000/414413
train 220000/414413
train 222000/414413
train 224000/414413
train 226000/414413
train 228000/414413
train 230000/414413
train 232000/414413
train 234000/414413
train 236000/414413
train 238000/414413
train 240000/414413
train 242000/414413
train 244000/414413
train 246000/414413
train 248000/414413
train 250000/414413
train 252000/414413
train 254000/414413
train 256000/414413
train 258000/414413
train 260000/414413
train 262000/414413
train 264000/414413
train 266000/414413
train 268000/414413
train 270000/414413
train 272000/414413
train 274000/414413
train 276000/414413
train 278000/414413
train 280000/414413
train 282000/414413
train 284000/414413
train 286000/414413
train 288000/414413
train 290000/414413
train 292000/414413
train 294000/414413
train 296000/414413
train 298000/414413
train 300000/414413
train 302000/414413
train 304000/414413
train 306000/414413
train 308000/414413
train 310000/414413
train 312000/414413
train 314000/414413
train 316000/414413
train 318000/414413
train 320000/414413
train 322000/414413
train 324000/414413
train 326000/414413
train 328000/414413
train 330000/414413
train 332000/414413
train 334000/414413
train 336000/414413
train 338000/414413
train 340000/414413
train 342000/414413
train 344000/414413
train 346000/414413
train 348000/414413
train 350000/414413
train 352000/414413
train 354000/414413
train 356000/414413
train 358000/414413
train 360000/414413
train 362000/414413
train 364000/414413
train 366000/414413
train 368000/414413
train 370000/414413
train 372000/414413
train 374000/414413
train 376000/414413
train 378000/414413
train 380000/414413
train 382000/414413
train 384000/414413
train 386000/414413
train 388000/414413
train 390000/414413
train 392000/414413
train 394000/414413
train 396000/414413
train 398000/414413
train 400000/414413
train 402000/414413
train 404000/414413
train 406000/414413
train 408000/414413
train 410000/414413
train 412000/414413
train 414000/414413
val 0/107920
val 2000/107920
val 4000/107920
val 6000/107920
val 8000/107920
val 10000/107920
val 12000/107920
val 14000/107920
val 16000/107920
val 18000/107920
val 20000/107920
val 22000/107920
val 24000/107920
val 26000/107920
val 28000/107920
val 30000/107920
val 32000/107920
val 34000/107920
val 36000/107920
val 38000/107920
val 40000/107920
val 42000/107920
val 44000/107920
val 46000/107920
val 48000/107920
val 50000/107920
val 52000/107920
val 54000/107920
val 56000/107920
val 58000/107920
val 60000/107920
val 62000/107920
val 64000/107920
val 66000/107920
val 68000/107920
val 70000/107920
val 72000/107920
val 74000/107920
val 76000/107920
val 78000/107920
val 80000/107920
val 82000/107920
val 84000/107920
val 86000/107920
val 88000/107920
val 90000/107920
val 92000/107920
val 94000/107920
val 96000/107920
val 98000/107920
val 100000/107920
val 102000/107920
val 104000/107920
val 106000/107920
train 0/414413
train 2000/414413
train 4000/414413
train 6000/414413
train 8000/414413
train 10000/414413
train 12000/414413
train 14000/414413
train 16000/414413
train 18000/414413
train 20000/414413
train 22000/414413
train 24000/414413
train 26000/414413
train 28000/414413
train 30000/414413
train 32000/414413
train 34000/414413
train 36000/414413
train 38000/414413
train 40000/414413
train 42000/414413
train 44000/414413
train 46000/414413
train 48000/414413
train 50000/414413
train 52000/414413
train 54000/414413
train 56000/414413
train 58000/414413
train 60000/414413
train 62000/414413
train 64000/414413
train 66000/414413
train 68000/414413
train 70000/414413
train 72000/414413
train 74000/414413
train 76000/414413
train 78000/414413
train 80000/414413
train 82000/414413
train 84000/414413
train 86000/414413
train 88000/414413
train 90000/414413
train 92000/414413
train 94000/414413
train 96000/414413
train 98000/414413
train 100000/414413
train 102000/414413
train 104000/414413
train 106000/414413
train 108000/414413
train 110000/414413
train 112000/414413
train 114000/414413
train 116000/414413
train 118000/414413
train 120000/414413
train 122000/414413
train 124000/414413
train 126000/414413
train 128000/414413
train 130000/414413
train 132000/414413
train 134000/414413
train 136000/414413
train 138000/414413
train 140000/414413
train 142000/414413
train 144000/414413
train 146000/414413
train 148000/414413
train 150000/414413
train 152000/414413
train 154000/414413
train 156000/414413
train 158000/414413
train 160000/414413
train 162000/414413
train 164000/414413
train 166000/414413
train 168000/414413
train 170000/414413
train 172000/414413
train 174000/414413
train 176000/414413
train 178000/414413
train 180000/414413
train 182000/414413
train 184000/414413
train 186000/414413
train 188000/414413
train 190000/414413
train 192000/414413
train 194000/414413
train 196000/414413
train 198000/414413
train 200000/414413
train 202000/414413
train 204000/414413
train 206000/414413
train 208000/414413
train 210000/414413
train 212000/414413
train 214000/414413
train 216000/414413
train 218000/414413
train 220000/414413
train 222000/414413
train 224000/414413
train 226000/414413
train 228000/414413
train 230000/414413
train 232000/414413
train 234000/414413
train 236000/414413
train 238000/414413
train 240000/414413
train 242000/414413
train 244000/414413
train 246000/414413
train 248000/414413
train 250000/414413
train 252000/414413
train 254000/414413
train 256000/414413
train 258000/414413
train 260000/414413
train 262000/414413
train 264000/414413
train 266000/414413
train 268000/414413
train 270000/414413
train 272000/414413
train 274000/414413
train 276000/414413
train 278000/414413
train 280000/414413
train 282000/414413
train 284000/414413
train 286000/414413
train 288000/414413
train 290000/414413
train 292000/414413
train 294000/414413
train 296000/414413
train 298000/414413
train 300000/414413
train 302000/414413
train 304000/414413
train 306000/414413
train 308000/414413
train 310000/414413
train 312000/414413
train 314000/414413
train 316000/414413
train 318000/414413
train 320000/414413
train 322000/414413
train 324000/414413
train 326000/414413
train 328000/414413
train 330000/414413
train 332000/414413
train 334000/414413
train 336000/414413
train 338000/414413
train 340000/414413
train 342000/414413
train 344000/414413
train 346000/414413
train 348000/414413
train 350000/414413
train 352000/414413
train 354000/414413
train 356000/414413
train 358000/414413
train 360000/414413
train 362000/414413
train 364000/414413
train 366000/414413
train 368000/414413
train 370000/414413
train 372000/414413
train 374000/414413
train 376000/414413
train 378000/414413
train 380000/414413
train 382000/414413
train 384000/414413
train 386000/414413
train 388000/414413
train 390000/414413
train 392000/414413
train 394000/414413
train 396000/414413
train 398000/414413
train 400000/414413
train 402000/414413
train 404000/414413
train 406000/414413
train 408000/414413
train 410000/414413
train 412000/414413
train 414000/414413
val 0/107920
val 2000/107920
val 4000/107920
val 6000/107920
val 8000/107920
val 10000/107920
val 12000/107920
val 14000/107920
val 16000/107920
val 18000/107920
val 20000/107920
val 22000/107920
val 24000/107920
val 26000/107920
val 28000/107920
val 30000/107920
val 32000/107920
val 34000/107920
val 36000/107920
val 38000/107920
val 40000/107920
val 42000/107920
val 44000/107920
val 46000/107920
val 48000/107920
val 50000/107920
val 52000/107920
val 54000/107920
val 56000/107920
val 58000/107920
val 60000/107920
val 62000/107920
val 64000/107920
val 66000/107920
val 68000/107920
val 70000/107920
val 72000/107920
val 74000/107920
val 76000/107920
val 78000/107920
val 80000/107920
val 82000/107920
val 84000/107920
val 86000/107920
val 88000/107920
val 90000/107920
val 92000/107920
val 94000/107920
val 96000/107920
val 98000/107920
val 100000/107920
val 102000/107920
val 104000/107920
val 106000/107920
Trial 03/5 | val_loss = 7.260831 | config = {'batch_size': 10, 'grid_size': 17, 'lr': 6.57610719282754e-05, 'num_heads': 3} | filepath = data/monthly/ten_sample_1993-2003.nc

Best configuration found so far: 
{'batch_size': 10, 'grid_size': 17, 'lr': 6.57610719282754e-05, 'num_heads': 3}
Validation loss: 7.260831
169
301
21
False
train 0/397824
train 2000/397824
train 4000/397824
train 6000/397824
train 8000/397824
train 10000/397824
train 12000/397824
train 14000/397824
train 16000/397824
train 18000/397824
train 20000/397824
train 22000/397824
train 24000/397824
train 26000/397824
train 28000/397824
train 30000/397824
train 32000/397824
train 34000/397824
train 36000/397824
train 38000/397824
train 40000/397824
train 42000/397824
train 44000/397824
train 46000/397824
train 48000/397824
train 50000/397824
train 52000/397824
train 54000/397824
train 56000/397824
train 58000/397824
train 60000/397824
train 62000/397824
train 64000/397824
train 66000/397824
train 68000/397824
train 70000/397824
train 72000/397824
train 74000/397824
train 76000/397824
train 78000/397824
train 80000/397824
train 82000/397824
train 84000/397824
train 86000/397824
train 88000/397824
train 90000/397824
train 92000/397824
train 94000/397824
train 96000/397824
train 98000/397824
train 100000/397824
train 102000/397824
train 104000/397824
train 106000/397824
train 108000/397824
train 110000/397824
train 112000/397824
train 114000/397824
train 116000/397824
train 118000/397824
train 120000/397824
train 122000/397824
train 124000/397824
train 126000/397824
train 128000/397824
train 130000/397824
train 132000/397824
train 134000/397824
train 136000/397824
train 138000/397824
train 140000/397824
train 142000/397824
train 144000/397824
train 146000/397824
train 148000/397824
train 150000/397824
train 152000/397824
train 154000/397824
train 156000/397824
train 158000/397824
train 160000/397824
train 162000/397824
train 164000/397824
train 166000/397824
train 168000/397824
train 170000/397824
train 172000/397824
train 174000/397824
train 176000/397824
train 178000/397824
train 180000/397824
train 182000/397824
train 184000/397824
train 186000/397824
train 188000/397824
train 190000/397824
train 192000/397824
train 194000/397824
train 196000/397824
train 198000/397824
train 200000/397824
train 202000/397824
train 204000/397824
train 206000/397824
train 208000/397824
train 210000/397824
train 212000/397824
train 214000/397824
train 216000/397824
train 218000/397824
train 220000/397824
train 222000/397824
train 224000/397824
train 226000/397824
train 228000/397824
train 230000/397824
train 232000/397824
train 234000/397824
train 236000/397824
train 238000/397824
train 240000/397824
train 242000/397824
train 244000/397824
train 246000/397824
train 248000/397824
train 250000/397824
train 252000/397824
train 254000/397824
train 256000/397824
train 258000/397824
train 260000/397824
train 262000/397824
train 264000/397824
train 266000/397824
train 268000/397824
train 270000/397824
train 272000/397824
train 274000/397824
train 276000/397824
train 278000/397824
train 280000/397824
train 282000/397824
train 284000/397824
train 286000/397824
train 288000/397824
train 290000/397824
train 292000/397824
train 294000/397824
train 296000/397824
train 298000/397824
train 300000/397824
train 302000/397824
train 304000/397824
train 306000/397824
train 308000/397824
train 310000/397824
train 312000/397824
train 314000/397824
train 316000/397824
train 318000/397824
train 320000/397824
train 322000/397824
train 324000/397824
train 326000/397824
train 328000/397824
train 330000/397824
train 332000/397824
train 334000/397824
train 336000/397824
train 338000/397824
train 340000/397824
train 342000/397824
train 344000/397824
train 346000/397824
train 348000/397824
train 350000/397824
train 352000/397824
train 354000/397824
train 356000/397824
train 358000/397824
train 360000/397824
train 362000/397824
train 364000/397824
train 366000/397824
train 368000/397824
train 370000/397824
train 372000/397824
train 374000/397824
train 376000/397824
train 378000/397824
train 380000/397824
train 382000/397824
train 384000/397824
train 386000/397824
train 388000/397824
train 390000/397824
train 392000/397824
train 394000/397824
train 396000/397824
val 0/103600
val 2000/103600
val 4000/103600
val 6000/103600
val 8000/103600
val 10000/103600
val 12000/103600
val 14000/103600
val 16000/103600
val 18000/103600
val 20000/103600
val 22000/103600
val 24000/103600
val 26000/103600
val 28000/103600
val 30000/103600
val 32000/103600
val 34000/103600
val 36000/103600
val 38000/103600
val 40000/103600
val 42000/103600
val 44000/103600
val 46000/103600
val 48000/103600
val 50000/103600
val 52000/103600
val 54000/103600
val 56000/103600
val 58000/103600
val 60000/103600
val 62000/103600
val 64000/103600
val 66000/103600
val 68000/103600
val 70000/103600
val 72000/103600
val 74000/103600
val 76000/103600
val 78000/103600
val 80000/103600
val 82000/103600
val 84000/103600
val 86000/103600
val 88000/103600
val 90000/103600
val 92000/103600
val 94000/103600
val 96000/103600
val 98000/103600
val 100000/103600
val 102000/103600
train 0/397824
train 2000/397824
train 4000/397824
train 6000/397824
train 8000/397824
train 10000/397824
train 12000/397824
train 14000/397824
train 16000/397824
train 18000/397824
train 20000/397824
train 22000/397824
train 24000/397824
train 26000/397824
train 28000/397824
train 30000/397824
train 32000/397824
train 34000/397824
train 36000/397824
train 38000/397824
train 40000/397824
train 42000/397824
train 44000/397824
train 46000/397824
train 48000/397824
train 50000/397824
train 52000/397824
train 54000/397824
train 56000/397824
train 58000/397824
train 60000/397824
train 62000/397824
train 64000/397824
train 66000/397824
train 68000/397824
train 70000/397824
train 72000/397824
train 74000/397824
train 76000/397824
train 78000/397824
train 80000/397824
train 82000/397824
train 84000/397824
train 86000/397824
train 88000/397824
train 90000/397824
train 92000/397824
train 94000/397824
train 96000/397824
train 98000/397824
train 100000/397824
train 102000/397824
train 104000/397824
train 106000/397824
train 108000/397824
train 110000/397824
train 112000/397824
train 114000/397824
train 116000/397824
train 118000/397824
train 120000/397824
train 122000/397824
train 124000/397824
train 126000/397824
train 128000/397824
train 130000/397824
train 132000/397824
train 134000/397824
train 136000/397824
train 138000/397824
train 140000/397824
train 142000/397824
train 144000/397824
train 146000/397824
train 148000/397824
train 150000/397824
train 152000/397824
train 154000/397824
train 156000/397824
train 158000/397824
train 160000/397824
train 162000/397824
train 164000/397824
train 166000/397824
train 168000/397824
train 170000/397824
train 172000/397824
train 174000/397824
train 176000/397824
train 178000/397824
train 180000/397824
train 182000/397824
train 184000/397824
train 186000/397824
train 188000/397824
train 190000/397824
train 192000/397824
train 194000/397824
train 196000/397824
train 198000/397824
train 200000/397824
train 202000/397824
train 204000/397824
train 206000/397824
train 208000/397824
train 210000/397824
train 212000/397824
train 214000/397824
train 216000/397824
train 218000/397824
train 220000/397824
train 222000/397824
train 224000/397824
train 226000/397824
train 228000/397824
train 230000/397824
train 232000/397824
train 234000/397824
train 236000/397824
train 238000/397824
train 240000/397824
train 242000/397824
train 244000/397824
train 246000/397824
train 248000/397824
train 250000/397824
train 252000/397824
train 254000/397824
train 256000/397824
train 258000/397824
train 260000/397824
train 262000/397824
train 264000/397824
train 266000/397824
train 268000/397824
train 270000/397824
train 272000/397824
train 274000/397824
train 276000/397824
train 278000/397824
train 280000/397824
train 282000/397824
train 284000/397824
train 286000/397824
train 288000/397824
train 290000/397824
train 292000/397824
train 294000/397824
train 296000/397824
train 298000/397824
train 300000/397824
train 302000/397824
train 304000/397824
train 306000/397824
train 308000/397824
train 310000/397824
train 312000/397824
train 314000/397824
train 316000/397824
train 318000/397824
train 320000/397824
train 322000/397824
train 324000/397824
train 326000/397824
train 328000/397824
train 330000/397824
train 332000/397824
train 334000/397824
train 336000/397824
train 338000/397824
train 340000/397824
train 342000/397824
train 344000/397824
train 346000/397824
train 348000/397824
train 350000/397824
train 352000/397824
train 354000/397824
train 356000/397824
train 358000/397824
train 360000/397824
train 362000/397824
train 364000/397824
train 366000/397824
train 368000/397824
train 370000/397824
train 372000/397824
train 374000/397824
train 376000/397824
train 378000/397824
train 380000/397824
train 382000/397824
train 384000/397824
train 386000/397824
train 388000/397824
train 390000/397824
train 392000/397824
train 394000/397824
train 396000/397824
val 0/103600
val 2000/103600
val 4000/103600
val 6000/103600
val 8000/103600
val 10000/103600
val 12000/103600
val 14000/103600
val 16000/103600
val 18000/103600
val 20000/103600
val 22000/103600
val 24000/103600
val 26000/103600
val 28000/103600
val 30000/103600
val 32000/103600
val 34000/103600
val 36000/103600
val 38000/103600
val 40000/103600
val 42000/103600
val 44000/103600
val 46000/103600
val 48000/103600
val 50000/103600
val 52000/103600
val 54000/103600
val 56000/103600
val 58000/103600
val 60000/103600
val 62000/103600
val 64000/103600
val 66000/103600
val 68000/103600
val 70000/103600
val 72000/103600
val 74000/103600
val 76000/103600
val 78000/103600
val 80000/103600
val 82000/103600
val 84000/103600
val 86000/103600
val 88000/103600
val 90000/103600
val 92000/103600
val 94000/103600
val 96000/103600
val 98000/103600
val 100000/103600
val 102000/103600
train 0/397824
train 2000/397824
train 4000/397824
train 6000/397824
train 8000/397824
train 10000/397824
train 12000/397824
train 14000/397824
train 16000/397824
train 18000/397824
train 20000/397824
train 22000/397824
train 24000/397824
train 26000/397824
train 28000/397824
train 30000/397824
train 32000/397824
train 34000/397824
train 36000/397824
train 38000/397824
train 40000/397824
train 42000/397824
train 44000/397824
train 46000/397824
train 48000/397824
train 50000/397824
train 52000/397824
train 54000/397824
train 56000/397824
train 58000/397824
train 60000/397824
train 62000/397824
train 64000/397824
train 66000/397824
train 68000/397824
train 70000/397824
train 72000/397824
train 74000/397824
train 76000/397824
train 78000/397824
train 80000/397824
train 82000/397824
train 84000/397824
train 86000/397824
train 88000/397824
train 90000/397824
train 92000/397824
train 94000/397824
train 96000/397824
train 98000/397824
train 100000/397824
train 102000/397824
train 104000/397824
train 106000/397824
train 108000/397824
train 110000/397824
train 112000/397824
train 114000/397824
train 116000/397824
train 118000/397824
train 120000/397824
train 122000/397824
train 124000/397824
train 126000/397824
train 128000/397824
train 130000/397824
train 132000/397824
train 134000/397824
train 136000/397824
train 138000/397824
train 140000/397824
train 142000/397824
train 144000/397824
train 146000/397824
train 148000/397824
train 150000/397824
train 152000/397824
train 154000/397824
train 156000/397824
train 158000/397824
train 160000/397824
train 162000/397824
train 164000/397824
train 166000/397824
train 168000/397824
train 170000/397824
train 172000/397824
train 174000/397824
train 176000/397824
train 178000/397824
train 180000/397824
train 182000/397824
train 184000/397824
train 186000/397824
train 188000/397824
train 190000/397824
train 192000/397824
train 194000/397824
train 196000/397824
train 198000/397824
train 200000/397824
train 202000/397824
train 204000/397824
train 206000/397824
train 208000/397824
train 210000/397824
train 212000/397824
train 214000/397824
train 216000/397824
train 218000/397824
train 220000/397824
train 222000/397824
train 224000/397824
train 226000/397824
train 228000/397824
train 230000/397824
train 232000/397824
train 234000/397824
train 236000/397824
train 238000/397824
train 240000/397824
train 242000/397824
train 244000/397824
train 246000/397824
train 248000/397824
train 250000/397824
train 252000/397824
train 254000/397824
train 256000/397824
train 258000/397824
train 260000/397824
train 262000/397824
train 264000/397824
train 266000/397824
train 268000/397824
train 270000/397824
train 272000/397824
train 274000/397824
train 276000/397824
train 278000/397824
train 280000/397824
train 282000/397824
train 284000/397824
train 286000/397824
train 288000/397824
train 290000/397824
train 292000/397824
train 294000/397824
train 296000/397824
train 298000/397824
train 300000/397824
train 302000/397824
train 304000/397824
train 306000/397824
train 308000/397824
train 310000/397824
train 312000/397824
train 314000/397824
train 316000/397824
train 318000/397824
train 320000/397824
train 322000/397824
train 324000/397824
train 326000/397824
train 328000/397824
train 330000/397824
train 332000/397824
train 334000/397824
train 336000/397824
train 338000/397824
train 340000/397824
train 342000/397824
train 344000/397824
train 346000/397824
train 348000/397824
train 350000/397824
train 352000/397824
train 354000/397824
train 356000/397824
train 358000/397824
train 360000/397824
train 362000/397824
train 364000/397824
train 366000/397824
train 368000/397824
train 370000/397824
train 372000/397824
train 374000/397824
train 376000/397824
train 378000/397824
train 380000/397824
train 382000/397824
train 384000/397824
train 386000/397824
train 388000/397824
train 390000/397824
train 392000/397824
train 394000/397824
train 396000/397824
val 0/103600
val 2000/103600
val 4000/103600
val 6000/103600
val 8000/103600
val 10000/103600
val 12000/103600
val 14000/103600
val 16000/103600
val 18000/103600
val 20000/103600
val 22000/103600
val 24000/103600
val 26000/103600
val 28000/103600
val 30000/103600
val 32000/103600
val 34000/103600
val 36000/103600
val 38000/103600
val 40000/103600
val 42000/103600
val 44000/103600
val 46000/103600
val 48000/103600
val 50000/103600
val 52000/103600
val 54000/103600
val 56000/103600
val 58000/103600
val 60000/103600
val 62000/103600
val 64000/103600
val 66000/103600
val 68000/103600
val 70000/103600
val 72000/103600
val 74000/103600
val 76000/103600
val 78000/103600
val 80000/103600
val 82000/103600
val 84000/103600
val 86000/103600
val 88000/103600
val 90000/103600
val 92000/103600
val 94000/103600
val 96000/103600
val 98000/103600
val 100000/103600
val 102000/103600
train 0/397824
train 2000/397824
train 4000/397824
train 6000/397824
train 8000/397824
train 10000/397824
train 12000/397824
train 14000/397824
train 16000/397824
train 18000/397824
train 20000/397824
train 22000/397824
train 24000/397824
train 26000/397824
train 28000/397824
train 30000/397824
train 32000/397824
train 34000/397824
train 36000/397824
train 38000/397824
train 40000/397824
train 42000/397824
train 44000/397824
train 46000/397824
train 48000/397824
train 50000/397824
train 52000/397824
train 54000/397824
train 56000/397824
train 58000/397824
train 60000/397824
train 62000/397824
train 64000/397824
train 66000/397824
train 68000/397824
train 70000/397824
train 72000/397824
train 74000/397824
train 76000/397824
train 78000/397824
train 80000/397824
train 82000/397824
train 84000/397824
train 86000/397824
train 88000/397824
train 90000/397824
train 92000/397824
train 94000/397824
train 96000/397824
train 98000/397824
train 100000/397824
train 102000/397824
train 104000/397824
train 106000/397824
train 108000/397824
train 110000/397824
train 112000/397824
train 114000/397824
train 116000/397824
train 118000/397824
train 120000/397824
train 122000/397824
train 124000/397824
train 126000/397824
train 128000/397824
train 130000/397824
train 132000/397824
train 134000/397824
train 136000/397824
train 138000/397824
train 140000/397824
train 142000/397824
train 144000/397824
train 146000/397824
train 148000/397824
train 150000/397824
train 152000/397824
train 154000/397824
train 156000/397824
train 158000/397824
train 160000/397824
train 162000/397824
train 164000/397824
train 166000/397824
train 168000/397824
train 170000/397824
train 172000/397824
train 174000/397824
train 176000/397824
train 178000/397824
train 180000/397824
train 182000/397824
train 184000/397824
train 186000/397824
train 188000/397824
train 190000/397824
train 192000/397824
train 194000/397824
train 196000/397824
train 198000/397824
train 200000/397824
train 202000/397824
train 204000/397824
train 206000/397824
train 208000/397824
train 210000/397824
train 212000/397824
train 214000/397824
train 216000/397824
train 218000/397824
train 220000/397824
train 222000/397824
train 224000/397824
train 226000/397824
train 228000/397824
train 230000/397824
train 232000/397824
train 234000/397824
train 236000/397824
train 238000/397824
train 240000/397824
train 242000/397824
train 244000/397824
train 246000/397824
train 248000/397824
train 250000/397824
train 252000/397824
train 254000/397824
train 256000/397824
train 258000/397824
train 260000/397824
train 262000/397824
train 264000/397824
train 266000/397824
train 268000/397824
train 270000/397824
train 272000/397824
train 274000/397824
train 276000/397824
train 278000/397824
train 280000/397824
train 282000/397824
train 284000/397824
train 286000/397824
train 288000/397824
train 290000/397824
train 292000/397824
train 294000/397824
train 296000/397824
train 298000/397824
train 300000/397824
train 302000/397824
train 304000/397824
train 306000/397824
train 308000/397824
train 310000/397824
train 312000/397824
train 314000/397824
train 316000/397824
train 318000/397824
train 320000/397824
train 322000/397824
train 324000/397824
train 326000/397824
train 328000/397824
train 330000/397824
train 332000/397824
train 334000/397824
train 336000/397824
train 338000/397824
train 340000/397824
train 342000/397824
train 344000/397824
train 346000/397824
train 348000/397824
train 350000/397824
train 352000/397824
train 354000/397824
train 356000/397824
train 358000/397824
train 360000/397824
train 362000/397824
train 364000/397824
train 366000/397824
train 368000/397824
train 370000/397824
train 372000/397824
train 374000/397824
train 376000/397824
train 378000/397824
train 380000/397824
train 382000/397824
train 384000/397824
train 386000/397824
train 388000/397824
train 390000/397824
train 392000/397824
train 394000/397824
train 396000/397824
val 0/103600
val 2000/103600
val 4000/103600
val 6000/103600
val 8000/103600
val 10000/103600
val 12000/103600
val 14000/103600
val 16000/103600
val 18000/103600
val 20000/103600
val 22000/103600
val 24000/103600
val 26000/103600
val 28000/103600
val 30000/103600
val 32000/103600
val 34000/103600
val 36000/103600
val 38000/103600
val 40000/103600
val 42000/103600
val 44000/103600
val 46000/103600
val 48000/103600
val 50000/103600
val 52000/103600
val 54000/103600
val 56000/103600
val 58000/103600
val 60000/103600
val 62000/103600
val 64000/103600
val 66000/103600
val 68000/103600
val 70000/103600
val 72000/103600
val 74000/103600
val 76000/103600
val 78000/103600
val 80000/103600
val 82000/103600
val 84000/103600
val 86000/103600
val 88000/103600
val 90000/103600
val 92000/103600
val 94000/103600
val 96000/103600
val 98000/103600
val 100000/103600
val 102000/103600
train 0/397824
train 2000/397824
train 4000/397824
train 6000/397824
train 8000/397824
train 10000/397824
train 12000/397824
train 14000/397824
train 16000/397824
train 18000/397824
train 20000/397824
train 22000/397824
train 24000/397824
train 26000/397824
train 28000/397824
train 30000/397824
train 32000/397824
train 34000/397824
train 36000/397824
train 38000/397824
train 40000/397824
train 42000/397824
train 44000/397824
train 46000/397824
train 48000/397824
train 50000/397824
train 52000/397824
train 54000/397824
train 56000/397824
train 58000/397824
train 60000/397824
train 62000/397824
train 64000/397824
train 66000/397824
train 68000/397824
train 70000/397824
train 72000/397824
train 74000/397824
train 76000/397824
train 78000/397824
train 80000/397824
train 82000/397824
train 84000/397824
train 86000/397824
train 88000/397824
train 90000/397824
train 92000/397824
train 94000/397824
train 96000/397824
train 98000/397824
train 100000/397824
train 102000/397824
train 104000/397824
train 106000/397824
train 108000/397824
train 110000/397824
train 112000/397824
train 114000/397824
train 116000/397824
train 118000/397824
train 120000/397824
train 122000/397824
train 124000/397824
train 126000/397824
train 128000/397824
train 130000/397824
train 132000/397824
train 134000/397824
train 136000/397824
train 138000/397824
train 140000/397824
train 142000/397824
train 144000/397824
train 146000/397824
train 148000/397824
train 150000/397824
train 152000/397824
train 154000/397824
train 156000/397824
train 158000/397824
train 160000/397824
train 162000/397824
train 164000/397824
train 166000/397824
train 168000/397824
train 170000/397824
train 172000/397824
train 174000/397824
train 176000/397824
train 178000/397824
train 180000/397824
train 182000/397824
slurmstepd: error: *** JOB 619544 ON mist047 CANCELLED AT 2025-06-14T13:53:13 DUE TO TIME LIMIT ***

scontrol show job 619544
JobId=619544 JobName=hp_tuning_EBAM_CNN
   UserId=kostouso(3148724) GroupId=ngrisoua(6002522) MCS_label=N/A
   Priority=148956 Nice=0 Account=def-ngrisoua QOS=normal
   JobState=COMPLETING Reason=TimeLimit Dependency=(null)
   Requeue=0 Restarts=0 BatchFlag=1 Reboot=0 ExitCode=0:15
   RunTime=1-00:00:28 TimeLimit=1-00:00:00 TimeMin=N/A
   SubmitTime=2025-06-13T13:52:23 EligibleTime=2025-06-13T13:52:23
   AccrueTime=2025-06-13T13:52:23
   StartTime=2025-06-13T13:52:45 EndTime=2025-06-14T13:53:13 Deadline=N/A
   SuspendTime=None SecsPreSuspend=0 LastSchedEval=2025-06-13T13:52:45 Scheduler=Backfill
   Partition=compute AllocNode:Sid=mist-login01:195216
   ReqNodeList=(null) ExcNodeList=(null)
   NodeList=mist047
   BatchHost=mist047
   NumNodes=1 NumCPUs=8 NumTasks=1 CPUs/Task=8 ReqB:S:C:T=0:0:*:*
   ReqTRES=cpu=8,mem=58800M,node=1,billing=1,gres/gpu=1
   AllocTRES=cpu=8,mem=58800M,node=1,billing=1,gres/gpu=1
   Socks/Node=* NtasksPerN:B:S:C=0:0:*:* CoreSpec=*
   MinCPUsNode=8 MinMemoryNode=58800M MinTmpDiskNode=0
   Features=(null) DelayBoot=00:00:00
   OverSubscribe=OK Contiguous=0 Licenses=(null) Network=(null)
   Command=/gpfs/fs0/scratch/n/ngrisoua/kostouso/OceanPropInfSatImgScratch/OceanPropInfSatImg/jobs/hp_tuning_EBAM_CNN.slurm
   WorkDir=/gpfs/fs0/scratch/n/ngrisoua/kostouso/OceanPropInfSatImgScratch/OceanPropInfSatImg
   Comment=/opt/slurm/bin/sbatch --export=NONE jobs/hp_tuning_EBAM_CNN.slurm 
   StdErr=/scratch/n/ngrisoua/kostouso/logs/hp_tuning_EBAM_CNN_619544.out
   StdIn=/dev/null
   StdOut=/scratch/n/ngrisoua/kostouso/logs/hp_tuning_EBAM_CNN_619544.out
   TresPerNode=gres/gpu:1
   TresPerTask=cpu=8
   

sacct -j 619544
JobID           JobName    Account    Elapsed  MaxVMSize     MaxRSS  SystemCPU    UserCPU ExitCode 
------------ ---------- ---------- ---------- ---------- ---------- ---------- ---------- -------- 
619544       hp_tuning+ def-ngris+ 1-00:00:28                        00:00.163  00:00.345      0:0 
619544.batch      batch def-ngris+ 1-00:00:29  18241792K   4699.50M  00:00.163  00:00.344     0:15 
619544.exte+     extern def-ngris+ 1-00:00:29     94.50M      6592K   00:00:00  00:00.001      0:0 
