169
301
21
False
train 0/7957
train 2000/7957
train 4000/7957
train 6000/7957
val 0/2072
val 2000/2072
train 0/7957
train 2000/7957
train 4000/7957
train 6000/7957
val 0/2072
val 2000/2072
train 0/7957
train 2000/7957
train 4000/7957
train 6000/7957
val 0/2072
val 2000/2072
train 0/7957
train 2000/7957
train 4000/7957
train 6000/7957
val 0/2072
val 2000/2072
train 0/7957
train 2000/7957
train 4000/7957
train 6000/7957
val 0/2072
val 2000/2072
Trial 01/5 | val_loss = 3.962703 | config = {'batch_size': 500, 'first_out': 64, 'grid_size': 21, 'lr': 0.0034103365984137555}

Best configuration found so far: 
{'batch_size': 500,
 'first_out': 64,
 'grid_size': 21,
 'lr': 0.0034103365984137555}
Validation loss: 3.962703
169
301
21
False
train 0/19892
train 2000/19892
train 4000/19892
train 6000/19892
train 8000/19892
train 10000/19892
train 12000/19892
train 14000/19892
train 16000/19892
train 18000/19892
val 0/5180
val 2000/5180
val 4000/5180
train 0/19892
train 2000/19892
train 4000/19892
train 6000/19892
train 8000/19892
train 10000/19892
train 12000/19892
train 14000/19892
train 16000/19892
train 18000/19892
val 0/5180
val 2000/5180
val 4000/5180
train 0/19892
train 2000/19892
train 4000/19892
train 6000/19892
train 8000/19892
train 10000/19892
train 12000/19892
train 14000/19892
train 16000/19892
train 18000/19892
val 0/5180
val 2000/5180
val 4000/5180
train 0/19892
train 2000/19892
train 4000/19892
train 6000/19892
train 8000/19892
train 10000/19892
train 12000/19892
train 14000/19892
train 16000/19892
train 18000/19892
val 0/5180
val 2000/5180
val 4000/5180
train 0/19892
train 2000/19892
train 4000/19892
train 6000/19892
train 8000/19892
train 10000/19892
train 12000/19892
train 14000/19892
train 16000/19892
train 18000/19892
val 0/5180
val 2000/5180
val 4000/5180
Trial 02/5 | val_loss = 1.651622 | config = {'batch_size': 200, 'first_out': 64, 'grid_size': 21, 'lr': 0.0007424908231815006}

Best configuration found so far: 
{'batch_size': 200,
 'first_out': 64,
 'grid_size': 21,
 'lr': 0.0007424908231815006}
Validation loss: 1.651622
169
301
25
False
train 0/38155
train 2000/38155
train 4000/38155
train 6000/38155
train 8000/38155
train 10000/38155
train 12000/38155
train 14000/38155
train 16000/38155
train 18000/38155
train 20000/38155
train 22000/38155
train 24000/38155
train 26000/38155
train 28000/38155
train 30000/38155
train 32000/38155
train 34000/38155
train 36000/38155
train 38000/38155
val 0/9936
val 2000/9936
val 4000/9936
val 6000/9936
val 8000/9936
train 0/38155
train 2000/38155
train 4000/38155
train 6000/38155
train 8000/38155
train 10000/38155
train 12000/38155
train 14000/38155
train 16000/38155
train 18000/38155
train 20000/38155
train 22000/38155
train 24000/38155
train 26000/38155
train 28000/38155
train 30000/38155
train 32000/38155
train 34000/38155
train 36000/38155
train 38000/38155
val 0/9936
val 2000/9936
val 4000/9936
val 6000/9936
val 8000/9936
train 0/38155
train 2000/38155
train 4000/38155
train 6000/38155
train 8000/38155
train 10000/38155
train 12000/38155
train 14000/38155
train 16000/38155
train 18000/38155
train 20000/38155
train 22000/38155
train 24000/38155
train 26000/38155
train 28000/38155
train 30000/38155
train 32000/38155
train 34000/38155
train 36000/38155
train 38000/38155
val 0/9936
val 2000/9936
val 4000/9936
val 6000/9936
val 8000/9936
train 0/38155
train 2000/38155
train 4000/38155
train 6000/38155
train 8000/38155
train 10000/38155
train 12000/38155
train 14000/38155
train 16000/38155
train 18000/38155
train 20000/38155
train 22000/38155
train 24000/38155
train 26000/38155
train 28000/38155
train 30000/38155
train 32000/38155
train 34000/38155
train 36000/38155
train 38000/38155
val 0/9936
val 2000/9936
val 4000/9936
val 6000/9936
val 8000/9936
train 0/38155
train 2000/38155
train 4000/38155
train 6000/38155
train 8000/38155
train 10000/38155
train 12000/38155
train 14000/38155
train 16000/38155
train 18000/38155
train 20000/38155
train 22000/38155
train 24000/38155
train 26000/38155
train 28000/38155
train 30000/38155
train 32000/38155
train 34000/38155
train 36000/38155
train 38000/38155
val 0/9936
val 2000/9936
val 4000/9936
val 6000/9936
val 8000/9936
Trial 03/5 | val_loss = 4.080160 | config = {'batch_size': 100, 'first_out': 8, 'grid_size': 25, 'lr': 1.4795816345422877e-05}

Best configuration found so far: 
{'batch_size': 200,
 'first_out': 64,
 'grid_size': 21,
 'lr': 0.0007424908231815006}
Validation loss: 1.651622
169
301
21
False
train 0/7957
train 2000/7957
train 4000/7957
train 6000/7957
val 0/2072
val 2000/2072
train 0/7957
train 2000/7957
train 4000/7957
train 6000/7957
val 0/2072
val 2000/2072
train 0/7957
train 2000/7957
train 4000/7957
train 6000/7957
val 0/2072
val 2000/2072
train 0/7957
train 2000/7957
train 4000/7957
train 6000/7957
val 0/2072
val 2000/2072
train 0/7957
train 2000/7957
train 4000/7957
train 6000/7957
val 0/2072
val 2000/2072
Trial 04/5 | val_loss = 1.426745 | config = {'batch_size': 500, 'first_out': 32, 'grid_size': 21, 'lr': 0.0023723300729921923}

Best configuration found so far: 
{'batch_size': 500,
 'first_out': 32,
 'grid_size': 21,
 'lr': 0.0023723300729921923}
Validation loss: 1.426745
169
301
21
False
train 0/397824
train 2000/397824
train 4000/397824
train 6000/397824
train 8000/397824
train 10000/397824
train 12000/397824
train 14000/397824
train 16000/397824
train 18000/397824
train 20000/397824
train 22000/397824
train 24000/397824
train 26000/397824
train 28000/397824
train 30000/397824
train 32000/397824
train 34000/397824
train 36000/397824
train 38000/397824
train 40000/397824
train 42000/397824
train 44000/397824
train 46000/397824
train 48000/397824
train 50000/397824
train 52000/397824
train 54000/397824
train 56000/397824
train 58000/397824
train 60000/397824
train 62000/397824
train 64000/397824
train 66000/397824
train 68000/397824
train 70000/397824
train 72000/397824
train 74000/397824
train 76000/397824
train 78000/397824
train 80000/397824
train 82000/397824
train 84000/397824
train 86000/397824
train 88000/397824
train 90000/397824
train 92000/397824
train 94000/397824
train 96000/397824
train 98000/397824
train 100000/397824
train 102000/397824
train 104000/397824
train 106000/397824
train 108000/397824
train 110000/397824
train 112000/397824
train 114000/397824
train 116000/397824
train 118000/397824
train 120000/397824
train 122000/397824
train 124000/397824
train 126000/397824
train 128000/397824
train 130000/397824
train 132000/397824
train 134000/397824
train 136000/397824
train 138000/397824
train 140000/397824
train 142000/397824
train 144000/397824
train 146000/397824
train 148000/397824
train 150000/397824
train 152000/397824
train 154000/397824
train 156000/397824
train 158000/397824
train 160000/397824
train 162000/397824
train 164000/397824
train 166000/397824
train 168000/397824
train 170000/397824
train 172000/397824
train 174000/397824
train 176000/397824
train 178000/397824
train 180000/397824
train 182000/397824
train 184000/397824
train 186000/397824
train 188000/397824
train 190000/397824
train 192000/397824
train 194000/397824
train 196000/397824
train 198000/397824
train 200000/397824
train 202000/397824
train 204000/397824
train 206000/397824
train 208000/397824
train 210000/397824
train 212000/397824
train 214000/397824
train 216000/397824
train 218000/397824
train 220000/397824
train 222000/397824
train 224000/397824
train 226000/397824
train 228000/397824
train 230000/397824
train 232000/397824
train 234000/397824
train 236000/397824
train 238000/397824
train 240000/397824
train 242000/397824
train 244000/397824
train 246000/397824
train 248000/397824
train 250000/397824
train 252000/397824
train 254000/397824
train 256000/397824
train 258000/397824
train 260000/397824
train 262000/397824
train 264000/397824
train 266000/397824
train 268000/397824
train 270000/397824
train 272000/397824
train 274000/397824
train 276000/397824
train 278000/397824
train 280000/397824
train 282000/397824
train 284000/397824
train 286000/397824
train 288000/397824
train 290000/397824
train 292000/397824
train 294000/397824
train 296000/397824
train 298000/397824
train 300000/397824
train 302000/397824
train 304000/397824
train 306000/397824
train 308000/397824
train 310000/397824
train 312000/397824
train 314000/397824
train 316000/397824
train 318000/397824
train 320000/397824
train 322000/397824
train 324000/397824
train 326000/397824
train 328000/397824
train 330000/397824
train 332000/397824
train 334000/397824
train 336000/397824
train 338000/397824
train 340000/397824
train 342000/397824
train 344000/397824
train 346000/397824
train 348000/397824
train 350000/397824
train 352000/397824
train 354000/397824
train 356000/397824
train 358000/397824
train 360000/397824
train 362000/397824
train 364000/397824
train 366000/397824
train 368000/397824
train 370000/397824
train 372000/397824
train 374000/397824
train 376000/397824
train 378000/397824
train 380000/397824
train 382000/397824
train 384000/397824
train 386000/397824
train 388000/397824
train 390000/397824
train 392000/397824
train 394000/397824
train 396000/397824
val 0/103600
val 2000/103600
val 4000/103600
val 6000/103600
val 8000/103600
val 10000/103600
val 12000/103600
val 14000/103600
val 16000/103600
val 18000/103600
val 20000/103600
val 22000/103600
val 24000/103600
val 26000/103600
val 28000/103600
val 30000/103600
val 32000/103600
val 34000/103600
val 36000/103600
val 38000/103600
val 40000/103600
val 42000/103600
val 44000/103600
val 46000/103600
val 48000/103600
val 50000/103600
val 52000/103600
val 54000/103600
val 56000/103600
val 58000/103600
val 60000/103600
val 62000/103600
val 64000/103600
val 66000/103600
val 68000/103600
val 70000/103600
val 72000/103600
val 74000/103600
val 76000/103600
val 78000/103600
val 80000/103600
val 82000/103600
val 84000/103600
val 86000/103600
val 88000/103600
val 90000/103600
val 92000/103600
val 94000/103600
val 96000/103600
val 98000/103600
val 100000/103600
val 102000/103600
train 0/397824
train 2000/397824
train 4000/397824
train 6000/397824
train 8000/397824
train 10000/397824
train 12000/397824
train 14000/397824
train 16000/397824
train 18000/397824
train 20000/397824
train 22000/397824
train 24000/397824
train 26000/397824
train 28000/397824
train 30000/397824
train 32000/397824
train 34000/397824
train 36000/397824
train 38000/397824
train 40000/397824
train 42000/397824
train 44000/397824
train 46000/397824
train 48000/397824
train 50000/397824
train 52000/397824
train 54000/397824
train 56000/397824
train 58000/397824
train 60000/397824
train 62000/397824
train 64000/397824
train 66000/397824
train 68000/397824
train 70000/397824
train 72000/397824
train 74000/397824
train 76000/397824
train 78000/397824
train 80000/397824
train 82000/397824
train 84000/397824
train 86000/397824
train 88000/397824
train 90000/397824
train 92000/397824
train 94000/397824
train 96000/397824
train 98000/397824
train 100000/397824
train 102000/397824
train 104000/397824
train 106000/397824
train 108000/397824
train 110000/397824
train 112000/397824
train 114000/397824
train 116000/397824
train 118000/397824
train 120000/397824
train 122000/397824
train 124000/397824
train 126000/397824
train 128000/397824
train 130000/397824
train 132000/397824
train 134000/397824
train 136000/397824
train 138000/397824
train 140000/397824
train 142000/397824
train 144000/397824
train 146000/397824
train 148000/397824
train 150000/397824
train 152000/397824
train 154000/397824
train 156000/397824
train 158000/397824
train 160000/397824
train 162000/397824
train 164000/397824
train 166000/397824
train 168000/397824
train 170000/397824
train 172000/397824
train 174000/397824
train 176000/397824
train 178000/397824
train 180000/397824
train 182000/397824
train 184000/397824
train 186000/397824
train 188000/397824
train 190000/397824
train 192000/397824
train 194000/397824
train 196000/397824
train 198000/397824
train 200000/397824
train 202000/397824
train 204000/397824
train 206000/397824
train 208000/397824
train 210000/397824
train 212000/397824
train 214000/397824
train 216000/397824
train 218000/397824
train 220000/397824
train 222000/397824
train 224000/397824
train 226000/397824
train 228000/397824
train 230000/397824
train 232000/397824
train 234000/397824
train 236000/397824
train 238000/397824
train 240000/397824
train 242000/397824
train 244000/397824
train 246000/397824
train 248000/397824
train 250000/397824
train 252000/397824
train 254000/397824
train 256000/397824
train 258000/397824
train 260000/397824
train 262000/397824
train 264000/397824
train 266000/397824
train 268000/397824
train 270000/397824
train 272000/397824
train 274000/397824
train 276000/397824
train 278000/397824
train 280000/397824
train 282000/397824
train 284000/397824
train 286000/397824
train 288000/397824
train 290000/397824
train 292000/397824
train 294000/397824
train 296000/397824
train 298000/397824
train 300000/397824
train 302000/397824
train 304000/397824
train 306000/397824
train 308000/397824
train 310000/397824
train 312000/397824
train 314000/397824
train 316000/397824
train 318000/397824
train 320000/397824
train 322000/397824
train 324000/397824
train 326000/397824
train 328000/397824
train 330000/397824
train 332000/397824
train 334000/397824
train 336000/397824
train 338000/397824
train 340000/397824
train 342000/397824
train 344000/397824
train 346000/397824
train 348000/397824
train 350000/397824
train 352000/397824
train 354000/397824
train 356000/397824
train 358000/397824
train 360000/397824
train 362000/397824
train 364000/397824
train 366000/397824
train 368000/397824
train 370000/397824
train 372000/397824
train 374000/397824
train 376000/397824
train 378000/397824
train 380000/397824
train 382000/397824
train 384000/397824
train 386000/397824
train 388000/397824
train 390000/397824
train 392000/397824
train 394000/397824
train 396000/397824
val 0/103600
val 2000/103600
val 4000/103600
val 6000/103600
val 8000/103600
val 10000/103600
val 12000/103600
val 14000/103600
val 16000/103600
val 18000/103600
val 20000/103600
val 22000/103600
val 24000/103600
val 26000/103600
val 28000/103600
val 30000/103600
val 32000/103600
val 34000/103600
val 36000/103600
val 38000/103600
val 40000/103600
val 42000/103600
val 44000/103600
val 46000/103600
val 48000/103600
val 50000/103600
val 52000/103600
val 54000/103600
val 56000/103600
val 58000/103600
val 60000/103600
val 62000/103600
val 64000/103600
val 66000/103600
val 68000/103600
val 70000/103600
val 72000/103600
val 74000/103600
val 76000/103600
val 78000/103600
val 80000/103600
val 82000/103600
val 84000/103600
val 86000/103600
val 88000/103600
val 90000/103600
val 92000/103600
val 94000/103600
val 96000/103600
val 98000/103600
val 100000/103600
val 102000/103600
train 0/397824
train 2000/397824
train 4000/397824
train 6000/397824
train 8000/397824
train 10000/397824
train 12000/397824
train 14000/397824
train 16000/397824
train 18000/397824
train 20000/397824
train 22000/397824
train 24000/397824
train 26000/397824
train 28000/397824
train 30000/397824
train 32000/397824
train 34000/397824
train 36000/397824
train 38000/397824
train 40000/397824
train 42000/397824
train 44000/397824
train 46000/397824
train 48000/397824
train 50000/397824
train 52000/397824
train 54000/397824
train 56000/397824
train 58000/397824
train 60000/397824
train 62000/397824
train 64000/397824
train 66000/397824
train 68000/397824
train 70000/397824
train 72000/397824
train 74000/397824
train 76000/397824
train 78000/397824
train 80000/397824
train 82000/397824
train 84000/397824
train 86000/397824
train 88000/397824
train 90000/397824
train 92000/397824
train 94000/397824
train 96000/397824
train 98000/397824
train 100000/397824
train 102000/397824
train 104000/397824
train 106000/397824
train 108000/397824
train 110000/397824
train 112000/397824
train 114000/397824
train 116000/397824
train 118000/397824
train 120000/397824
train 122000/397824
train 124000/397824
train 126000/397824
train 128000/397824
train 130000/397824
train 132000/397824
train 134000/397824
train 136000/397824
train 138000/397824
train 140000/397824
train 142000/397824
train 144000/397824
train 146000/397824
train 148000/397824
train 150000/397824
train 152000/397824
train 154000/397824
train 156000/397824
train 158000/397824
train 160000/397824
train 162000/397824
train 164000/397824
train 166000/397824
train 168000/397824
train 170000/397824
train 172000/397824
train 174000/397824
train 176000/397824
train 178000/397824
train 180000/397824
train 182000/397824
train 184000/397824
train 186000/397824
train 188000/397824
train 190000/397824
train 192000/397824
train 194000/397824
train 196000/397824
train 198000/397824
train 200000/397824
train 202000/397824
train 204000/397824
train 206000/397824
train 208000/397824
train 210000/397824
train 212000/397824
train 214000/397824
train 216000/397824
train 218000/397824
train 220000/397824
train 222000/397824
train 224000/397824
train 226000/397824
train 228000/397824
train 230000/397824
train 232000/397824
train 234000/397824
train 236000/397824
train 238000/397824
train 240000/397824
train 242000/397824
train 244000/397824
train 246000/397824
train 248000/397824
train 250000/397824
train 252000/397824
train 254000/397824
train 256000/397824
train 258000/397824
train 260000/397824
train 262000/397824
train 264000/397824
train 266000/397824
train 268000/397824
train 270000/397824
train 272000/397824
train 274000/397824
train 276000/397824
train 278000/397824
train 280000/397824
train 282000/397824
train 284000/397824
train 286000/397824
train 288000/397824
train 290000/397824
train 292000/397824
train 294000/397824
train 296000/397824
train 298000/397824
train 300000/397824
train 302000/397824
train 304000/397824
train 306000/397824
train 308000/397824
train 310000/397824
train 312000/397824
train 314000/397824
train 316000/397824
train 318000/397824
train 320000/397824
train 322000/397824
train 324000/397824
train 326000/397824
train 328000/397824
train 330000/397824
train 332000/397824
train 334000/397824
train 336000/397824
train 338000/397824
train 340000/397824
train 342000/397824
train 344000/397824
train 346000/397824
train 348000/397824
train 350000/397824
train 352000/397824
train 354000/397824
train 356000/397824
train 358000/397824
train 360000/397824
train 362000/397824
train 364000/397824
train 366000/397824
train 368000/397824
train 370000/397824
train 372000/397824
train 374000/397824
train 376000/397824
train 378000/397824
train 380000/397824
train 382000/397824
train 384000/397824
train 386000/397824
train 388000/397824
train 390000/397824
train 392000/397824
train 394000/397824
train 396000/397824
val 0/103600
val 2000/103600
val 4000/103600
val 6000/103600
val 8000/103600
val 10000/103600
val 12000/103600
val 14000/103600
val 16000/103600
val 18000/103600
val 20000/103600
val 22000/103600
val 24000/103600
val 26000/103600
val 28000/103600
val 30000/103600
val 32000/103600
val 34000/103600
val 36000/103600
val 38000/103600
val 40000/103600
val 42000/103600
val 44000/103600
val 46000/103600
val 48000/103600
val 50000/103600
val 52000/103600
val 54000/103600
val 56000/103600
val 58000/103600
val 60000/103600
val 62000/103600
val 64000/103600
val 66000/103600
val 68000/103600
val 70000/103600
val 72000/103600
val 74000/103600
val 76000/103600
val 78000/103600
val 80000/103600
val 82000/103600
val 84000/103600
val 86000/103600
val 88000/103600
val 90000/103600
val 92000/103600
val 94000/103600
val 96000/103600
val 98000/103600
val 100000/103600
val 102000/103600
train 0/397824
train 2000/397824
train 4000/397824
train 6000/397824
train 8000/397824
train 10000/397824
train 12000/397824
train 14000/397824
train 16000/397824
train 18000/397824
train 20000/397824
train 22000/397824
train 24000/397824
train 26000/397824
train 28000/397824
train 30000/397824
train 32000/397824
train 34000/397824
train 36000/397824
train 38000/397824
train 40000/397824
train 42000/397824
train 44000/397824
train 46000/397824
train 48000/397824
train 50000/397824
train 52000/397824
train 54000/397824
train 56000/397824
train 58000/397824
train 60000/397824
train 62000/397824
train 64000/397824
train 66000/397824
train 68000/397824
train 70000/397824
train 72000/397824
train 74000/397824
train 76000/397824
train 78000/397824
train 80000/397824
train 82000/397824
train 84000/397824
train 86000/397824
train 88000/397824
train 90000/397824
train 92000/397824
train 94000/397824
train 96000/397824
train 98000/397824
train 100000/397824
train 102000/397824
train 104000/397824
train 106000/397824
train 108000/397824
train 110000/397824
train 112000/397824
train 114000/397824
train 116000/397824
train 118000/397824
train 120000/397824
train 122000/397824
train 124000/397824
train 126000/397824
train 128000/397824
train 130000/397824
train 132000/397824
train 134000/397824
train 136000/397824
train 138000/397824
train 140000/397824
train 142000/397824
train 144000/397824
train 146000/397824
train 148000/397824
train 150000/397824
train 152000/397824
train 154000/397824
train 156000/397824
train 158000/397824
train 160000/397824
train 162000/397824
train 164000/397824
train 166000/397824
train 168000/397824
train 170000/397824
train 172000/397824
train 174000/397824
train 176000/397824
train 178000/397824
train 180000/397824
train 182000/397824
train 184000/397824
train 186000/397824
train 188000/397824
train 190000/397824
train 192000/397824
train 194000/397824
train 196000/397824
train 198000/397824
train 200000/397824
train 202000/397824
train 204000/397824
train 206000/397824
train 208000/397824
train 210000/397824
train 212000/397824
train 214000/397824
train 216000/397824
train 218000/397824
train 220000/397824
train 222000/397824
train 224000/397824
train 226000/397824
train 228000/397824
train 230000/397824
train 232000/397824
train 234000/397824
train 236000/397824
train 238000/397824
train 240000/397824
train 242000/397824
train 244000/397824
train 246000/397824
train 248000/397824
train 250000/397824
train 252000/397824
train 254000/397824
train 256000/397824
train 258000/397824
train 260000/397824
train 262000/397824
train 264000/397824
train 266000/397824
train 268000/397824
train 270000/397824
train 272000/397824
train 274000/397824
train 276000/397824
train 278000/397824
train 280000/397824
train 282000/397824
train 284000/397824
train 286000/397824
train 288000/397824
train 290000/397824
train 292000/397824
train 294000/397824
train 296000/397824
train 298000/397824
train 300000/397824
train 302000/397824
train 304000/397824
train 306000/397824
train 308000/397824
train 310000/397824
train 312000/397824
train 314000/397824
train 316000/397824
train 318000/397824
train 320000/397824
train 322000/397824
train 324000/397824
train 326000/397824
train 328000/397824
train 330000/397824
train 332000/397824
train 334000/397824
train 336000/397824
train 338000/397824
train 340000/397824
train 342000/397824
train 344000/397824
train 346000/397824
train 348000/397824
train 350000/397824
train 352000/397824
train 354000/397824
train 356000/397824
train 358000/397824
train 360000/397824
train 362000/397824
train 364000/397824
train 366000/397824
train 368000/397824
train 370000/397824
train 372000/397824
train 374000/397824
train 376000/397824
train 378000/397824
train 380000/397824
train 382000/397824
train 384000/397824
train 386000/397824
train 388000/397824
train 390000/397824
train 392000/397824
train 394000/397824
train 396000/397824
val 0/103600
val 2000/103600
val 4000/103600
val 6000/103600
val 8000/103600
val 10000/103600
val 12000/103600
val 14000/103600
val 16000/103600
val 18000/103600
val 20000/103600
val 22000/103600
val 24000/103600
val 26000/103600
val 28000/103600
val 30000/103600
val 32000/103600
val 34000/103600
val 36000/103600
val 38000/103600
val 40000/103600
val 42000/103600
val 44000/103600
val 46000/103600
val 48000/103600
val 50000/103600
val 52000/103600
val 54000/103600
val 56000/103600
val 58000/103600
val 60000/103600
val 62000/103600
val 64000/103600
val 66000/103600
val 68000/103600
val 70000/103600
val 72000/103600
val 74000/103600
val 76000/103600
val 78000/103600
val 80000/103600
val 82000/103600
val 84000/103600
val 86000/103600
val 88000/103600
val 90000/103600
val 92000/103600
val 94000/103600
val 96000/103600
val 98000/103600
val 100000/103600
val 102000/103600
train 0/397824
train 2000/397824
train 4000/397824
train 6000/397824
train 8000/397824
train 10000/397824
train 12000/397824
train 14000/397824
train 16000/397824
train 18000/397824
train 20000/397824
train 22000/397824
train 24000/397824
train 26000/397824
train 28000/397824
train 30000/397824
train 32000/397824
train 34000/397824
train 36000/397824
train 38000/397824
train 40000/397824
train 42000/397824
train 44000/397824
train 46000/397824
train 48000/397824
train 50000/397824
train 52000/397824
train 54000/397824
train 56000/397824
train 58000/397824
train 60000/397824
train 62000/397824
train 64000/397824
train 66000/397824
train 68000/397824
train 70000/397824
train 72000/397824
train 74000/397824
train 76000/397824
train 78000/397824
train 80000/397824
train 82000/397824
train 84000/397824
train 86000/397824
train 88000/397824
train 90000/397824
train 92000/397824
train 94000/397824
train 96000/397824
train 98000/397824
train 100000/397824
train 102000/397824
train 104000/397824
train 106000/397824
train 108000/397824
train 110000/397824
train 112000/397824
train 114000/397824
train 116000/397824
train 118000/397824
train 120000/397824
train 122000/397824
train 124000/397824
train 126000/397824
train 128000/397824
train 130000/397824
train 132000/397824
train 134000/397824
train 136000/397824
train 138000/397824
train 140000/397824
train 142000/397824
train 144000/397824
train 146000/397824
train 148000/397824
train 150000/397824
train 152000/397824
train 154000/397824
train 156000/397824
train 158000/397824
train 160000/397824
train 162000/397824
train 164000/397824
train 166000/397824
train 168000/397824
train 170000/397824
train 172000/397824
train 174000/397824
train 176000/397824
train 178000/397824
train 180000/397824
train 182000/397824
train 184000/397824
train 186000/397824
train 188000/397824
train 190000/397824
train 192000/397824
train 194000/397824
train 196000/397824
train 198000/397824
train 200000/397824
train 202000/397824
train 204000/397824
train 206000/397824
train 208000/397824
train 210000/397824
train 212000/397824
train 214000/397824
train 216000/397824
train 218000/397824
train 220000/397824
train 222000/397824
train 224000/397824
train 226000/397824
train 228000/397824
train 230000/397824
train 232000/397824
train 234000/397824
train 236000/397824
train 238000/397824
train 240000/397824
train 242000/397824
train 244000/397824
train 246000/397824
train 248000/397824
train 250000/397824
train 252000/397824
train 254000/397824
train 256000/397824
train 258000/397824
train 260000/397824
train 262000/397824
train 264000/397824
train 266000/397824
train 268000/397824
train 270000/397824
train 272000/397824
train 274000/397824
train 276000/397824
train 278000/397824
train 280000/397824
train 282000/397824
train 284000/397824
train 286000/397824
train 288000/397824
train 290000/397824
train 292000/397824
train 294000/397824
train 296000/397824
train 298000/397824
train 300000/397824
train 302000/397824
train 304000/397824
train 306000/397824
train 308000/397824
train 310000/397824
train 312000/397824
train 314000/397824
train 316000/397824
train 318000/397824
train 320000/397824
train 322000/397824
train 324000/397824
train 326000/397824
train 328000/397824
train 330000/397824
train 332000/397824
train 334000/397824
train 336000/397824
train 338000/397824
train 340000/397824
train 342000/397824
train 344000/397824
train 346000/397824
train 348000/397824
train 350000/397824
train 352000/397824
train 354000/397824
train 356000/397824
train 358000/397824
train 360000/397824
train 362000/397824
train 364000/397824
train 366000/397824
train 368000/397824
train 370000/397824
train 372000/397824
train 374000/397824
train 376000/397824
train 378000/397824
train 380000/397824
train 382000/397824
train 384000/397824
train 386000/397824
train 388000/397824
train 390000/397824
train 392000/397824
train 394000/397824
train 396000/397824
val 0/103600
val 2000/103600
val 4000/103600
val 6000/103600
val 8000/103600
val 10000/103600
val 12000/103600
val 14000/103600
val 16000/103600
val 18000/103600
val 20000/103600
val 22000/103600
val 24000/103600
val 26000/103600
val 28000/103600
val 30000/103600
val 32000/103600
val 34000/103600
val 36000/103600
val 38000/103600
val 40000/103600
val 42000/103600
val 44000/103600
val 46000/103600
val 48000/103600
val 50000/103600
val 52000/103600
val 54000/103600
val 56000/103600
val 58000/103600
val 60000/103600
val 62000/103600
val 64000/103600
val 66000/103600
val 68000/103600
val 70000/103600
val 72000/103600
val 74000/103600
val 76000/103600
val 78000/103600
val 80000/103600
val 82000/103600
val 84000/103600
val 86000/103600
val 88000/103600
val 90000/103600
val 92000/103600
val 94000/103600
val 96000/103600
val 98000/103600
val 100000/103600
val 102000/103600
Trial 05/5 | val_loss = 159.004671 | config = {'batch_size': 10, 'first_out': 16, 'grid_size': 21, 'lr': 0.0032228217847874063}

Best configuration found so far: 
{'batch_size': 500,
 'first_out': 32,
 'grid_size': 21,
 'lr': 0.0023723300729921923}
Validation loss: 1.426745

Best configuration found
{'batch_size': 500,
 'first_out': 32,
 'grid_size': 21,
 'lr': 0.0023723300729921923}
Validation loss: 1.426745
hp_tuning executed

scontrol show job 619549
JobId=619549 JobName=hp_tuning_UNET
   UserId=kostouso(3148724) GroupId=ngrisoua(6002522) MCS_label=N/A
   Priority=148958 Nice=0 Account=def-ngrisoua QOS=normal
   JobState=COMPLETING Reason=None Dependency=(null)
   Requeue=0 Restarts=0 BatchFlag=1 Reboot=0 ExitCode=0:0
   RunTime=15:05:57 TimeLimit=1-00:00:00 TimeMin=N/A
   SubmitTime=2025-06-13T13:52:52 EligibleTime=2025-06-13T13:52:52
   AccrueTime=2025-06-13T13:52:52
   StartTime=2025-06-13T13:54:45 EndTime=2025-06-14T05:00:42 Deadline=N/A
   SuspendTime=None SecsPreSuspend=0 LastSchedEval=2025-06-13T13:54:45 Scheduler=Backfill
   Partition=compute AllocNode:Sid=mist-login01:195216
   ReqNodeList=(null) ExcNodeList=(null)
   NodeList=mist050
   BatchHost=mist050
   NumNodes=1 NumCPUs=8 NumTasks=1 CPUs/Task=8 ReqB:S:C:T=0:0:*:*
   ReqTRES=cpu=8,mem=58800M,node=1,billing=1,gres/gpu=1
   AllocTRES=cpu=8,mem=58800M,node=1,billing=1,gres/gpu=1
   Socks/Node=* NtasksPerN:B:S:C=0:0:*:* CoreSpec=*
   MinCPUsNode=8 MinMemoryNode=58800M MinTmpDiskNode=0
   Features=(null) DelayBoot=00:00:00
   OverSubscribe=OK Contiguous=0 Licenses=(null) Network=(null)
   Command=/gpfs/fs0/scratch/n/ngrisoua/kostouso/OceanPropInfSatImgScratch/OceanPropInfSatImg/jobs/hp_tuning_UNET.slurm
   WorkDir=/gpfs/fs0/scratch/n/ngrisoua/kostouso/OceanPropInfSatImgScratch/OceanPropInfSatImg
   Comment=/opt/slurm/bin/sbatch --export=NONE jobs/hp_tuning_UNET.slurm 
   StdErr=/scratch/n/ngrisoua/kostouso/logs/hp_tuning_UNET_619549.out
   StdIn=/dev/null
   StdOut=/scratch/n/ngrisoua/kostouso/logs/hp_tuning_UNET_619549.out
   TresPerNode=gres/gpu:1
   TresPerTask=cpu=8
   

sacct -j 619549
JobID           JobName    Account    Elapsed  MaxVMSize     MaxRSS  SystemCPU    UserCPU ExitCode 
------------ ---------- ---------- ---------- ---------- ---------- ---------- ---------- -------- 
619549       hp_tuning+ def-ngris+   15:05:57                         00:00:00   00:00:00      0:0 
619549.batch      batch def-ngris+   15:05:57                         00:00:00   00:00:00      0:0 
619549.exte+     extern def-ngris+   15:05:57                         00:00:00   00:00:00      0:0 
