train 0/20721
train 2000/20721
train 4000/20721
train 6000/20721
train 8000/20721
train 10000/20721
train 12000/20721
train 14000/20721
train 16000/20721
train 18000/20721
train 20000/20721
val 0/5181
val 2000/5181
val 4000/5181
train 0/20721
train 2000/20721
train 4000/20721
train 6000/20721
train 8000/20721
train 10000/20721
train 12000/20721
train 14000/20721
train 16000/20721
train 18000/20721
train 20000/20721
val 0/5181
val 2000/5181
val 4000/5181
train 0/20721
train 2000/20721
train 4000/20721
train 6000/20721
train 8000/20721
train 10000/20721
train 12000/20721
train 14000/20721
train 16000/20721
train 18000/20721
train 20000/20721
val 0/5181
val 2000/5181
val 4000/5181
train 0/20721
train 2000/20721
train 4000/20721
train 6000/20721
train 8000/20721
train 10000/20721
train 12000/20721
train 14000/20721
train 16000/20721
train 18000/20721
train 20000/20721
val 0/5181
val 2000/5181
val 4000/5181
train 0/20721
train 2000/20721
train 4000/20721
train 6000/20721
train 8000/20721
train 10000/20721
train 12000/20721
train 14000/20721
train 16000/20721
train 18000/20721
train 20000/20721
val 0/5181
val 2000/5181
val 4000/5181
Trial 01/10 | val_loss = 16.246872 | config = {'base_filters': 8, 'batch_size': 50, 'grid_size': 17, 'lr': 0.0006431172050131991, 'reduction': 8}

Best configuration found so far: 
{'base_filters': 8,
 'batch_size': 50,
 'grid_size': 17,
 'lr': 0.0006431172050131991,
 'reduction': 8}
Validation loss: 16.246872
train 0/19892
train 2000/19892
train 4000/19892
train 6000/19892
train 8000/19892
train 10000/19892
train 12000/19892
train 14000/19892
train 16000/19892
train 18000/19892
val 0/4973
val 2000/4973
val 4000/4973
train 0/19892
train 2000/19892
train 4000/19892
train 6000/19892
train 8000/19892
train 10000/19892
train 12000/19892
train 14000/19892
train 16000/19892
train 18000/19892
val 0/4973
val 2000/4973
val 4000/4973
train 0/19892
train 2000/19892
train 4000/19892
train 6000/19892
train 8000/19892
train 10000/19892
train 12000/19892
train 14000/19892
train 16000/19892
train 18000/19892
val 0/4973
val 2000/4973
val 4000/4973
train 0/19892
train 2000/19892
train 4000/19892
train 6000/19892
train 8000/19892
train 10000/19892
train 12000/19892
train 14000/19892
train 16000/19892
train 18000/19892
val 0/4973
val 2000/4973
val 4000/4973
train 0/19892
train 2000/19892
train 4000/19892
train 6000/19892
train 8000/19892
train 10000/19892
train 12000/19892
train 14000/19892
train 16000/19892
train 18000/19892
val 0/4973
val 2000/4973
val 4000/4973
Trial 02/10 | val_loss = 2.652772 | config = {'base_filters': 64, 'batch_size': 50, 'grid_size': 21, 'lr': 0.00014228041454890738, 'reduction': 2}

Best configuration found so far: 
{'base_filters': 64,
 'batch_size': 50,
 'grid_size': 21,
 'lr': 0.00014228041454890738,
 'reduction': 2}
Validation loss: 2.652772
train 0/95386
train 2000/95386
train 4000/95386
train 6000/95386
train 8000/95386
train 10000/95386
train 12000/95386
train 14000/95386
train 16000/95386
train 18000/95386
train 20000/95386
train 22000/95386
train 24000/95386
train 26000/95386
train 28000/95386
train 30000/95386
train 32000/95386
train 34000/95386
train 36000/95386
train 38000/95386
train 40000/95386
train 42000/95386
train 44000/95386
train 46000/95386
train 48000/95386
train 50000/95386
train 52000/95386
train 54000/95386
train 56000/95386
train 58000/95386
train 60000/95386
train 62000/95386
train 64000/95386
train 66000/95386
train 68000/95386
train 70000/95386
train 72000/95386
train 74000/95386
train 76000/95386
train 78000/95386
train 80000/95386
train 82000/95386
train 84000/95386
train 86000/95386
train 88000/95386
train 90000/95386
train 92000/95386
train 94000/95386
val 0/23847
val 2000/23847
val 4000/23847
val 6000/23847
val 8000/23847
val 10000/23847
val 12000/23847
val 14000/23847
val 16000/23847
val 18000/23847
val 20000/23847
val 22000/23847
train 0/95386
train 2000/95386
train 4000/95386
train 6000/95386
train 8000/95386
train 10000/95386
train 12000/95386
train 14000/95386
train 16000/95386
train 18000/95386
train 20000/95386
train 22000/95386
train 24000/95386
train 26000/95386
train 28000/95386
train 30000/95386
train 32000/95386
train 34000/95386
train 36000/95386
train 38000/95386
train 40000/95386
train 42000/95386
train 44000/95386
train 46000/95386
train 48000/95386
train 50000/95386
train 52000/95386
train 54000/95386
train 56000/95386
train 58000/95386
train 60000/95386
train 62000/95386
train 64000/95386
train 66000/95386
train 68000/95386
train 70000/95386
train 72000/95386
train 74000/95386
train 76000/95386
train 78000/95386
train 80000/95386
train 82000/95386
train 84000/95386
train 86000/95386
train 88000/95386
train 90000/95386
train 92000/95386
train 94000/95386
val 0/23847
val 2000/23847
val 4000/23847
val 6000/23847
val 8000/23847
val 10000/23847
val 12000/23847
val 14000/23847
val 16000/23847
val 18000/23847
val 20000/23847
val 22000/23847
train 0/95386
train 2000/95386
train 4000/95386
train 6000/95386
train 8000/95386
train 10000/95386
train 12000/95386
train 14000/95386
train 16000/95386
train 18000/95386
train 20000/95386
train 22000/95386
train 24000/95386
train 26000/95386
train 28000/95386
train 30000/95386
train 32000/95386
train 34000/95386
train 36000/95386
train 38000/95386
train 40000/95386
train 42000/95386
train 44000/95386
train 46000/95386
train 48000/95386
train 50000/95386
train 52000/95386
train 54000/95386
train 56000/95386
train 58000/95386
train 60000/95386
train 62000/95386
train 64000/95386
train 66000/95386
train 68000/95386
train 70000/95386
train 72000/95386
train 74000/95386
train 76000/95386
train 78000/95386
train 80000/95386
train 82000/95386
train 84000/95386
train 86000/95386
train 88000/95386
train 90000/95386
train 92000/95386
train 94000/95386
val 0/23847
val 2000/23847
val 4000/23847
val 6000/23847
val 8000/23847
val 10000/23847
val 12000/23847
val 14000/23847
val 16000/23847
val 18000/23847
val 20000/23847
val 22000/23847
train 0/95386
train 2000/95386
train 4000/95386
train 6000/95386
train 8000/95386
train 10000/95386
train 12000/95386
train 14000/95386
train 16000/95386
train 18000/95386
train 20000/95386
train 22000/95386
train 24000/95386
train 26000/95386
train 28000/95386
train 30000/95386
train 32000/95386
train 34000/95386
train 36000/95386
train 38000/95386
train 40000/95386
train 42000/95386
train 44000/95386
train 46000/95386
train 48000/95386
train 50000/95386
train 52000/95386
train 54000/95386
train 56000/95386
train 58000/95386
train 60000/95386
train 62000/95386
train 64000/95386
train 66000/95386
train 68000/95386
train 70000/95386
train 72000/95386
train 74000/95386
train 76000/95386
train 78000/95386
train 80000/95386
train 82000/95386
train 84000/95386
train 86000/95386
train 88000/95386
train 90000/95386
train 92000/95386
train 94000/95386
val 0/23847
val 2000/23847
val 4000/23847
val 6000/23847
val 8000/23847
val 10000/23847
val 12000/23847
val 14000/23847
val 16000/23847
val 18000/23847
val 20000/23847
val 22000/23847
train 0/95386
train 2000/95386
train 4000/95386
train 6000/95386
train 8000/95386
train 10000/95386
train 12000/95386
train 14000/95386
train 16000/95386
train 18000/95386
train 20000/95386
train 22000/95386
train 24000/95386
train 26000/95386
train 28000/95386
train 30000/95386
train 32000/95386
train 34000/95386
train 36000/95386
train 38000/95386
train 40000/95386
train 42000/95386
train 44000/95386
train 46000/95386
train 48000/95386
train 50000/95386
train 52000/95386
train 54000/95386
train 56000/95386
train 58000/95386
train 60000/95386
train 62000/95386
train 64000/95386
train 66000/95386
train 68000/95386
train 70000/95386
train 72000/95386
train 74000/95386
train 76000/95386
train 78000/95386
train 80000/95386
train 82000/95386
train 84000/95386
train 86000/95386
train 88000/95386
train 90000/95386
train 92000/95386
train 94000/95386
val 0/23847
val 2000/23847
val 4000/23847
val 6000/23847
val 8000/23847
val 10000/23847
val 12000/23847
val 14000/23847
val 16000/23847
val 18000/23847
val 20000/23847
val 22000/23847
Trial 03/10 | val_loss = 98.039043 | config = {'base_filters': 8, 'batch_size': 10, 'grid_size': 25, 'lr': 0.0002710162626224751, 'reduction': 2}

Best configuration found so far: 
{'base_filters': 64,
 'batch_size': 50,
 'grid_size': 21,
 'lr': 0.00014228041454890738,
 'reduction': 2}
Validation loss: 2.652772
train 0/19892
train 2000/19892
train 4000/19892
train 6000/19892
train 8000/19892
train 10000/19892
train 12000/19892
train 14000/19892
train 16000/19892
train 18000/19892
val 0/4973
val 2000/4973
val 4000/4973
train 0/19892
train 2000/19892
train 4000/19892
train 6000/19892
train 8000/19892
train 10000/19892
train 12000/19892
train 14000/19892
train 16000/19892
train 18000/19892
val 0/4973
val 2000/4973
val 4000/4973
train 0/19892
train 2000/19892
train 4000/19892
train 6000/19892
train 8000/19892
train 10000/19892
train 12000/19892
train 14000/19892
train 16000/19892
train 18000/19892
val 0/4973
val 2000/4973
val 4000/4973
train 0/19892
train 2000/19892
train 4000/19892
train 6000/19892
train 8000/19892
train 10000/19892
train 12000/19892
train 14000/19892
train 16000/19892
train 18000/19892
val 0/4973
val 2000/4973
val 4000/4973
train 0/19892
train 2000/19892
train 4000/19892
train 6000/19892
train 8000/19892
train 10000/19892
train 12000/19892
train 14000/19892
train 16000/19892
train 18000/19892
val 0/4973
val 2000/4973
val 4000/4973
Trial 04/10 | val_loss = 3.235112 | config = {'base_filters': 16, 'batch_size': 50, 'grid_size': 21, 'lr': 1.6334587611069496e-05, 'reduction': 4}

Best configuration found so far: 
{'base_filters': 64,
 'batch_size': 50,
 'grid_size': 21,
 'lr': 0.00014228041454890738,
 'reduction': 2}
Validation loss: 2.652772
train 0/99456
train 2000/99456
train 4000/99456
train 6000/99456
train 8000/99456
train 10000/99456
train 12000/99456
train 14000/99456
train 16000/99456
train 18000/99456
train 20000/99456
train 22000/99456
train 24000/99456
train 26000/99456
train 28000/99456
train 30000/99456
train 32000/99456
train 34000/99456
train 36000/99456
train 38000/99456
train 40000/99456
train 42000/99456
train 44000/99456
train 46000/99456
train 48000/99456
train 50000/99456
train 52000/99456
train 54000/99456
train 56000/99456
train 58000/99456
train 60000/99456
train 62000/99456
train 64000/99456
train 66000/99456
train 68000/99456
train 70000/99456
train 72000/99456
train 74000/99456
train 76000/99456
train 78000/99456
train 80000/99456
train 82000/99456
train 84000/99456
train 86000/99456
train 88000/99456
train 90000/99456
train 92000/99456
train 94000/99456
train 96000/99456
train 98000/99456
val 0/24864
val 2000/24864
val 4000/24864
val 6000/24864
val 8000/24864
val 10000/24864
val 12000/24864
val 14000/24864
val 16000/24864
val 18000/24864
val 20000/24864
val 22000/24864
val 24000/24864
train 0/99456
train 2000/99456
train 4000/99456
train 6000/99456
train 8000/99456
train 10000/99456
train 12000/99456
train 14000/99456
train 16000/99456
train 18000/99456
train 20000/99456
train 22000/99456
train 24000/99456
train 26000/99456
train 28000/99456
train 30000/99456
train 32000/99456
train 34000/99456
train 36000/99456
train 38000/99456
train 40000/99456
train 42000/99456
train 44000/99456
train 46000/99456
train 48000/99456
train 50000/99456
train 52000/99456
train 54000/99456
train 56000/99456
train 58000/99456
train 60000/99456
train 62000/99456
train 64000/99456
train 66000/99456
train 68000/99456
train 70000/99456
train 72000/99456
train 74000/99456
train 76000/99456
train 78000/99456
train 80000/99456
train 82000/99456
train 84000/99456
train 86000/99456
train 88000/99456
train 90000/99456
train 92000/99456
train 94000/99456
train 96000/99456
train 98000/99456
val 0/24864
val 2000/24864
val 4000/24864
val 6000/24864
val 8000/24864
val 10000/24864
val 12000/24864
val 14000/24864
val 16000/24864
val 18000/24864
val 20000/24864
val 22000/24864
val 24000/24864
train 0/99456
train 2000/99456
train 4000/99456
train 6000/99456
train 8000/99456
train 10000/99456
train 12000/99456
train 14000/99456
train 16000/99456
train 18000/99456
train 20000/99456
train 22000/99456
train 24000/99456
train 26000/99456
train 28000/99456
train 30000/99456
train 32000/99456
train 34000/99456
train 36000/99456
train 38000/99456
train 40000/99456
train 42000/99456
train 44000/99456
train 46000/99456
train 48000/99456
train 50000/99456
train 52000/99456
train 54000/99456
train 56000/99456
train 58000/99456
train 60000/99456
train 62000/99456
train 64000/99456
train 66000/99456
train 68000/99456
train 70000/99456
train 72000/99456
train 74000/99456
train 76000/99456
train 78000/99456
train 80000/99456
train 82000/99456
train 84000/99456
train 86000/99456
train 88000/99456
train 90000/99456
train 92000/99456
train 94000/99456
train 96000/99456
train 98000/99456
val 0/24864
val 2000/24864
val 4000/24864
val 6000/24864
val 8000/24864
val 10000/24864
val 12000/24864
val 14000/24864
val 16000/24864
val 18000/24864
val 20000/24864
val 22000/24864
val 24000/24864
train 0/99456
train 2000/99456
train 4000/99456
train 6000/99456
train 8000/99456
train 10000/99456
train 12000/99456
train 14000/99456
train 16000/99456
train 18000/99456
train 20000/99456
train 22000/99456
train 24000/99456
train 26000/99456
train 28000/99456
train 30000/99456
train 32000/99456
train 34000/99456
train 36000/99456
train 38000/99456
train 40000/99456
train 42000/99456
train 44000/99456
train 46000/99456
train 48000/99456
train 50000/99456
train 52000/99456
train 54000/99456
train 56000/99456
train 58000/99456
train 60000/99456
train 62000/99456
train 64000/99456
train 66000/99456
train 68000/99456
train 70000/99456
train 72000/99456
train 74000/99456
train 76000/99456
train 78000/99456
train 80000/99456
train 82000/99456
train 84000/99456
train 86000/99456
train 88000/99456
train 90000/99456
train 92000/99456
train 94000/99456
train 96000/99456
train 98000/99456
val 0/24864
val 2000/24864
val 4000/24864
val 6000/24864
val 8000/24864
val 10000/24864
val 12000/24864
val 14000/24864
val 16000/24864
val 18000/24864
val 20000/24864
val 22000/24864
val 24000/24864
train 0/99456
train 2000/99456
train 4000/99456
train 6000/99456
train 8000/99456
train 10000/99456
train 12000/99456
train 14000/99456
train 16000/99456
train 18000/99456
train 20000/99456
train 22000/99456
train 24000/99456
train 26000/99456
train 28000/99456
train 30000/99456
train 32000/99456
train 34000/99456
train 36000/99456
train 38000/99456
train 40000/99456
train 42000/99456
train 44000/99456
train 46000/99456
train 48000/99456
train 50000/99456
train 52000/99456
train 54000/99456
train 56000/99456
train 58000/99456
train 60000/99456
train 62000/99456
train 64000/99456
train 66000/99456
train 68000/99456
train 70000/99456
train 72000/99456
train 74000/99456
train 76000/99456
train 78000/99456
train 80000/99456
train 82000/99456
train 84000/99456
train 86000/99456
train 88000/99456
train 90000/99456
train 92000/99456
train 94000/99456
train 96000/99456
train 98000/99456
val 0/24864
val 2000/24864
val 4000/24864
val 6000/24864
val 8000/24864
val 10000/24864
val 12000/24864
val 14000/24864
val 16000/24864
val 18000/24864
val 20000/24864
val 22000/24864
val 24000/24864
Trial 05/10 | val_loss = 83.121813 | config = {'base_filters': 8, 'batch_size': 10, 'grid_size': 21, 'lr': 0.0021600820741402038, 'reduction': 2}

Best configuration found so far: 
{'base_filters': 64,
 'batch_size': 50,
 'grid_size': 21,
 'lr': 0.00014228041454890738,
 'reduction': 2}
Validation loss: 2.652772
train 0/99456
train 2000/99456
train 4000/99456
train 6000/99456
train 8000/99456
train 10000/99456
train 12000/99456
train 14000/99456
train 16000/99456
train 18000/99456
train 20000/99456
train 22000/99456
train 24000/99456
train 26000/99456
train 28000/99456
train 30000/99456
train 32000/99456
train 34000/99456
train 36000/99456
train 38000/99456
train 40000/99456
train 42000/99456
train 44000/99456
train 46000/99456
train 48000/99456
train 50000/99456
train 52000/99456
train 54000/99456
train 56000/99456
train 58000/99456
train 60000/99456
train 62000/99456
train 64000/99456
train 66000/99456
train 68000/99456
train 70000/99456
train 72000/99456
train 74000/99456
train 76000/99456
train 78000/99456
train 80000/99456
train 82000/99456
train 84000/99456
train 86000/99456
train 88000/99456
train 90000/99456
train 92000/99456
train 94000/99456
train 96000/99456
train 98000/99456
val 0/24864
val 2000/24864
val 4000/24864
val 6000/24864
val 8000/24864
val 10000/24864
val 12000/24864
val 14000/24864
val 16000/24864
val 18000/24864
val 20000/24864
val 22000/24864
val 24000/24864
train 0/99456
train 2000/99456
train 4000/99456
train 6000/99456
train 8000/99456
train 10000/99456
train 12000/99456
train 14000/99456
train 16000/99456
train 18000/99456
train 20000/99456
train 22000/99456
train 24000/99456
train 26000/99456
train 28000/99456
train 30000/99456
train 32000/99456
train 34000/99456
train 36000/99456
train 38000/99456
train 40000/99456
train 42000/99456
train 44000/99456
train 46000/99456
train 48000/99456
train 50000/99456
train 52000/99456
train 54000/99456
train 56000/99456
train 58000/99456
train 60000/99456
train 62000/99456
train 64000/99456
train 66000/99456
train 68000/99456
train 70000/99456
train 72000/99456
train 74000/99456
train 76000/99456
train 78000/99456
train 80000/99456
train 82000/99456
train 84000/99456
train 86000/99456
train 88000/99456
train 90000/99456
train 92000/99456
train 94000/99456
train 96000/99456
train 98000/99456
val 0/24864
val 2000/24864
val 4000/24864
val 6000/24864
val 8000/24864
val 10000/24864
val 12000/24864
val 14000/24864
val 16000/24864
val 18000/24864
val 20000/24864
val 22000/24864
val 24000/24864
train 0/99456
train 2000/99456
train 4000/99456
train 6000/99456
train 8000/99456
train 10000/99456
train 12000/99456
train 14000/99456
train 16000/99456
train 18000/99456
train 20000/99456
train 22000/99456
train 24000/99456
train 26000/99456
train 28000/99456
train 30000/99456
train 32000/99456
train 34000/99456
train 36000/99456
train 38000/99456
train 40000/99456
train 42000/99456
train 44000/99456
train 46000/99456
train 48000/99456
train 50000/99456
train 52000/99456
train 54000/99456
train 56000/99456
train 58000/99456
train 60000/99456
train 62000/99456
train 64000/99456
train 66000/99456
train 68000/99456
train 70000/99456
train 72000/99456
train 74000/99456
train 76000/99456
train 78000/99456
train 80000/99456
train 82000/99456
train 84000/99456
train 86000/99456
train 88000/99456
train 90000/99456
train 92000/99456
train 94000/99456
train 96000/99456
train 98000/99456
val 0/24864
val 2000/24864
val 4000/24864
val 6000/24864
val 8000/24864
val 10000/24864
val 12000/24864
val 14000/24864
val 16000/24864
val 18000/24864
val 20000/24864
val 22000/24864
val 24000/24864
train 0/99456
train 2000/99456
train 4000/99456
train 6000/99456
train 8000/99456
train 10000/99456
train 12000/99456
train 14000/99456
train 16000/99456
train 18000/99456
train 20000/99456
train 22000/99456
train 24000/99456
train 26000/99456
train 28000/99456
train 30000/99456
train 32000/99456
train 34000/99456
train 36000/99456
train 38000/99456
train 40000/99456
train 42000/99456
train 44000/99456
train 46000/99456
train 48000/99456
train 50000/99456
train 52000/99456
train 54000/99456
train 56000/99456
train 58000/99456
train 60000/99456
train 62000/99456
train 64000/99456
train 66000/99456
train 68000/99456
train 70000/99456
train 72000/99456
train 74000/99456
train 76000/99456
train 78000/99456
train 80000/99456
train 82000/99456
train 84000/99456
train 86000/99456
train 88000/99456
train 90000/99456
train 92000/99456
train 94000/99456
train 96000/99456
train 98000/99456
val 0/24864
val 2000/24864
val 4000/24864
val 6000/24864
val 8000/24864
val 10000/24864
val 12000/24864
val 14000/24864
val 16000/24864
val 18000/24864
val 20000/24864
val 22000/24864
val 24000/24864
train 0/99456
train 2000/99456
train 4000/99456
train 6000/99456
train 8000/99456
train 10000/99456
train 12000/99456
train 14000/99456
train 16000/99456
train 18000/99456
train 20000/99456
train 22000/99456
train 24000/99456
train 26000/99456
train 28000/99456
train 30000/99456
train 32000/99456
train 34000/99456
train 36000/99456
train 38000/99456
train 40000/99456
train 42000/99456
train 44000/99456
train 46000/99456
train 48000/99456
train 50000/99456
train 52000/99456
train 54000/99456
train 56000/99456
train 58000/99456
train 60000/99456
train 62000/99456
train 64000/99456
train 66000/99456
train 68000/99456
train 70000/99456
train 72000/99456
train 74000/99456
train 76000/99456
train 78000/99456
train 80000/99456
train 82000/99456
train 84000/99456
train 86000/99456
train 88000/99456
train 90000/99456
train 92000/99456
train 94000/99456
train 96000/99456
train 98000/99456
val 0/24864
val 2000/24864
val 4000/24864
val 6000/24864
val 8000/24864
val 10000/24864
val 12000/24864
val 14000/24864
val 16000/24864
val 18000/24864
val 20000/24864
val 22000/24864
val 24000/24864
Trial 06/10 | val_loss = 11.642256 | config = {'base_filters': 32, 'batch_size': 10, 'grid_size': 21, 'lr': 0.00024234724484675928, 'reduction': 8}

Best configuration found so far: 
{'base_filters': 64,
 'batch_size': 50,
 'grid_size': 21,
 'lr': 0.00014228041454890738,
 'reduction': 2}
Validation loss: 2.652772
train 0/10361
train 2000/10361
train 4000/10361
train 6000/10361
train 8000/10361
train 10000/10361
val 0/2591
val 2000/2591
train 0/10361
train 2000/10361
train 4000/10361
train 6000/10361
train 8000/10361
train 10000/10361
val 0/2591
val 2000/2591
train 0/10361
train 2000/10361
train 4000/10361
train 6000/10361
train 8000/10361
train 10000/10361
val 0/2591
val 2000/2591
train 0/10361
train 2000/10361
train 4000/10361
train 6000/10361
train 8000/10361
train 10000/10361
val 0/2591
val 2000/2591
train 0/10361
train 2000/10361
train 4000/10361
train 6000/10361
train 8000/10361
train 10000/10361
val 0/2591
val 2000/2591
Trial 07/10 | val_loss = 3.761673 | config = {'base_filters': 64, 'batch_size': 100, 'grid_size': 17, 'lr': 0.0005572619319129035, 'reduction': 4}

Best configuration found so far: 
{'base_filters': 64,
 'batch_size': 50,
 'grid_size': 21,
 'lr': 0.00014228041454890738,
 'reduction': 2}
Validation loss: 2.652772
train 0/95386
train 2000/95386
train 4000/95386
train 6000/95386
train 8000/95386
train 10000/95386
train 12000/95386
train 14000/95386
train 16000/95386
train 18000/95386
train 20000/95386
train 22000/95386
train 24000/95386
train 26000/95386
train 28000/95386
train 30000/95386
train 32000/95386
train 34000/95386
train 36000/95386
train 38000/95386
train 40000/95386
train 42000/95386
train 44000/95386
train 46000/95386
train 48000/95386
train 50000/95386
train 52000/95386
train 54000/95386
train 56000/95386
train 58000/95386
train 60000/95386
train 62000/95386
train 64000/95386
train 66000/95386
train 68000/95386
train 70000/95386
train 72000/95386
train 74000/95386
train 76000/95386
train 78000/95386
train 80000/95386
train 82000/95386
train 84000/95386
train 86000/95386
train 88000/95386
train 90000/95386
train 92000/95386
train 94000/95386
val 0/23847
val 2000/23847
val 4000/23847
val 6000/23847
val 8000/23847
val 10000/23847
val 12000/23847
val 14000/23847
val 16000/23847
val 18000/23847
val 20000/23847
val 22000/23847
train 0/95386
train 2000/95386
train 4000/95386
train 6000/95386
train 8000/95386
train 10000/95386
train 12000/95386
train 14000/95386
train 16000/95386
train 18000/95386
train 20000/95386
train 22000/95386
train 24000/95386
train 26000/95386
train 28000/95386
train 30000/95386
train 32000/95386
train 34000/95386
train 36000/95386
train 38000/95386
train 40000/95386
train 42000/95386
train 44000/95386
train 46000/95386
train 48000/95386
train 50000/95386
train 52000/95386
train 54000/95386
train 56000/95386
train 58000/95386
train 60000/95386
train 62000/95386
train 64000/95386
train 66000/95386
train 68000/95386
train 70000/95386
train 72000/95386
train 74000/95386
train 76000/95386
train 78000/95386
train 80000/95386
train 82000/95386
train 84000/95386
train 86000/95386
train 88000/95386
train 90000/95386
train 92000/95386
train 94000/95386
val 0/23847
val 2000/23847
val 4000/23847
val 6000/23847
val 8000/23847
val 10000/23847
val 12000/23847
val 14000/23847
val 16000/23847
val 18000/23847
val 20000/23847
val 22000/23847
train 0/95386
train 2000/95386
train 4000/95386
train 6000/95386
train 8000/95386
train 10000/95386
train 12000/95386
train 14000/95386
train 16000/95386
train 18000/95386
train 20000/95386
train 22000/95386
train 24000/95386
train 26000/95386
train 28000/95386
train 30000/95386
train 32000/95386
train 34000/95386
train 36000/95386
train 38000/95386
train 40000/95386
train 42000/95386
train 44000/95386
train 46000/95386
train 48000/95386
train 50000/95386
train 52000/95386
train 54000/95386
train 56000/95386
train 58000/95386
train 60000/95386
train 62000/95386
train 64000/95386
train 66000/95386
train 68000/95386
train 70000/95386
train 72000/95386
train 74000/95386
train 76000/95386
train 78000/95386
train 80000/95386
train 82000/95386
train 84000/95386
train 86000/95386
train 88000/95386
train 90000/95386
train 92000/95386
train 94000/95386
val 0/23847
val 2000/23847
val 4000/23847
val 6000/23847
val 8000/23847
val 10000/23847
val 12000/23847
val 14000/23847
val 16000/23847
val 18000/23847
val 20000/23847
val 22000/23847
train 0/95386
train 2000/95386
train 4000/95386
train 6000/95386
train 8000/95386
train 10000/95386
train 12000/95386
train 14000/95386
train 16000/95386
train 18000/95386
train 20000/95386
train 22000/95386
train 24000/95386
train 26000/95386
train 28000/95386
train 30000/95386
train 32000/95386
train 34000/95386
train 36000/95386
train 38000/95386
train 40000/95386
train 42000/95386
train 44000/95386
train 46000/95386
train 48000/95386
train 50000/95386
train 52000/95386
train 54000/95386
train 56000/95386
train 58000/95386
train 60000/95386
train 62000/95386
train 64000/95386
train 66000/95386
train 68000/95386
train 70000/95386
train 72000/95386
train 74000/95386
train 76000/95386
train 78000/95386
train 80000/95386
train 82000/95386
train 84000/95386
train 86000/95386
train 88000/95386
train 90000/95386
train 92000/95386
train 94000/95386
val 0/23847
val 2000/23847
val 4000/23847
val 6000/23847
val 8000/23847
val 10000/23847
val 12000/23847
val 14000/23847
val 16000/23847
val 18000/23847
val 20000/23847
val 22000/23847
train 0/95386
train 2000/95386
train 4000/95386
train 6000/95386
train 8000/95386
train 10000/95386
train 12000/95386
train 14000/95386
train 16000/95386
train 18000/95386
train 20000/95386
train 22000/95386
train 24000/95386
train 26000/95386
train 28000/95386
train 30000/95386
train 32000/95386
train 34000/95386
train 36000/95386
train 38000/95386
train 40000/95386
train 42000/95386
train 44000/95386
train 46000/95386
train 48000/95386
train 50000/95386
train 52000/95386
train 54000/95386
train 56000/95386
train 58000/95386
train 60000/95386
train 62000/95386
train 64000/95386
train 66000/95386
train 68000/95386
train 70000/95386
train 72000/95386
train 74000/95386
train 76000/95386
train 78000/95386
train 80000/95386
train 82000/95386
train 84000/95386
train 86000/95386
train 88000/95386
train 90000/95386
train 92000/95386
train 94000/95386
val 0/23847
val 2000/23847
val 4000/23847
val 6000/23847
val 8000/23847
val 10000/23847
val 12000/23847
val 14000/23847
val 16000/23847
val 18000/23847
val 20000/23847
val 22000/23847
Trial 08/10 | val_loss = 11.850336 | config = {'base_filters': 64, 'batch_size': 10, 'grid_size': 25, 'lr': 0.00017538232373118042, 'reduction': 8}

Best configuration found so far: 
{'base_filters': 64,
 'batch_size': 50,
 'grid_size': 21,
 'lr': 0.00014228041454890738,
 'reduction': 2}
Validation loss: 2.652772
train 0/10361
train 2000/10361
train 4000/10361
train 6000/10361
train 8000/10361
train 10000/10361
val 0/2591
val 2000/2591
train 0/10361
train 2000/10361
train 4000/10361
train 6000/10361
train 8000/10361
train 10000/10361
val 0/2591
val 2000/2591
train 0/10361
train 2000/10361
train 4000/10361
train 6000/10361
train 8000/10361
train 10000/10361
val 0/2591
val 2000/2591
train 0/10361
train 2000/10361
train 4000/10361
train 6000/10361
train 8000/10361
train 10000/10361
val 0/2591
val 2000/2591
train 0/10361
train 2000/10361
train 4000/10361
train 6000/10361
train 8000/10361
train 10000/10361
val 0/2591
val 2000/2591
Trial 09/10 | val_loss = 1.635933 | config = {'base_filters': 32, 'batch_size': 100, 'grid_size': 17, 'lr': 0.0005073432032394333, 'reduction': 2}

Best configuration found so far: 
{'base_filters': 32,
 'batch_size': 100,
 'grid_size': 17,
 'lr': 0.0005073432032394333,
 'reduction': 2}
Validation loss: 1.635933
train 0/19892
train 2000/19892
train 4000/19892
train 6000/19892
train 8000/19892
train 10000/19892
train 12000/19892
train 14000/19892
train 16000/19892
train 18000/19892
val 0/4973
val 2000/4973
val 4000/4973
train 0/19892
train 2000/19892
train 4000/19892
train 6000/19892
train 8000/19892
train 10000/19892
train 12000/19892
train 14000/19892
train 16000/19892
train 18000/19892
val 0/4973
val 2000/4973
val 4000/4973
train 0/19892
train 2000/19892
train 4000/19892
train 6000/19892
train 8000/19892
train 10000/19892
train 12000/19892
train 14000/19892
train 16000/19892
train 18000/19892
val 0/4973
val 2000/4973
val 4000/4973
train 0/19892
train 2000/19892
train 4000/19892
train 6000/19892
train 8000/19892
train 10000/19892
train 12000/19892
train 14000/19892
train 16000/19892
train 18000/19892
val 0/4973
val 2000/4973
val 4000/4973
train 0/19892
train 2000/19892
train 4000/19892
train 6000/19892
train 8000/19892
train 10000/19892
train 12000/19892
train 14000/19892
train 16000/19892
train 18000/19892
val 0/4973
val 2000/4973
val 4000/4973
Trial 10/10 | val_loss = 103.384231 | config = {'base_filters': 8, 'batch_size': 50, 'grid_size': 21, 'lr': 0.0006859416411328697, 'reduction': 16}

Best configuration found so far: 
{'base_filters': 32,
 'batch_size': 100,
 'grid_size': 17,
 'lr': 0.0005073432032394333,
 'reduction': 2}
Validation loss: 1.635933

Best configuration found
{'base_filters': 32,
 'batch_size': 100,
 'grid_size': 17,
 'lr': 0.0005073432032394333,
 'reduction': 2}
Validation loss: 1.635933
hp_tuning executed

scontrol show job 618964
JobId=618964 JobName=hp_tuning_UNETSE
   UserId=kostouso(3148724) GroupId=ngrisoua(6002522) MCS_label=N/A
   Priority=161243 Nice=0 Account=def-ngrisoua QOS=normal
   JobState=COMPLETING Reason=None Dependency=(null)
   Requeue=0 Restarts=0 BatchFlag=1 Reboot=0 ExitCode=0:0
   RunTime=14:40:43 TimeLimit=1-00:00:00 TimeMin=N/A
   SubmitTime=2025-06-12T13:35:48 EligibleTime=2025-06-12T13:35:48
   AccrueTime=2025-06-12T13:35:48
   StartTime=2025-06-12T14:17:02 EndTime=2025-06-13T04:57:45 Deadline=N/A
   SuspendTime=None SecsPreSuspend=0 LastSchedEval=2025-06-12T14:17:02 Scheduler=Backfill
   Partition=compute AllocNode:Sid=mist-login01:2292315
   ReqNodeList=(null) ExcNodeList=(null)
   NodeList=mist051
   BatchHost=mist051
   NumNodes=1 NumCPUs=8 NumTasks=1 CPUs/Task=8 ReqB:S:C:T=0:0:*:*
   ReqTRES=cpu=8,mem=58800M,node=1,billing=1,gres/gpu=1
   AllocTRES=cpu=8,mem=58800M,node=1,billing=1,gres/gpu=1
   Socks/Node=* NtasksPerN:B:S:C=0:0:*:* CoreSpec=*
   MinCPUsNode=8 MinMemoryNode=58800M MinTmpDiskNode=0
   Features=(null) DelayBoot=00:00:00
   OverSubscribe=OK Contiguous=0 Licenses=(null) Network=(null)
   Command=/gpfs/fs0/scratch/n/ngrisoua/kostouso/OceanPropInfSatImgScratch/OceanPropInfSatImg/jobs/hp_tuning_UNETSE.slurm
   WorkDir=/gpfs/fs0/scratch/n/ngrisoua/kostouso/OceanPropInfSatImgScratch/OceanPropInfSatImg
   Comment=/opt/slurm/bin/sbatch --export=NONE jobs/hp_tuning_UNETSE.slurm 
   StdErr=/scratch/n/ngrisoua/kostouso/logs/hp_tuning_UNETSE_618964.out
   StdIn=/dev/null
   StdOut=/scratch/n/ngrisoua/kostouso/logs/hp_tuning_UNETSE_618964.out
   TresPerNode=gres/gpu:1
   TresPerTask=cpu=8
   

sacct -j 618964
JobID           JobName    Account    Elapsed  MaxVMSize     MaxRSS  SystemCPU    UserCPU ExitCode 
------------ ---------- ---------- ---------- ---------- ---------- ---------- ---------- -------- 
618964       hp_tuning+ def-ngris+   14:40:43                         00:00:00   00:00:00      0:0 
618964.batch      batch def-ngris+   14:40:43                         00:00:00   00:00:00      0:0 
618964.exte+     extern def-ngris+   14:40:43                         00:00:00   00:00:00      0:0 
