train 0/99456
train 2000/99456
train 4000/99456
train 6000/99456
train 8000/99456
train 10000/99456
train 12000/99456
train 14000/99456
train 16000/99456
train 18000/99456
train 20000/99456
train 22000/99456
train 24000/99456
train 26000/99456
train 28000/99456
train 30000/99456
train 32000/99456
train 34000/99456
train 36000/99456
train 38000/99456
train 40000/99456
train 42000/99456
train 44000/99456
train 46000/99456
train 48000/99456
train 50000/99456
train 52000/99456
train 54000/99456
train 56000/99456
train 58000/99456
train 60000/99456
train 62000/99456
train 64000/99456
train 66000/99456
train 68000/99456
train 70000/99456
train 72000/99456
train 74000/99456
train 76000/99456
train 78000/99456
train 80000/99456
train 82000/99456
train 84000/99456
train 86000/99456
train 88000/99456
train 90000/99456
train 92000/99456
train 94000/99456
train 96000/99456
train 98000/99456
val 0/24864
val 2000/24864
val 4000/24864
val 6000/24864
val 8000/24864
val 10000/24864
val 12000/24864
val 14000/24864
val 16000/24864
val 18000/24864
val 20000/24864
val 22000/24864
val 24000/24864
train 0/99456
train 2000/99456
train 4000/99456
train 6000/99456
train 8000/99456
train 10000/99456
train 12000/99456
train 14000/99456
train 16000/99456
train 18000/99456
train 20000/99456
train 22000/99456
train 24000/99456
train 26000/99456
train 28000/99456
train 30000/99456
train 32000/99456
train 34000/99456
train 36000/99456
train 38000/99456
train 40000/99456
train 42000/99456
train 44000/99456
train 46000/99456
train 48000/99456
train 50000/99456
train 52000/99456
train 54000/99456
train 56000/99456
train 58000/99456
train 60000/99456
train 62000/99456
train 64000/99456
train 66000/99456
train 68000/99456
train 70000/99456
train 72000/99456
train 74000/99456
train 76000/99456
train 78000/99456
train 80000/99456
train 82000/99456
train 84000/99456
train 86000/99456
train 88000/99456
train 90000/99456
train 92000/99456
train 94000/99456
train 96000/99456
train 98000/99456
val 0/24864
val 2000/24864
val 4000/24864
val 6000/24864
val 8000/24864
val 10000/24864
val 12000/24864
val 14000/24864
val 16000/24864
val 18000/24864
val 20000/24864
val 22000/24864
val 24000/24864
train 0/99456
train 2000/99456
train 4000/99456
train 6000/99456
train 8000/99456
train 10000/99456
train 12000/99456
train 14000/99456
train 16000/99456
train 18000/99456
train 20000/99456
train 22000/99456
train 24000/99456
train 26000/99456
train 28000/99456
train 30000/99456
train 32000/99456
train 34000/99456
train 36000/99456
train 38000/99456
train 40000/99456
train 42000/99456
train 44000/99456
train 46000/99456
train 48000/99456
train 50000/99456
train 52000/99456
train 54000/99456
train 56000/99456
train 58000/99456
train 60000/99456
train 62000/99456
train 64000/99456
train 66000/99456
train 68000/99456
train 70000/99456
train 72000/99456
train 74000/99456
train 76000/99456
train 78000/99456
train 80000/99456
train 82000/99456
train 84000/99456
train 86000/99456
train 88000/99456
train 90000/99456
train 92000/99456
train 94000/99456
train 96000/99456
train 98000/99456
val 0/24864
val 2000/24864
val 4000/24864
val 6000/24864
val 8000/24864
val 10000/24864
val 12000/24864
val 14000/24864
val 16000/24864
val 18000/24864
val 20000/24864
val 22000/24864
val 24000/24864
train 0/99456
train 2000/99456
train 4000/99456
train 6000/99456
train 8000/99456
train 10000/99456
train 12000/99456
train 14000/99456
train 16000/99456
train 18000/99456
train 20000/99456
train 22000/99456
train 24000/99456
train 26000/99456
train 28000/99456
train 30000/99456
train 32000/99456
train 34000/99456
train 36000/99456
train 38000/99456
train 40000/99456
train 42000/99456
train 44000/99456
train 46000/99456
train 48000/99456
train 50000/99456
train 52000/99456
train 54000/99456
train 56000/99456
train 58000/99456
train 60000/99456
train 62000/99456
train 64000/99456
train 66000/99456
train 68000/99456
train 70000/99456
train 72000/99456
train 74000/99456
train 76000/99456
train 78000/99456
train 80000/99456
train 82000/99456
train 84000/99456
train 86000/99456
train 88000/99456
train 90000/99456
train 92000/99456
train 94000/99456
train 96000/99456
train 98000/99456
val 0/24864
val 2000/24864
val 4000/24864
val 6000/24864
val 8000/24864
val 10000/24864
val 12000/24864
val 14000/24864
val 16000/24864
val 18000/24864
val 20000/24864
val 22000/24864
val 24000/24864
train 0/99456
train 2000/99456
train 4000/99456
train 6000/99456
train 8000/99456
train 10000/99456
train 12000/99456
train 14000/99456
train 16000/99456
train 18000/99456
train 20000/99456
train 22000/99456
train 24000/99456
train 26000/99456
train 28000/99456
train 30000/99456
train 32000/99456
train 34000/99456
train 36000/99456
train 38000/99456
train 40000/99456
train 42000/99456
train 44000/99456
train 46000/99456
train 48000/99456
train 50000/99456
train 52000/99456
train 54000/99456
train 56000/99456
train 58000/99456
train 60000/99456
train 62000/99456
train 64000/99456
train 66000/99456
train 68000/99456
train 70000/99456
train 72000/99456
train 74000/99456
train 76000/99456
train 78000/99456
train 80000/99456
train 82000/99456
train 84000/99456
train 86000/99456
train 88000/99456
train 90000/99456
train 92000/99456
train 94000/99456
train 96000/99456
train 98000/99456
val 0/24864
val 2000/24864
val 4000/24864
val 6000/24864
val 8000/24864
val 10000/24864
val 12000/24864
val 14000/24864
val 16000/24864
val 18000/24864
val 20000/24864
val 22000/24864
val 24000/24864
Trial 01/10 | val_loss = 13.257149 | config = {'batch_size': 10, 'first_layer_filters': 64, 'grid_size': 21, 'kernel_size': 1, 'lr': 0.0006431172050131991}

Best configuration found so far: 
{'batch_size': 10,
 'first_layer_filters': 64,
 'grid_size': 21,
 'kernel_size': 1,
 'lr': 0.0006431172050131991}
Validation loss: 13.257149
train 0/1990
val 0/498
train 0/1990
val 0/498
train 0/1990
val 0/498
train 0/1990
val 0/498
train 0/1990
val 0/498
Trial 02/10 | val_loss = 28.963901 | config = {'batch_size': 500, 'first_layer_filters': 64, 'grid_size': 21, 'kernel_size': 3, 'lr': 0.0008663279761354554}

Best configuration found so far: 
{'batch_size': 10,
 'first_layer_filters': 64,
 'grid_size': 21,
 'kernel_size': 1,
 'lr': 0.0006431172050131991}
Validation loss: 13.257149
train 0/95386
train 2000/95386
train 4000/95386
train 6000/95386
train 8000/95386
train 10000/95386
train 12000/95386
train 14000/95386
train 16000/95386
train 18000/95386
train 20000/95386
train 22000/95386
train 24000/95386
train 26000/95386
train 28000/95386
train 30000/95386
train 32000/95386
train 34000/95386
train 36000/95386
train 38000/95386
train 40000/95386
train 42000/95386
train 44000/95386
train 46000/95386
train 48000/95386
train 50000/95386
train 52000/95386
train 54000/95386
train 56000/95386
train 58000/95386
train 60000/95386
train 62000/95386
train 64000/95386
train 66000/95386
train 68000/95386
train 70000/95386
train 72000/95386
train 74000/95386
train 76000/95386
train 78000/95386
train 80000/95386
train 82000/95386
train 84000/95386
train 86000/95386
train 88000/95386
train 90000/95386
train 92000/95386
train 94000/95386
val 0/23847
val 2000/23847
val 4000/23847
val 6000/23847
val 8000/23847
val 10000/23847
val 12000/23847
val 14000/23847
val 16000/23847
val 18000/23847
val 20000/23847
val 22000/23847
train 0/95386
train 2000/95386
train 4000/95386
train 6000/95386
train 8000/95386
train 10000/95386
train 12000/95386
train 14000/95386
train 16000/95386
train 18000/95386
train 20000/95386
train 22000/95386
train 24000/95386
train 26000/95386
train 28000/95386
train 30000/95386
train 32000/95386
train 34000/95386
train 36000/95386
train 38000/95386
train 40000/95386
train 42000/95386
train 44000/95386
train 46000/95386
train 48000/95386
train 50000/95386
train 52000/95386
train 54000/95386
train 56000/95386
train 58000/95386
train 60000/95386
train 62000/95386
train 64000/95386
train 66000/95386
train 68000/95386
train 70000/95386
train 72000/95386
train 74000/95386
train 76000/95386
train 78000/95386
train 80000/95386
train 82000/95386
train 84000/95386
train 86000/95386
train 88000/95386
train 90000/95386
train 92000/95386
train 94000/95386
val 0/23847
val 2000/23847
val 4000/23847
val 6000/23847
val 8000/23847
val 10000/23847
val 12000/23847
val 14000/23847
val 16000/23847
val 18000/23847
val 20000/23847
val 22000/23847
train 0/95386
train 2000/95386
train 4000/95386
train 6000/95386
train 8000/95386
train 10000/95386
train 12000/95386
train 14000/95386
train 16000/95386
train 18000/95386
train 20000/95386
train 22000/95386
train 24000/95386
train 26000/95386
train 28000/95386
train 30000/95386
train 32000/95386
train 34000/95386
train 36000/95386
train 38000/95386
train 40000/95386
train 42000/95386
train 44000/95386
train 46000/95386
train 48000/95386
train 50000/95386
train 52000/95386
train 54000/95386
train 56000/95386
train 58000/95386
train 60000/95386
train 62000/95386
train 64000/95386
train 66000/95386
train 68000/95386
train 70000/95386
train 72000/95386
train 74000/95386
train 76000/95386
train 78000/95386
train 80000/95386
train 82000/95386
train 84000/95386
train 86000/95386
train 88000/95386
train 90000/95386
train 92000/95386
train 94000/95386
val 0/23847
val 2000/23847
val 4000/23847
val 6000/23847
val 8000/23847
val 10000/23847
val 12000/23847
val 14000/23847
val 16000/23847
val 18000/23847
val 20000/23847
val 22000/23847
train 0/95386
train 2000/95386
train 4000/95386
train 6000/95386
train 8000/95386
train 10000/95386
train 12000/95386
train 14000/95386
train 16000/95386
train 18000/95386
train 20000/95386
train 22000/95386
train 24000/95386
train 26000/95386
train 28000/95386
train 30000/95386
train 32000/95386
train 34000/95386
train 36000/95386
train 38000/95386
train 40000/95386
train 42000/95386
train 44000/95386
train 46000/95386
train 48000/95386
train 50000/95386
train 52000/95386
train 54000/95386
train 56000/95386
train 58000/95386
train 60000/95386
train 62000/95386
train 64000/95386
train 66000/95386
train 68000/95386
train 70000/95386
train 72000/95386
train 74000/95386
train 76000/95386
train 78000/95386
train 80000/95386
train 82000/95386
train 84000/95386
train 86000/95386
train 88000/95386
train 90000/95386
train 92000/95386
train 94000/95386
val 0/23847
val 2000/23847
val 4000/23847
val 6000/23847
val 8000/23847
val 10000/23847
val 12000/23847
val 14000/23847
val 16000/23847
val 18000/23847
val 20000/23847
val 22000/23847
train 0/95386
train 2000/95386
train 4000/95386
train 6000/95386
train 8000/95386
train 10000/95386
train 12000/95386
train 14000/95386
train 16000/95386
train 18000/95386
train 20000/95386
train 22000/95386
train 24000/95386
train 26000/95386
train 28000/95386
train 30000/95386
train 32000/95386
train 34000/95386
train 36000/95386
train 38000/95386
train 40000/95386
train 42000/95386
train 44000/95386
train 46000/95386
train 48000/95386
train 50000/95386
train 52000/95386
train 54000/95386
train 56000/95386
train 58000/95386
train 60000/95386
train 62000/95386
train 64000/95386
train 66000/95386
train 68000/95386
train 70000/95386
train 72000/95386
train 74000/95386
train 76000/95386
train 78000/95386
train 80000/95386
train 82000/95386
train 84000/95386
train 86000/95386
train 88000/95386
train 90000/95386
train 92000/95386
train 94000/95386
val 0/23847
val 2000/23847
val 4000/23847
val 6000/23847
val 8000/23847
val 10000/23847
val 12000/23847
val 14000/23847
val 16000/23847
val 18000/23847
val 20000/23847
val 22000/23847
Trial 03/10 | val_loss = 68.186008 | config = {'batch_size': 10, 'first_layer_filters': 64, 'grid_size': 25, 'kernel_size': 1, 'lr': 0.007780155576901415}

Best configuration found so far: 
{'batch_size': 10,
 'first_layer_filters': 64,
 'grid_size': 21,
 'kernel_size': 1,
 'lr': 0.0006431172050131991}
Validation loss: 13.257149
train 0/9539
train 2000/9539
train 4000/9539
train 6000/9539
train 8000/9539
val 0/2385
val 2000/2385
train 0/9539
train 2000/9539
train 4000/9539
train 6000/9539
train 8000/9539
val 0/2385
val 2000/2385
train 0/9539
train 2000/9539
train 4000/9539
train 6000/9539
train 8000/9539
val 0/2385
val 2000/2385
train 0/9539
train 2000/9539
train 4000/9539
train 6000/9539
train 8000/9539
val 0/2385
val 2000/2385
train 0/9539
train 2000/9539
train 4000/9539
train 6000/9539
train 8000/9539
val 0/2385
val 2000/2385
Trial 04/10 | val_loss = 15.196583 | config = {'batch_size': 100, 'first_layer_filters': 16, 'grid_size': 25, 'kernel_size': 3, 'lr': 0.0003860866271460545}

Best configuration found so far: 
{'batch_size': 10,
 'first_layer_filters': 64,
 'grid_size': 21,
 'kernel_size': 1,
 'lr': 0.0006431172050131991}
Validation loss: 13.257149
train 0/99456
train 2000/99456
train 4000/99456
train 6000/99456
train 8000/99456
train 10000/99456
train 12000/99456
train 14000/99456
train 16000/99456
train 18000/99456
train 20000/99456
train 22000/99456
train 24000/99456
train 26000/99456
train 28000/99456
train 30000/99456
train 32000/99456
train 34000/99456
train 36000/99456
train 38000/99456
train 40000/99456
train 42000/99456
train 44000/99456
train 46000/99456
train 48000/99456
train 50000/99456
train 52000/99456
train 54000/99456
train 56000/99456
train 58000/99456
train 60000/99456
train 62000/99456
train 64000/99456
train 66000/99456
train 68000/99456
train 70000/99456
train 72000/99456
train 74000/99456
train 76000/99456
train 78000/99456
train 80000/99456
train 82000/99456
train 84000/99456
train 86000/99456
train 88000/99456
train 90000/99456
train 92000/99456
train 94000/99456
train 96000/99456
train 98000/99456
val 0/24864
val 2000/24864
val 4000/24864
val 6000/24864
val 8000/24864
val 10000/24864
val 12000/24864
val 14000/24864
val 16000/24864
val 18000/24864
val 20000/24864
val 22000/24864
val 24000/24864
train 0/99456
train 2000/99456
train 4000/99456
train 6000/99456
train 8000/99456
train 10000/99456
train 12000/99456
train 14000/99456
train 16000/99456
train 18000/99456
train 20000/99456
train 22000/99456
train 24000/99456
train 26000/99456
train 28000/99456
train 30000/99456
train 32000/99456
train 34000/99456
train 36000/99456
train 38000/99456
train 40000/99456
train 42000/99456
train 44000/99456
train 46000/99456
train 48000/99456
train 50000/99456
train 52000/99456
train 54000/99456
train 56000/99456
train 58000/99456
train 60000/99456
train 62000/99456
train 64000/99456
train 66000/99456
train 68000/99456
train 70000/99456
train 72000/99456
train 74000/99456
train 76000/99456
train 78000/99456
train 80000/99456
train 82000/99456
train 84000/99456
train 86000/99456
train 88000/99456
train 90000/99456
train 92000/99456
train 94000/99456
train 96000/99456
train 98000/99456
val 0/24864
val 2000/24864
val 4000/24864
val 6000/24864
val 8000/24864
val 10000/24864
val 12000/24864
val 14000/24864
val 16000/24864
val 18000/24864
val 20000/24864
val 22000/24864
val 24000/24864
train 0/99456
train 2000/99456
train 4000/99456
train 6000/99456
train 8000/99456
train 10000/99456
train 12000/99456
train 14000/99456
train 16000/99456
train 18000/99456
train 20000/99456
train 22000/99456
train 24000/99456
train 26000/99456
train 28000/99456
train 30000/99456
train 32000/99456
train 34000/99456
train 36000/99456
train 38000/99456
train 40000/99456
train 42000/99456
train 44000/99456
train 46000/99456
train 48000/99456
train 50000/99456
train 52000/99456
train 54000/99456
train 56000/99456
train 58000/99456
train 60000/99456
train 62000/99456
train 64000/99456
train 66000/99456
train 68000/99456
train 70000/99456
train 72000/99456
train 74000/99456
train 76000/99456
train 78000/99456
train 80000/99456
train 82000/99456
train 84000/99456
train 86000/99456
train 88000/99456
train 90000/99456
train 92000/99456
train 94000/99456
train 96000/99456
train 98000/99456
val 0/24864
val 2000/24864
val 4000/24864
val 6000/24864
val 8000/24864
val 10000/24864
val 12000/24864
val 14000/24864
val 16000/24864
val 18000/24864
val 20000/24864
val 22000/24864
val 24000/24864
train 0/99456
train 2000/99456
train 4000/99456
train 6000/99456
train 8000/99456
train 10000/99456
train 12000/99456
train 14000/99456
train 16000/99456
train 18000/99456
train 20000/99456
train 22000/99456
train 24000/99456
train 26000/99456
train 28000/99456
train 30000/99456
train 32000/99456
train 34000/99456
train 36000/99456
train 38000/99456
train 40000/99456
train 42000/99456
train 44000/99456
train 46000/99456
train 48000/99456
train 50000/99456
train 52000/99456
train 54000/99456
train 56000/99456
train 58000/99456
train 60000/99456
train 62000/99456
train 64000/99456
train 66000/99456
train 68000/99456
train 70000/99456
train 72000/99456
train 74000/99456
train 76000/99456
train 78000/99456
train 80000/99456
train 82000/99456
train 84000/99456
train 86000/99456
train 88000/99456
train 90000/99456
train 92000/99456
train 94000/99456
train 96000/99456
train 98000/99456
val 0/24864
val 2000/24864
val 4000/24864
val 6000/24864
val 8000/24864
val 10000/24864
val 12000/24864
val 14000/24864
val 16000/24864
val 18000/24864
val 20000/24864
val 22000/24864
val 24000/24864
train 0/99456
train 2000/99456
train 4000/99456
train 6000/99456
train 8000/99456
train 10000/99456
train 12000/99456
train 14000/99456
train 16000/99456
train 18000/99456
train 20000/99456
train 22000/99456
train 24000/99456
train 26000/99456
train 28000/99456
train 30000/99456
train 32000/99456
train 34000/99456
train 36000/99456
train 38000/99456
train 40000/99456
train 42000/99456
train 44000/99456
train 46000/99456
train 48000/99456
train 50000/99456
train 52000/99456
train 54000/99456
train 56000/99456
train 58000/99456
train 60000/99456
train 62000/99456
train 64000/99456
train 66000/99456
train 68000/99456
train 70000/99456
train 72000/99456
train 74000/99456
train 76000/99456
train 78000/99456
train 80000/99456
train 82000/99456
train 84000/99456
train 86000/99456
train 88000/99456
train 90000/99456
train 92000/99456
train 94000/99456
train 96000/99456
train 98000/99456
val 0/24864
val 2000/24864
val 4000/24864
val 6000/24864
val 8000/24864
val 10000/24864
val 12000/24864
val 14000/24864
val 16000/24864
val 18000/24864
val 20000/24864
val 22000/24864
val 24000/24864
Trial 05/10 | val_loss = 24.800443 | config = {'batch_size': 10, 'first_layer_filters': 16, 'grid_size': 21, 'kernel_size': 3, 'lr': 1.6334587611069496e-05}

Best configuration found so far: 
{'batch_size': 10,
 'first_layer_filters': 64,
 'grid_size': 21,
 'kernel_size': 1,
 'lr': 0.0006431172050131991}
Validation loss: 13.257149
train 0/20721
train 2000/20721
train 4000/20721
train 6000/20721
train 8000/20721
train 10000/20721
train 12000/20721
train 14000/20721
train 16000/20721
train 18000/20721
train 20000/20721
val 0/5181
val 2000/5181
val 4000/5181
train 0/20721
train 2000/20721
train 4000/20721
train 6000/20721
train 8000/20721
train 10000/20721
train 12000/20721
train 14000/20721
train 16000/20721
train 18000/20721
train 20000/20721
val 0/5181
val 2000/5181
val 4000/5181
train 0/20721
train 2000/20721
train 4000/20721
train 6000/20721
train 8000/20721
train 10000/20721
train 12000/20721
train 14000/20721
train 16000/20721
train 18000/20721
train 20000/20721
val 0/5181
val 2000/5181
val 4000/5181
train 0/20721
train 2000/20721
train 4000/20721
train 6000/20721
train 8000/20721
train 10000/20721
train 12000/20721
train 14000/20721
train 16000/20721
train 18000/20721
train 20000/20721
val 0/5181
val 2000/5181
val 4000/5181
train 0/20721
train 2000/20721
train 4000/20721
train 6000/20721
train 8000/20721
train 10000/20721
train 12000/20721
train 14000/20721
train 16000/20721
train 18000/20721
train 20000/20721
val 0/5181
val 2000/5181
val 4000/5181
Trial 06/10 | val_loss = 10.243244 | config = {'batch_size': 50, 'first_layer_filters': 8, 'grid_size': 17, 'kernel_size': 3, 'lr': 0.007438159327920404}

Best configuration found so far: 
{'batch_size': 50,
 'first_layer_filters': 8,
 'grid_size': 17,
 'kernel_size': 3,
 'lr': 0.007438159327920404}
Validation loss: 10.243244
train 0/2073
train 2000/2073
val 0/519
train 0/2073
train 2000/2073
val 0/519
train 0/2073
train 2000/2073
val 0/519
train 0/2073
train 2000/2073
val 0/519
train 0/2073
train 2000/2073
val 0/519
Trial 07/10 | val_loss = 11.119035 | config = {'batch_size': 500, 'first_layer_filters': 64, 'grid_size': 17, 'kernel_size': 1, 'lr': 0.0002635264040018726}

Best configuration found so far: 
{'batch_size': 50,
 'first_layer_filters': 8,
 'grid_size': 17,
 'kernel_size': 3,
 'lr': 0.007438159327920404}
Validation loss: 10.243244
train 0/19892
train 2000/19892
train 4000/19892
train 6000/19892
train 8000/19892
train 10000/19892
train 12000/19892
train 14000/19892
train 16000/19892
train 18000/19892
val 0/4973
val 2000/4973
val 4000/4973
train 0/19892
train 2000/19892
train 4000/19892
train 6000/19892
train 8000/19892
train 10000/19892
train 12000/19892
train 14000/19892
train 16000/19892
train 18000/19892
val 0/4973
val 2000/4973
val 4000/4973
train 0/19892
train 2000/19892
train 4000/19892
train 6000/19892
train 8000/19892
train 10000/19892
train 12000/19892
train 14000/19892
train 16000/19892
train 18000/19892
val 0/4973
val 2000/4973
val 4000/4973
train 0/19892
train 2000/19892
train 4000/19892
train 6000/19892
train 8000/19892
train 10000/19892
train 12000/19892
train 14000/19892
train 16000/19892
train 18000/19892
val 0/4973
val 2000/4973
val 4000/4973
train 0/19892
train 2000/19892
train 4000/19892
train 6000/19892
train 8000/19892
train 10000/19892
train 12000/19892
train 14000/19892
train 16000/19892
train 18000/19892
val 0/4973
val 2000/4973
val 4000/4973
Trial 08/10 | val_loss = 10.917706 | config = {'batch_size': 50, 'first_layer_filters': 64, 'grid_size': 21, 'kernel_size': 3, 'lr': 0.001088024288293846}

Best configuration found so far: 
{'batch_size': 50,
 'first_layer_filters': 8,
 'grid_size': 17,
 'kernel_size': 3,
 'lr': 0.007438159327920404}
Validation loss: 10.243244
train 0/1990
val 0/498
train 0/1990
val 0/498
train 0/1990
val 0/498
train 0/1990
val 0/498
train 0/1990
val 0/498
Trial 09/10 | val_loss = 14.051040 | config = {'batch_size': 500, 'first_layer_filters': 8, 'grid_size': 21, 'kernel_size': 3, 'lr': 0.00040937346448417404}

Best configuration found so far: 
{'batch_size': 50,
 'first_layer_filters': 8,
 'grid_size': 17,
 'kernel_size': 3,
 'lr': 0.007438159327920404}
Validation loss: 10.243244
train 0/95386
train 2000/95386
train 4000/95386
train 6000/95386
train 8000/95386
train 10000/95386
train 12000/95386
train 14000/95386
train 16000/95386
train 18000/95386
train 20000/95386
train 22000/95386
train 24000/95386
train 26000/95386
train 28000/95386
train 30000/95386
train 32000/95386
train 34000/95386
train 36000/95386
train 38000/95386
train 40000/95386
train 42000/95386
train 44000/95386
train 46000/95386
train 48000/95386
train 50000/95386
train 52000/95386
train 54000/95386
train 56000/95386
train 58000/95386
train 60000/95386
train 62000/95386
train 64000/95386
train 66000/95386
train 68000/95386
train 70000/95386
train 72000/95386
train 74000/95386
train 76000/95386
train 78000/95386
train 80000/95386
train 82000/95386
train 84000/95386
train 86000/95386
train 88000/95386
train 90000/95386
train 92000/95386
train 94000/95386
val 0/23847
val 2000/23847
val 4000/23847
val 6000/23847
val 8000/23847
val 10000/23847
val 12000/23847
val 14000/23847
val 16000/23847
val 18000/23847
val 20000/23847
val 22000/23847
train 0/95386
train 2000/95386
train 4000/95386
train 6000/95386
train 8000/95386
train 10000/95386
train 12000/95386
train 14000/95386
train 16000/95386
train 18000/95386
train 20000/95386
train 22000/95386
train 24000/95386
train 26000/95386
train 28000/95386
train 30000/95386
train 32000/95386
train 34000/95386
train 36000/95386
train 38000/95386
train 40000/95386
train 42000/95386
train 44000/95386
train 46000/95386
train 48000/95386
train 50000/95386
train 52000/95386
train 54000/95386
train 56000/95386
train 58000/95386
train 60000/95386
train 62000/95386
train 64000/95386
train 66000/95386
train 68000/95386
train 70000/95386
train 72000/95386
train 74000/95386
train 76000/95386
train 78000/95386
train 80000/95386
train 82000/95386
train 84000/95386
train 86000/95386
train 88000/95386
train 90000/95386
train 92000/95386
train 94000/95386
val 0/23847
val 2000/23847
val 4000/23847
val 6000/23847
val 8000/23847
val 10000/23847
val 12000/23847
val 14000/23847
val 16000/23847
val 18000/23847
val 20000/23847
val 22000/23847
train 0/95386
train 2000/95386
train 4000/95386
train 6000/95386
train 8000/95386
train 10000/95386
train 12000/95386
train 14000/95386
train 16000/95386
train 18000/95386
train 20000/95386
train 22000/95386
train 24000/95386
train 26000/95386
train 28000/95386
train 30000/95386
train 32000/95386
train 34000/95386
train 36000/95386
train 38000/95386
train 40000/95386
train 42000/95386
train 44000/95386
train 46000/95386
train 48000/95386
train 50000/95386
train 52000/95386
train 54000/95386
train 56000/95386
train 58000/95386
train 60000/95386
train 62000/95386
train 64000/95386
train 66000/95386
train 68000/95386
train 70000/95386
train 72000/95386
train 74000/95386
train 76000/95386
train 78000/95386
train 80000/95386
train 82000/95386
train 84000/95386
train 86000/95386
train 88000/95386
train 90000/95386
train 92000/95386
train 94000/95386
val 0/23847
val 2000/23847
val 4000/23847
val 6000/23847
val 8000/23847
val 10000/23847
val 12000/23847
val 14000/23847
val 16000/23847
val 18000/23847
val 20000/23847
val 22000/23847
train 0/95386
train 2000/95386
train 4000/95386
train 6000/95386
train 8000/95386
train 10000/95386
train 12000/95386
train 14000/95386
train 16000/95386
train 18000/95386
train 20000/95386
train 22000/95386
train 24000/95386
train 26000/95386
train 28000/95386
train 30000/95386
train 32000/95386
train 34000/95386
train 36000/95386
train 38000/95386
train 40000/95386
train 42000/95386
train 44000/95386
train 46000/95386
train 48000/95386
train 50000/95386
train 52000/95386
train 54000/95386
train 56000/95386
train 58000/95386
train 60000/95386
train 62000/95386
train 64000/95386
train 66000/95386
train 68000/95386
train 70000/95386
train 72000/95386
train 74000/95386
train 76000/95386
train 78000/95386
train 80000/95386
train 82000/95386
train 84000/95386
train 86000/95386
train 88000/95386
train 90000/95386
train 92000/95386
train 94000/95386
val 0/23847
val 2000/23847
val 4000/23847
val 6000/23847
val 8000/23847
val 10000/23847
val 12000/23847
val 14000/23847
val 16000/23847
val 18000/23847
val 20000/23847
val 22000/23847
train 0/95386
train 2000/95386
train 4000/95386
train 6000/95386
train 8000/95386
train 10000/95386
train 12000/95386
train 14000/95386
train 16000/95386
train 18000/95386
train 20000/95386
train 22000/95386
train 24000/95386
train 26000/95386
train 28000/95386
train 30000/95386
train 32000/95386
train 34000/95386
train 36000/95386
train 38000/95386
train 40000/95386
train 42000/95386
train 44000/95386
train 46000/95386
train 48000/95386
train 50000/95386
train 52000/95386
train 54000/95386
train 56000/95386
train 58000/95386
train 60000/95386
train 62000/95386
train 64000/95386
train 66000/95386
train 68000/95386
train 70000/95386
train 72000/95386
train 74000/95386
train 76000/95386
train 78000/95386
train 80000/95386
train 82000/95386
train 84000/95386
train 86000/95386
train 88000/95386
train 90000/95386
train 92000/95386
train 94000/95386
val 0/23847
val 2000/23847
val 4000/23847
val 6000/23847
val 8000/23847
val 10000/23847
val 12000/23847
val 14000/23847
val 16000/23847
val 18000/23847
val 20000/23847
val 22000/23847
Trial 10/10 | val_loss = 11.119250 | config = {'batch_size': 10, 'first_layer_filters': 64, 'grid_size': 25, 'kernel_size': 1, 'lr': 0.00026351252231361926}

Best configuration found so far: 
{'batch_size': 50,
 'first_layer_filters': 8,
 'grid_size': 17,
 'kernel_size': 3,
 'lr': 0.007438159327920404}
Validation loss: 10.243244

Best configuration found
{'batch_size': 50,
 'first_layer_filters': 8,
 'grid_size': 17,
 'kernel_size': 3,
 'lr': 0.007438159327920404}
Validation loss: 10.243244
hp_tuning executed

scontrol show job 618961
JobId=618961 JobName=hp_tuning_DA_CNN
   UserId=kostouso(3148724) GroupId=ngrisoua(6002522) MCS_label=N/A
   Priority=161237 Nice=0 Account=def-ngrisoua QOS=normal
   JobState=COMPLETING Reason=None Dependency=(null)
   Requeue=0 Restarts=0 BatchFlag=1 Reboot=0 ExitCode=0:0
   RunTime=08:23:14 TimeLimit=1-00:00:00 TimeMin=N/A
   SubmitTime=2025-06-12T13:35:04 EligibleTime=2025-06-12T13:35:04
   AccrueTime=2025-06-12T13:35:04
   StartTime=2025-06-12T14:13:32 EndTime=2025-06-12T22:36:46 Deadline=N/A
   SuspendTime=None SecsPreSuspend=0 LastSchedEval=2025-06-12T14:13:32 Scheduler=Backfill
   Partition=compute AllocNode:Sid=mist-login01:2292315
   ReqNodeList=(null) ExcNodeList=(null)
   NodeList=mist053
   BatchHost=mist053
   NumNodes=1 NumCPUs=8 NumTasks=1 CPUs/Task=8 ReqB:S:C:T=0:0:*:*
   ReqTRES=cpu=8,mem=58800M,node=1,billing=1,gres/gpu=1
   AllocTRES=cpu=8,mem=58800M,node=1,billing=1,gres/gpu=1
   Socks/Node=* NtasksPerN:B:S:C=0:0:*:* CoreSpec=*
   MinCPUsNode=8 MinMemoryNode=58800M MinTmpDiskNode=0
   Features=(null) DelayBoot=00:00:00
   OverSubscribe=OK Contiguous=0 Licenses=(null) Network=(null)
   Command=/gpfs/fs0/scratch/n/ngrisoua/kostouso/OceanPropInfSatImgScratch/OceanPropInfSatImg/jobs/hp_tuning_DA_CNN.slurm
   WorkDir=/gpfs/fs0/scratch/n/ngrisoua/kostouso/OceanPropInfSatImgScratch/OceanPropInfSatImg
   Comment=/opt/slurm/bin/sbatch --export=NONE jobs/hp_tuning_DA_CNN.slurm 
   StdErr=/scratch/n/ngrisoua/kostouso/logs/hp_tuning_DA_CNN_618961.out
   StdIn=/dev/null
   StdOut=/scratch/n/ngrisoua/kostouso/logs/hp_tuning_DA_CNN_618961.out
   TresPerNode=gres/gpu:1
   TresPerTask=cpu=8
   

sacct -j 618961
JobID           JobName    Account    Elapsed  MaxVMSize     MaxRSS  SystemCPU    UserCPU ExitCode 
------------ ---------- ---------- ---------- ---------- ---------- ---------- ---------- -------- 
618961       hp_tuning+ def-ngris+   08:23:14                         00:00:00   00:00:00      0:0 
618961.batch      batch def-ngris+   08:23:14                         00:00:00   00:00:00      0:0 
618961.exte+     extern def-ngris+   08:23:14                         00:00:00   00:00:00      0:0 
