train 0/99456
train 2000/99456
train 4000/99456
train 6000/99456
train 8000/99456
train 10000/99456
train 12000/99456
train 14000/99456
train 16000/99456
train 18000/99456
train 20000/99456
train 22000/99456
train 24000/99456
train 26000/99456
train 28000/99456
train 30000/99456
train 32000/99456
train 34000/99456
train 36000/99456
train 38000/99456
train 40000/99456
train 42000/99456
train 44000/99456
train 46000/99456
train 48000/99456
train 50000/99456
train 52000/99456
train 54000/99456
train 56000/99456
train 58000/99456
train 60000/99456
train 62000/99456
train 64000/99456
train 66000/99456
train 68000/99456
train 70000/99456
train 72000/99456
train 74000/99456
train 76000/99456
train 78000/99456
train 80000/99456
train 82000/99456
train 84000/99456
train 86000/99456
train 88000/99456
train 90000/99456
train 92000/99456
train 94000/99456
train 96000/99456
train 98000/99456
val 0/24864
val 2000/24864
val 4000/24864
val 6000/24864
val 8000/24864
val 10000/24864
val 12000/24864
val 14000/24864
val 16000/24864
val 18000/24864
val 20000/24864
val 22000/24864
val 24000/24864
train 0/99456
train 2000/99456
train 4000/99456
train 6000/99456
train 8000/99456
train 10000/99456
train 12000/99456
train 14000/99456
train 16000/99456
train 18000/99456
train 20000/99456
train 22000/99456
train 24000/99456
train 26000/99456
train 28000/99456
train 30000/99456
train 32000/99456
train 34000/99456
train 36000/99456
train 38000/99456
train 40000/99456
train 42000/99456
train 44000/99456
train 46000/99456
train 48000/99456
train 50000/99456
train 52000/99456
train 54000/99456
train 56000/99456
train 58000/99456
train 60000/99456
train 62000/99456
train 64000/99456
train 66000/99456
train 68000/99456
train 70000/99456
train 72000/99456
train 74000/99456
train 76000/99456
train 78000/99456
train 80000/99456
train 82000/99456
train 84000/99456
train 86000/99456
train 88000/99456
train 90000/99456
train 92000/99456
train 94000/99456
train 96000/99456
train 98000/99456
val 0/24864
val 2000/24864
val 4000/24864
val 6000/24864
val 8000/24864
val 10000/24864
val 12000/24864
val 14000/24864
val 16000/24864
val 18000/24864
val 20000/24864
val 22000/24864
val 24000/24864
train 0/99456
train 2000/99456
train 4000/99456
train 6000/99456
train 8000/99456
train 10000/99456
train 12000/99456
train 14000/99456
train 16000/99456
train 18000/99456
train 20000/99456
train 22000/99456
train 24000/99456
train 26000/99456
train 28000/99456
train 30000/99456
train 32000/99456
train 34000/99456
train 36000/99456
train 38000/99456
train 40000/99456
train 42000/99456
train 44000/99456
train 46000/99456
train 48000/99456
train 50000/99456
train 52000/99456
train 54000/99456
train 56000/99456
train 58000/99456
train 60000/99456
train 62000/99456
train 64000/99456
train 66000/99456
train 68000/99456
train 70000/99456
train 72000/99456
train 74000/99456
train 76000/99456
train 78000/99456
train 80000/99456
train 82000/99456
train 84000/99456
train 86000/99456
train 88000/99456
train 90000/99456
train 92000/99456
train 94000/99456
train 96000/99456
train 98000/99456
val 0/24864
val 2000/24864
val 4000/24864
val 6000/24864
val 8000/24864
val 10000/24864
val 12000/24864
val 14000/24864
val 16000/24864
val 18000/24864
val 20000/24864
val 22000/24864
val 24000/24864
train 0/99456
train 2000/99456
train 4000/99456
train 6000/99456
train 8000/99456
train 10000/99456
train 12000/99456
train 14000/99456
train 16000/99456
train 18000/99456
train 20000/99456
train 22000/99456
train 24000/99456
train 26000/99456
train 28000/99456
train 30000/99456
train 32000/99456
train 34000/99456
train 36000/99456
train 38000/99456
train 40000/99456
train 42000/99456
train 44000/99456
train 46000/99456
train 48000/99456
train 50000/99456
train 52000/99456
train 54000/99456
train 56000/99456
train 58000/99456
train 60000/99456
train 62000/99456
train 64000/99456
train 66000/99456
train 68000/99456
train 70000/99456
train 72000/99456
train 74000/99456
train 76000/99456
train 78000/99456
train 80000/99456
train 82000/99456
train 84000/99456
train 86000/99456
train 88000/99456
train 90000/99456
train 92000/99456
train 94000/99456
train 96000/99456
train 98000/99456
val 0/24864
val 2000/24864
val 4000/24864
val 6000/24864
val 8000/24864
val 10000/24864
val 12000/24864
val 14000/24864
val 16000/24864
val 18000/24864
val 20000/24864
val 22000/24864
val 24000/24864
train 0/99456
train 2000/99456
train 4000/99456
train 6000/99456
train 8000/99456
train 10000/99456
train 12000/99456
train 14000/99456
train 16000/99456
train 18000/99456
train 20000/99456
train 22000/99456
train 24000/99456
train 26000/99456
train 28000/99456
train 30000/99456
train 32000/99456
train 34000/99456
train 36000/99456
train 38000/99456
train 40000/99456
train 42000/99456
train 44000/99456
train 46000/99456
train 48000/99456
train 50000/99456
train 52000/99456
train 54000/99456
train 56000/99456
train 58000/99456
train 60000/99456
train 62000/99456
train 64000/99456
train 66000/99456
train 68000/99456
train 70000/99456
train 72000/99456
train 74000/99456
train 76000/99456
train 78000/99456
train 80000/99456
train 82000/99456
train 84000/99456
train 86000/99456
train 88000/99456
train 90000/99456
train 92000/99456
train 94000/99456
train 96000/99456
train 98000/99456
val 0/24864
val 2000/24864
val 4000/24864
val 6000/24864
val 8000/24864
val 10000/24864
val 12000/24864
val 14000/24864
val 16000/24864
val 18000/24864
val 20000/24864
val 22000/24864
val 24000/24864
Trial 01/10 | val_loss = 15.918289 | config = {'batch_size': 10, 'first_out': 64, 'grid_size': 21, 'lr': 0.0034103365984137555}

Best configuration found so far: 
{'batch_size': 10,
 'first_out': 64,
 'grid_size': 21,
 'lr': 0.0034103365984137555}
Validation loss: 15.918289
train 0/19892
train 2000/19892
train 4000/19892
train 6000/19892
train 8000/19892
train 10000/19892
train 12000/19892
train 14000/19892
train 16000/19892
train 18000/19892
val 0/4973
val 2000/4973
val 4000/4973
train 0/19892
train 2000/19892
train 4000/19892
train 6000/19892
train 8000/19892
train 10000/19892
train 12000/19892
train 14000/19892
train 16000/19892
train 18000/19892
val 0/4973
val 2000/4973
val 4000/4973
train 0/19892
train 2000/19892
train 4000/19892
train 6000/19892
train 8000/19892
train 10000/19892
train 12000/19892
train 14000/19892
train 16000/19892
train 18000/19892
val 0/4973
val 2000/4973
val 4000/4973
train 0/19892
train 2000/19892
train 4000/19892
train 6000/19892
train 8000/19892
train 10000/19892
train 12000/19892
train 14000/19892
train 16000/19892
train 18000/19892
val 0/4973
val 2000/4973
val 4000/4973
train 0/19892
train 2000/19892
train 4000/19892
train 6000/19892
train 8000/19892
train 10000/19892
train 12000/19892
train 14000/19892
train 16000/19892
train 18000/19892
val 0/4973
val 2000/4973
val 4000/4973
Trial 02/10 | val_loss = 2.432787 | config = {'batch_size': 50, 'first_out': 64, 'grid_size': 21, 'lr': 0.00014228041454890738}

Best configuration found so far: 
{'batch_size': 50,
 'first_out': 64,
 'grid_size': 21,
 'lr': 0.00014228041454890738}
Validation loss: 2.432787
train 0/10361
train 2000/10361
train 4000/10361
train 6000/10361
train 8000/10361
train 10000/10361
val 0/2591
val 2000/2591
train 0/10361
train 2000/10361
train 4000/10361
train 6000/10361
train 8000/10361
train 10000/10361
val 0/2591
val 2000/2591
train 0/10361
train 2000/10361
train 4000/10361
train 6000/10361
train 8000/10361
train 10000/10361
val 0/2591
val 2000/2591
train 0/10361
train 2000/10361
train 4000/10361
train 6000/10361
train 8000/10361
train 10000/10361
val 0/2591
val 2000/2591
train 0/10361
train 2000/10361
train 4000/10361
train 6000/10361
train 8000/10361
train 10000/10361
val 0/2591
val 2000/2591
Trial 03/10 | val_loss = 2.337034 | config = {'batch_size': 100, 'first_out': 8, 'grid_size': 17, 'lr': 6.57610719282754e-05}

Best configuration found so far: 
{'batch_size': 100, 'first_out': 8, 'grid_size': 17, 'lr': 6.57610719282754e-05}
Validation loss: 2.337034
train 0/19078
train 2000/19078
train 4000/19078
train 6000/19078
train 8000/19078
train 10000/19078
train 12000/19078
train 14000/19078
train 16000/19078
train 18000/19078
val 0/4770
val 2000/4770
val 4000/4770
train 0/19078
train 2000/19078
train 4000/19078
train 6000/19078
train 8000/19078
train 10000/19078
train 12000/19078
train 14000/19078
train 16000/19078
train 18000/19078
val 0/4770
val 2000/4770
val 4000/4770
train 0/19078
train 2000/19078
train 4000/19078
train 6000/19078
train 8000/19078
train 10000/19078
train 12000/19078
train 14000/19078
train 16000/19078
train 18000/19078
val 0/4770
val 2000/4770
val 4000/4770
train 0/19078
train 2000/19078
train 4000/19078
train 6000/19078
train 8000/19078
train 10000/19078
train 12000/19078
train 14000/19078
train 16000/19078
train 18000/19078
val 0/4770
val 2000/4770
val 4000/4770
train 0/19078
train 2000/19078
train 4000/19078
train 6000/19078
train 8000/19078
train 10000/19078
train 12000/19078
train 14000/19078
train 16000/19078
train 18000/19078
val 0/4770
val 2000/4770
val 4000/4770
Trial 04/10 | val_loss = 98.103802 | config = {'batch_size': 50, 'first_out': 32, 'grid_size': 25, 'lr': 0.000505980387466043}

Best configuration found so far: 
{'batch_size': 100, 'first_out': 8, 'grid_size': 17, 'lr': 6.57610719282754e-05}
Validation loss: 2.337034
train 0/19892
train 2000/19892
train 4000/19892
train 6000/19892
train 8000/19892
train 10000/19892
train 12000/19892
train 14000/19892
train 16000/19892
train 18000/19892
val 0/4973
val 2000/4973
val 4000/4973
train 0/19892
train 2000/19892
train 4000/19892
train 6000/19892
train 8000/19892
train 10000/19892
train 12000/19892
train 14000/19892
train 16000/19892
train 18000/19892
val 0/4973
val 2000/4973
val 4000/4973
train 0/19892
train 2000/19892
train 4000/19892
train 6000/19892
train 8000/19892
train 10000/19892
train 12000/19892
train 14000/19892
train 16000/19892
train 18000/19892
val 0/4973
val 2000/4973
val 4000/4973
train 0/19892
train 2000/19892
train 4000/19892
train 6000/19892
train 8000/19892
train 10000/19892
train 12000/19892
train 14000/19892
train 16000/19892
train 18000/19892
val 0/4973
val 2000/4973
val 4000/4973
train 0/19892
train 2000/19892
train 4000/19892
train 6000/19892
train 8000/19892
train 10000/19892
train 12000/19892
train 14000/19892
train 16000/19892
train 18000/19892
val 0/4973
val 2000/4973
val 4000/4973
Trial 05/10 | val_loss = 2.573948 | config = {'batch_size': 50, 'first_out': 16, 'grid_size': 21, 'lr': 0.0001028462547983763}

Best configuration found so far: 
{'batch_size': 100, 'first_out': 8, 'grid_size': 17, 'lr': 6.57610719282754e-05}
Validation loss: 2.337034
train 0/103604
train 2000/103604
train 4000/103604
train 6000/103604
train 8000/103604
train 10000/103604
train 12000/103604
train 14000/103604
train 16000/103604
train 18000/103604
train 20000/103604
train 22000/103604
train 24000/103604
train 26000/103604
train 28000/103604
train 30000/103604
train 32000/103604
train 34000/103604
train 36000/103604
train 38000/103604
train 40000/103604
train 42000/103604
train 44000/103604
train 46000/103604
train 48000/103604
train 50000/103604
train 52000/103604
train 54000/103604
train 56000/103604
train 58000/103604
train 60000/103604
train 62000/103604
train 64000/103604
train 66000/103604
train 68000/103604
train 70000/103604
train 72000/103604
train 74000/103604
train 76000/103604
train 78000/103604
train 80000/103604
train 82000/103604
train 84000/103604
train 86000/103604
train 88000/103604
train 90000/103604
train 92000/103604
train 94000/103604
train 96000/103604
train 98000/103604
train 100000/103604
train 102000/103604
val 0/25901
val 2000/25901
val 4000/25901
val 6000/25901
val 8000/25901
val 10000/25901
val 12000/25901
val 14000/25901
val 16000/25901
val 18000/25901
val 20000/25901
val 22000/25901
val 24000/25901
train 0/103604
train 2000/103604
train 4000/103604
train 6000/103604
train 8000/103604
train 10000/103604
train 12000/103604
train 14000/103604
train 16000/103604
train 18000/103604
train 20000/103604
train 22000/103604
train 24000/103604
train 26000/103604
train 28000/103604
train 30000/103604
train 32000/103604
train 34000/103604
train 36000/103604
train 38000/103604
train 40000/103604
train 42000/103604
train 44000/103604
train 46000/103604
train 48000/103604
train 50000/103604
train 52000/103604
train 54000/103604
train 56000/103604
train 58000/103604
train 60000/103604
train 62000/103604
train 64000/103604
train 66000/103604
train 68000/103604
train 70000/103604
train 72000/103604
train 74000/103604
train 76000/103604
train 78000/103604
train 80000/103604
train 82000/103604
train 84000/103604
train 86000/103604
train 88000/103604
train 90000/103604
train 92000/103604
train 94000/103604
train 96000/103604
train 98000/103604
train 100000/103604
train 102000/103604
val 0/25901
val 2000/25901
val 4000/25901
val 6000/25901
val 8000/25901
val 10000/25901
val 12000/25901
val 14000/25901
val 16000/25901
val 18000/25901
val 20000/25901
val 22000/25901
val 24000/25901
train 0/103604
train 2000/103604
train 4000/103604
train 6000/103604
train 8000/103604
train 10000/103604
train 12000/103604
train 14000/103604
train 16000/103604
train 18000/103604
train 20000/103604
train 22000/103604
train 24000/103604
train 26000/103604
train 28000/103604
train 30000/103604
train 32000/103604
train 34000/103604
train 36000/103604
train 38000/103604
train 40000/103604
train 42000/103604
train 44000/103604
train 46000/103604
train 48000/103604
train 50000/103604
train 52000/103604
train 54000/103604
train 56000/103604
train 58000/103604
train 60000/103604
train 62000/103604
train 64000/103604
train 66000/103604
train 68000/103604
train 70000/103604
train 72000/103604
train 74000/103604
train 76000/103604
train 78000/103604
train 80000/103604
train 82000/103604
train 84000/103604
train 86000/103604
train 88000/103604
train 90000/103604
train 92000/103604
train 94000/103604
train 96000/103604
train 98000/103604
train 100000/103604
train 102000/103604
val 0/25901
val 2000/25901
val 4000/25901
val 6000/25901
val 8000/25901
val 10000/25901
val 12000/25901
val 14000/25901
val 16000/25901
val 18000/25901
val 20000/25901
val 22000/25901
val 24000/25901
train 0/103604
train 2000/103604
train 4000/103604
train 6000/103604
train 8000/103604
train 10000/103604
train 12000/103604
train 14000/103604
train 16000/103604
train 18000/103604
train 20000/103604
train 22000/103604
train 24000/103604
train 26000/103604
train 28000/103604
train 30000/103604
train 32000/103604
train 34000/103604
train 36000/103604
train 38000/103604
train 40000/103604
train 42000/103604
train 44000/103604
train 46000/103604
train 48000/103604
train 50000/103604
train 52000/103604
train 54000/103604
train 56000/103604
train 58000/103604
train 60000/103604
train 62000/103604
train 64000/103604
train 66000/103604
train 68000/103604
train 70000/103604
train 72000/103604
train 74000/103604
train 76000/103604
train 78000/103604
train 80000/103604
train 82000/103604
train 84000/103604
train 86000/103604
train 88000/103604
train 90000/103604
train 92000/103604
train 94000/103604
train 96000/103604
train 98000/103604
train 100000/103604
train 102000/103604
val 0/25901
val 2000/25901
val 4000/25901
val 6000/25901
val 8000/25901
val 10000/25901
val 12000/25901
val 14000/25901
val 16000/25901
val 18000/25901
val 20000/25901
val 22000/25901
val 24000/25901
train 0/103604
train 2000/103604
train 4000/103604
train 6000/103604
train 8000/103604
train 10000/103604
train 12000/103604
train 14000/103604
train 16000/103604
train 18000/103604
train 20000/103604
train 22000/103604
train 24000/103604
train 26000/103604
train 28000/103604
train 30000/103604
train 32000/103604
train 34000/103604
train 36000/103604
train 38000/103604
train 40000/103604
train 42000/103604
train 44000/103604
train 46000/103604
train 48000/103604
train 50000/103604
train 52000/103604
train 54000/103604
train 56000/103604
train 58000/103604
train 60000/103604
train 62000/103604
train 64000/103604
train 66000/103604
train 68000/103604
train 70000/103604
train 72000/103604
train 74000/103604
train 76000/103604
train 78000/103604
train 80000/103604
train 82000/103604
train 84000/103604
train 86000/103604
train 88000/103604
train 90000/103604
train 92000/103604
train 94000/103604
train 96000/103604
train 98000/103604
train 100000/103604
train 102000/103604
val 0/25901
val 2000/25901
val 4000/25901
val 6000/25901
val 8000/25901
val 10000/25901
val 12000/25901
val 14000/25901
val 16000/25901
val 18000/25901
val 20000/25901
val 22000/25901
val 24000/25901
Trial 06/10 | val_loss = 109.413617 | config = {'batch_size': 10, 'first_out': 64, 'grid_size': 17, 'lr': 0.003146730406166004}

Best configuration found so far: 
{'batch_size': 100, 'first_out': 8, 'grid_size': 17, 'lr': 6.57610719282754e-05}
Validation loss: 2.337034
train 0/10361
train 2000/10361
train 4000/10361
train 6000/10361
train 8000/10361
train 10000/10361
val 0/2591
val 2000/2591
train 0/10361
train 2000/10361
train 4000/10361
train 6000/10361
train 8000/10361
train 10000/10361
val 0/2591
val 2000/2591
train 0/10361
train 2000/10361
train 4000/10361
train 6000/10361
train 8000/10361
train 10000/10361
val 0/2591
val 2000/2591
train 0/10361
train 2000/10361
train 4000/10361
train 6000/10361
train 8000/10361
train 10000/10361
val 0/2591
val 2000/2591
train 0/10361
train 2000/10361
train 4000/10361
train 6000/10361
train 8000/10361
train 10000/10361
val 0/2591
val 2000/2591
Trial 07/10 | val_loss = 109.587150 | config = {'batch_size': 100, 'first_out': 64, 'grid_size': 17, 'lr': 0.008626905220714902}

Best configuration found so far: 
{'batch_size': 100, 'first_out': 8, 'grid_size': 17, 'lr': 6.57610719282754e-05}
Validation loss: 2.337034
train 0/99456
train 2000/99456
train 4000/99456
train 6000/99456
train 8000/99456
train 10000/99456
train 12000/99456
train 14000/99456
train 16000/99456
train 18000/99456
train 20000/99456
train 22000/99456
train 24000/99456
train 26000/99456
train 28000/99456
train 30000/99456
train 32000/99456
train 34000/99456
train 36000/99456
train 38000/99456
train 40000/99456
train 42000/99456
train 44000/99456
train 46000/99456
train 48000/99456
train 50000/99456
train 52000/99456
train 54000/99456
train 56000/99456
train 58000/99456
train 60000/99456
train 62000/99456
train 64000/99456
train 66000/99456
train 68000/99456
train 70000/99456
train 72000/99456
train 74000/99456
train 76000/99456
train 78000/99456
train 80000/99456
train 82000/99456
train 84000/99456
train 86000/99456
train 88000/99456
train 90000/99456
train 92000/99456
train 94000/99456
train 96000/99456
train 98000/99456
val 0/24864
val 2000/24864
val 4000/24864
val 6000/24864
val 8000/24864
val 10000/24864
val 12000/24864
val 14000/24864
val 16000/24864
val 18000/24864
val 20000/24864
val 22000/24864
val 24000/24864
train 0/99456
train 2000/99456
train 4000/99456
train 6000/99456
train 8000/99456
train 10000/99456
train 12000/99456
train 14000/99456
train 16000/99456
train 18000/99456
train 20000/99456
train 22000/99456
train 24000/99456
train 26000/99456
train 28000/99456
train 30000/99456
train 32000/99456
train 34000/99456
train 36000/99456
train 38000/99456
train 40000/99456
train 42000/99456
train 44000/99456
train 46000/99456
train 48000/99456
train 50000/99456
train 52000/99456
train 54000/99456
train 56000/99456
train 58000/99456
train 60000/99456
train 62000/99456
train 64000/99456
train 66000/99456
train 68000/99456
train 70000/99456
train 72000/99456
train 74000/99456
train 76000/99456
train 78000/99456
train 80000/99456
train 82000/99456
train 84000/99456
train 86000/99456
train 88000/99456
train 90000/99456
train 92000/99456
train 94000/99456
train 96000/99456
train 98000/99456
val 0/24864
val 2000/24864
val 4000/24864
val 6000/24864
val 8000/24864
val 10000/24864
val 12000/24864
val 14000/24864
val 16000/24864
val 18000/24864
val 20000/24864
val 22000/24864
val 24000/24864
train 0/99456
train 2000/99456
train 4000/99456
train 6000/99456
train 8000/99456
train 10000/99456
train 12000/99456
train 14000/99456
train 16000/99456
train 18000/99456
train 20000/99456
train 22000/99456
train 24000/99456
train 26000/99456
train 28000/99456
train 30000/99456
train 32000/99456
train 34000/99456
train 36000/99456
train 38000/99456
train 40000/99456
train 42000/99456
train 44000/99456
train 46000/99456
train 48000/99456
train 50000/99456
train 52000/99456
train 54000/99456
train 56000/99456
train 58000/99456
train 60000/99456
train 62000/99456
train 64000/99456
train 66000/99456
train 68000/99456
train 70000/99456
train 72000/99456
train 74000/99456
train 76000/99456
train 78000/99456
train 80000/99456
train 82000/99456
train 84000/99456
train 86000/99456
train 88000/99456
train 90000/99456
train 92000/99456
train 94000/99456
train 96000/99456
train 98000/99456
val 0/24864
val 2000/24864
val 4000/24864
val 6000/24864
val 8000/24864
val 10000/24864
val 12000/24864
val 14000/24864
val 16000/24864
val 18000/24864
val 20000/24864
val 22000/24864
val 24000/24864
train 0/99456
train 2000/99456
train 4000/99456
train 6000/99456
train 8000/99456
train 10000/99456
train 12000/99456
train 14000/99456
train 16000/99456
train 18000/99456
train 20000/99456
train 22000/99456
train 24000/99456
train 26000/99456
train 28000/99456
train 30000/99456
train 32000/99456
train 34000/99456
train 36000/99456
train 38000/99456
train 40000/99456
train 42000/99456
train 44000/99456
train 46000/99456
train 48000/99456
train 50000/99456
train 52000/99456
train 54000/99456
train 56000/99456
train 58000/99456
train 60000/99456
train 62000/99456
train 64000/99456
train 66000/99456
train 68000/99456
train 70000/99456
train 72000/99456
train 74000/99456
train 76000/99456
train 78000/99456
train 80000/99456
train 82000/99456
train 84000/99456
train 86000/99456
train 88000/99456
train 90000/99456
train 92000/99456
train 94000/99456
train 96000/99456
train 98000/99456
val 0/24864
val 2000/24864
val 4000/24864
val 6000/24864
val 8000/24864
val 10000/24864
val 12000/24864
val 14000/24864
val 16000/24864
val 18000/24864
val 20000/24864
val 22000/24864
val 24000/24864
train 0/99456
train 2000/99456
train 4000/99456
train 6000/99456
train 8000/99456
train 10000/99456
train 12000/99456
train 14000/99456
train 16000/99456
train 18000/99456
train 20000/99456
train 22000/99456
train 24000/99456
train 26000/99456
train 28000/99456
train 30000/99456
train 32000/99456
train 34000/99456
train 36000/99456
train 38000/99456
train 40000/99456
train 42000/99456
train 44000/99456
train 46000/99456
train 48000/99456
train 50000/99456
train 52000/99456
train 54000/99456
train 56000/99456
train 58000/99456
train 60000/99456
train 62000/99456
train 64000/99456
train 66000/99456
train 68000/99456
train 70000/99456
train 72000/99456
train 74000/99456
train 76000/99456
train 78000/99456
train 80000/99456
train 82000/99456
train 84000/99456
train 86000/99456
train 88000/99456
train 90000/99456
train 92000/99456
train 94000/99456
train 96000/99456
train 98000/99456
val 0/24864
val 2000/24864
val 4000/24864
val 6000/24864
val 8000/24864
val 10000/24864
val 12000/24864
val 14000/24864
val 16000/24864
val 18000/24864
val 20000/24864
val 22000/24864
val 24000/24864
Trial 08/10 | val_loss = 2.128779 | config = {'batch_size': 10, 'first_out': 16, 'grid_size': 21, 'lr': 0.0021957734465394563}

Best configuration found so far: 
{'batch_size': 10,
 'first_out': 16,
 'grid_size': 21,
 'lr': 0.0021957734465394563}
Validation loss: 2.128779
train 0/10361
train 2000/10361
train 4000/10361
train 6000/10361
train 8000/10361
train 10000/10361
val 0/2591
val 2000/2591
train 0/10361
train 2000/10361
train 4000/10361
train 6000/10361
train 8000/10361
train 10000/10361
val 0/2591
val 2000/2591
train 0/10361
train 2000/10361
train 4000/10361
train 6000/10361
train 8000/10361
train 10000/10361
val 0/2591
val 2000/2591
train 0/10361
train 2000/10361
train 4000/10361
train 6000/10361
train 8000/10361
train 10000/10361
val 0/2591
val 2000/2591
train 0/10361
train 2000/10361
train 4000/10361
train 6000/10361
train 8000/10361
train 10000/10361
val 0/2591
val 2000/2591
Trial 09/10 | val_loss = 2.497424 | config = {'batch_size': 100, 'first_out': 64, 'grid_size': 17, 'lr': 0.0005572619319129035}

Best configuration found so far: 
{'batch_size': 10,
 'first_out': 16,
 'grid_size': 21,
 'lr': 0.0021957734465394563}
Validation loss: 2.128779
train 0/20721
train 2000/20721
train 4000/20721
train 6000/20721
train 8000/20721
train 10000/20721
train 12000/20721
train 14000/20721
train 16000/20721
train 18000/20721
train 20000/20721
val 0/5181
val 2000/5181
val 4000/5181
train 0/20721
train 2000/20721
train 4000/20721
train 6000/20721
train 8000/20721
train 10000/20721
train 12000/20721
train 14000/20721
train 16000/20721
train 18000/20721
train 20000/20721
val 0/5181
val 2000/5181
val 4000/5181
train 0/20721
train 2000/20721
train 4000/20721
train 6000/20721
train 8000/20721
train 10000/20721
train 12000/20721
train 14000/20721
train 16000/20721
train 18000/20721
train 20000/20721
val 0/5181
val 2000/5181
val 4000/5181
train 0/20721
train 2000/20721
train 4000/20721
train 6000/20721
train 8000/20721
train 10000/20721
train 12000/20721
train 14000/20721
train 16000/20721
train 18000/20721
train 20000/20721
val 0/5181
val 2000/5181
val 4000/5181
train 0/20721
train 2000/20721
train 4000/20721
train 6000/20721
train 8000/20721
train 10000/20721
train 12000/20721
train 14000/20721
train 16000/20721
train 18000/20721
train 20000/20721
val 0/5181
val 2000/5181
val 4000/5181
Trial 10/10 | val_loss = 8.750553 | config = {'batch_size': 50, 'first_out': 64, 'grid_size': 17, 'lr': 0.00036774346621052127}

Best configuration found so far: 
{'batch_size': 10,
 'first_out': 16,
 'grid_size': 21,
 'lr': 0.0021957734465394563}
Validation loss: 2.128779

Best configuration found
{'batch_size': 10,
 'first_out': 16,
 'grid_size': 21,
 'lr': 0.0021957734465394563}
Validation loss: 2.128779
hp_tuning executed

scontrol show job 618963
JobId=618963 JobName=hp_tuning_UNET
   UserId=kostouso(3148724) GroupId=ngrisoua(6002522) MCS_label=N/A
   Priority=161243 Nice=0 Account=def-ngrisoua QOS=normal
   JobState=COMPLETING Reason=None Dependency=(null)
   Requeue=0 Restarts=0 BatchFlag=1 Reboot=0 ExitCode=0:0
   RunTime=11:04:09 TimeLimit=1-00:00:00 TimeMin=N/A
   SubmitTime=2025-06-12T13:35:28 EligibleTime=2025-06-12T13:35:28
   AccrueTime=2025-06-12T13:35:28
   StartTime=2025-06-12T14:17:02 EndTime=2025-06-13T01:21:11 Deadline=N/A
   SuspendTime=None SecsPreSuspend=0 LastSchedEval=2025-06-12T14:17:02 Scheduler=Backfill
   Partition=compute AllocNode:Sid=mist-login01:2292315
   ReqNodeList=(null) ExcNodeList=(null)
   NodeList=mist043
   BatchHost=mist043
   NumNodes=1 NumCPUs=8 NumTasks=1 CPUs/Task=8 ReqB:S:C:T=0:0:*:*
   ReqTRES=cpu=8,mem=58800M,node=1,billing=1,gres/gpu=1
   AllocTRES=cpu=8,mem=58800M,node=1,billing=1,gres/gpu=1
   Socks/Node=* NtasksPerN:B:S:C=0:0:*:* CoreSpec=*
   MinCPUsNode=8 MinMemoryNode=58800M MinTmpDiskNode=0
   Features=(null) DelayBoot=00:00:00
   OverSubscribe=OK Contiguous=0 Licenses=(null) Network=(null)
   Command=/gpfs/fs0/scratch/n/ngrisoua/kostouso/OceanPropInfSatImgScratch/OceanPropInfSatImg/jobs/hp_tuning_UNET.slurm
   WorkDir=/gpfs/fs0/scratch/n/ngrisoua/kostouso/OceanPropInfSatImgScratch/OceanPropInfSatImg
   Comment=/opt/slurm/bin/sbatch --export=NONE jobs/hp_tuning_UNET.slurm 
   StdErr=/scratch/n/ngrisoua/kostouso/logs/hp_tuning_UNET_618963.out
   StdIn=/dev/null
   StdOut=/scratch/n/ngrisoua/kostouso/logs/hp_tuning_UNET_618963.out
   TresPerNode=gres/gpu:1
   TresPerTask=cpu=8
   

sacct -j 618963
JobID           JobName    Account    Elapsed  MaxVMSize     MaxRSS  SystemCPU    UserCPU ExitCode 
------------ ---------- ---------- ---------- ---------- ---------- ---------- ---------- -------- 
618963       hp_tuning+ def-ngris+   11:04:09                         00:00:00   00:00:00      0:0 
618963.batch      batch def-ngris+   11:04:09                         00:00:00   00:00:00      0:0 
618963.exte+     extern def-ngris+   11:04:09                         00:00:00   00:00:00      0:0 
